Archive member included to satisfy reference by file (symbol)

/opt/devkitpro/devkitARM/bin/../lib/gcc/arm-none-eabi/15.1.0/thumb/libgcc.a(_aeabi_ldivmod.o)
                              bn_hw_text.o (__aeabi_ldivmod)
/opt/devkitpro/devkitARM/bin/../lib/gcc/arm-none-eabi/15.1.0/thumb/libgcc.a(_aeabi_uldivmod.o)
                              bn_hw_text.o (__aeabi_uldivmod)
/opt/devkitpro/devkitARM/bin/../lib/gcc/arm-none-eabi/15.1.0/thumb/libgcc.a(_sync_none.o)
                              (__sync_synchronize_none)
/opt/devkitpro/devkitARM/bin/../lib/gcc/arm-none-eabi/15.1.0/thumb/libgcc.a(_udivmoddi4.o)
                              /opt/devkitpro/devkitARM/bin/../lib/gcc/arm-none-eabi/15.1.0/thumb/libgcc.a(_aeabi_ldivmod.o) (__udivmoddi4)

Discarded input sections

 .text          0x00000000        0x0 /opt/devkitpro/devkitARM/bin/../lib/gcc/arm-none-eabi/15.1.0/../../../../arm-none-eabi/lib/thumb/gba_crt0.o
 .data          0x00000000        0x0 /opt/devkitpro/devkitARM/bin/../lib/gcc/arm-none-eabi/15.1.0/../../../../arm-none-eabi/lib/thumb/gba_crt0.o
 .bss           0x00000000        0x0 /opt/devkitpro/devkitARM/bin/../lib/gcc/arm-none-eabi/15.1.0/../../../../arm-none-eabi/lib/thumb/gba_crt0.o
 .text          0x00000000        0x0 /opt/devkitpro/devkitARM/bin/../lib/gcc/arm-none-eabi/15.1.0/thumb/crti.o
 .data          0x00000000        0x0 /opt/devkitpro/devkitARM/bin/../lib/gcc/arm-none-eabi/15.1.0/thumb/crti.o
 .bss           0x00000000        0x0 /opt/devkitpro/devkitARM/bin/../lib/gcc/arm-none-eabi/15.1.0/thumb/crti.o
 .text          0x00000000        0x0 /opt/devkitpro/devkitARM/bin/../lib/gcc/arm-none-eabi/15.1.0/thumb/crtbegin.o
 .data          0x00000000        0x0 /opt/devkitpro/devkitARM/bin/../lib/gcc/arm-none-eabi/15.1.0/thumb/crtbegin.o
 .bss           0x00000000        0x0 /opt/devkitpro/devkitARM/bin/../lib/gcc/arm-none-eabi/15.1.0/thumb/crtbegin.o
 .rodata.all_implied_fbits
                0x00000000       0x24 /opt/devkitpro/devkitARM/bin/../lib/gcc/arm-none-eabi/15.1.0/thumb/crtbegin.o
 .text          0x00000000        0x0 bn_audio_soundbank.bin.o
 .data          0x00000000        0x0 bn_audio_soundbank.bin.o
 .bss           0x00000000        0x0 bn_audio_soundbank.bin.o
 .text          0x00000000        0x0 akyuu_1_bn_gfx.o
 .data          0x00000000        0x0 akyuu_1_bn_gfx.o
 .bss           0x00000000        0x0 akyuu_1_bn_gfx.o
 .rodata        0x00000000      0x460 akyuu_1_bn_gfx.o
 .text          0x00000000        0x0 akyuu_1s_bn_gfx.o
 .data          0x00000000        0x0 akyuu_1s_bn_gfx.o
 .bss           0x00000000        0x0 akyuu_1s_bn_gfx.o
 .rodata        0x00000000      0x460 akyuu_1s_bn_gfx.o
 .text          0x00000000        0x0 akyuu_2_bn_gfx.o
 .data          0x00000000        0x0 akyuu_2_bn_gfx.o
 .bss           0x00000000        0x0 akyuu_2_bn_gfx.o
 .rodata        0x00000000      0x460 akyuu_2_bn_gfx.o
 .text          0x00000000        0x0 akyuu_2s_bn_gfx.o
 .data          0x00000000        0x0 akyuu_2s_bn_gfx.o
 .bss           0x00000000        0x0 akyuu_2s_bn_gfx.o
 .rodata        0x00000000      0x460 akyuu_2s_bn_gfx.o
 .text          0x00000000        0x0 cirno_spritesheet_bn_gfx.o
 .data          0x00000000        0x0 cirno_spritesheet_bn_gfx.o
 .bss           0x00000000        0x0 cirno_spritesheet_bn_gfx.o
 .rodata        0x00000000     0x1040 cirno_spritesheet_bn_gfx.o
 .text          0x00000000        0x0 ice_block_bn_gfx.o
 .data          0x00000000        0x0 ice_block_bn_gfx.o
 .bss           0x00000000        0x0 ice_block_bn_gfx.o
 .rodata        0x00000000      0x220 ice_block_bn_gfx.o
 .text          0x00000000        0x0 portal_spritesheet_bn_gfx.o
 .data          0x00000000        0x0 portal_spritesheet_bn_gfx.o
 .bss           0x00000000        0x0 portal_spritesheet_bn_gfx.o
 .rodata        0x00000000      0x620 portal_spritesheet_bn_gfx.o
 .text          0x00000000        0x0 reimu_idle_spritesheet_bn_gfx.o
 .data          0x00000000        0x0 reimu_idle_spritesheet_bn_gfx.o
 .bss           0x00000000        0x0 reimu_idle_spritesheet_bn_gfx.o
 .text          0x00000000        0x0 reimu_jump_spritesheet_bn_gfx.o
 .data          0x00000000        0x0 reimu_jump_spritesheet_bn_gfx.o
 .bss           0x00000000        0x0 reimu_jump_spritesheet_bn_gfx.o
 .rodata        0x00000000      0x420 reimu_jump_spritesheet_bn_gfx.o
 .text          0x00000000        0x0 screen1n_bn_gfx.o
 .data          0x00000000        0x0 screen1n_bn_gfx.o
 .bss           0x00000000        0x0 screen1n_bn_gfx.o
 .text          0x00000000        0x0 screen2n_bn_gfx.o
 .data          0x00000000        0x0 screen2n_bn_gfx.o
 .bss           0x00000000        0x0 screen2n_bn_gfx.o
 .rodata        0x00000000      0xe20 screen2n_bn_gfx.o
 .text          0x00000000        0x0 yukari_spritesheet_bn_gfx.o
 .data          0x00000000        0x0 yukari_spritesheet_bn_gfx.o
 .bss           0x00000000        0x0 yukari_spritesheet_bn_gfx.o
[...]
Memory Configuration

Name             Origin             Length             Attributes
rom              0x08000000         0x02000000
iwram            0x03000000         0x00008000
ewram            0x02000000         0x00040000
*default*        0x00000000         0xffffffff

Linker script and memory map

                0x00000000                        __sync_synchronize = __sync_synchronize_none
                0x08000000                        __text_start = ORIGIN (rom)
                0x02040000                        __eheap_end = (ORIGIN (ewram) + LENGTH (ewram))
                0x03000000                        __iwram_start = ORIGIN (iwram)
                0x03008000                        __iwram_top = (ORIGIN (iwram) + LENGTH (iwram))
                0x03007fa0                        __sp_irq = (__iwram_top - 0x60)
                0x03007f00                        __sp_usr = (__sp_irq - 0xa0)
                0x03007ff8                        __irq_flags = 0x3007ff8
                0x08000000                        . = __text_start

.crt0           0x08000000      0x210
 *(.crt0)
 .crt0          0x08000000      0x210 /opt/devkitpro/devkitARM/bin/../lib/gcc/arm-none-eabi/15.1.0/../../../../arm-none-eabi/lib/thumb/gba_crt0.o
                0x08000000                _start
                0x080000c4                __boot_method
                0x080000c5                __slave_number
                0x080000e0                start_vector
                0x08000210                        . = ALIGN (0x4)

.init           0x08000210        0xc
 *(SORT_NONE(.init))
 .init          0x08000210        0x4 /opt/devkitpro/devkitARM/bin/../lib/gcc/arm-none-eabi/15.1.0/thumb/crti.o
                0x08000210                _init
 .init          0x08000214        0x8 /opt/devkitpro/devkitARM/bin/../lib/gcc/arm-none-eabi/15.1.0/thumb/crtn.o

.plt            0x0800021c        0x0
 *(.plt)
                0x0800021c                        . = ALIGN (0x4)

.text           0x08000220    0x13ee0
 *(EXCLUDE_FILE(*.iwram*) .text*)
 .text.__do_global_dtors_aux
                0x08000220       0x2c /opt/devkitpro/devkitARM/bin/../lib/gcc/arm-none-eabi/15.1.0/thumb/crtbegin.o
 .text.frame_dummy
                0x0800024c       0x24 /opt/devkitpro/devkitARM/bin/../lib/gcc/arm-none-eabi/15.1.0/thumb/crtbegin.o
 .text.startup.main
                0x08000270       0x50 main.o
                0x08000270                main
 .text._ZN3rra11sprite_anim10reimu_animEiiii
                0x080002c0       0x58 sprite_animations.o
                0x080002c0                rra::sprite_anim::reimu_anim(int, int, int, int)
 .text._ZN2bn13ostringstream11append_argsIiJA4_ciEEEvRKT_DpRKT0_.isra.0
                0x08000318       0x24 bn_affine_bg_animate_actions.o
 .text._ZN3_bn6assert9show_argsIJA23_ciA4_ciEEEvPKcS5_S5_iDpRKT_
                0x0800033c       0x58 bn_affine_bg_animate_actions.o
                0x0800033c                void _bn::assert::show_args<char [23], int, char [4], int>(char const*, char const*, char const*, int, char const (&) [23], int const&, char const (&) [4], int const&)
 .text._ZN3_bn6assert9show_argsIA15_cEEvPKcS4_S4_iRKT_
                0x08000394       0x48 bn_affine_bg_animate_actions.o
                0x08000394                void _bn::assert::show_args<char [15]>(char const*, char const*, char const*, int, char const (&) [15])
 .text._ZN3_bn6assert9show_argsIA24_ciEEvPKcS4_S4_iRKT_RKT0_
                0x080003dc       0x54 bn_affine_bg_animate_actions.o
                0x080003dc                void _bn::assert::show_args<char [24], int>(char const*, char const*, char const*, int, char const (&) [24], int const&)
 .text._ZN3_bn6assert9show_argsIJA19_ciA4_ciEEEvPKcS5_S5_iDpRKT_
                0x08000430       0x58 bn_affine_bg_animate_actions.o
                0x08000430                void _bn::assert::show_args<char [19], int, char [4], int>(char const*, char const*, char const*, int, char const (&) [19], int const&, char const (&) [4], int const&)
 .text._ZN2bn13audio_manager4initEv
                0x08000488       0x60 bn_audio_manager.bn_noflto.o
                0x08000488                bn::audio_manager::init()
 .text._ZN2bn13audio_manager7disableEv
                0x080004e8       0x10 bn_audio_manager.bn_noflto.o
                0x080004e8                bn::audio_manager::disable()
 .text._ZN2bn13audio_manager10sound_dataEt
                0x080004f8       0x6c bn_audio_manager.bn_noflto.o
                0x080004f8                bn::audio_manager::sound_data(unsigned short)
 .text._ZN2bn13audio_manager6updateEv
                0x08000564       0x18 bn_audio_manager.bn_noflto.o
                0x08000564                bn::audio_manager::update()
 .text._ZN2bn13audio_manager13vblank_commitEv
                0x0800057c       0x2c bn_audio_manager.bn_noflto.o
                0x0800057c                bn::audio_manager::vblank_commit()
 .text._ZN2bn13audio_manager14delayed_commitEv
                0x080005a8       0x34 bn_audio_manager.bn_noflto.o
                0x080005a8                bn::audio_manager::delayed_commit()
 .text._ZN2bn13audio_manager4stopEv
                0x080005dc       0x78 bn_audio_manager.bn_noflto.o
                0x080005dc                bn::audio_manager::stop()
 .text._ZN3_bn6assert9show_argsIA18_ciEEvPKcS4_S4_iRKT_RKT0_
                0x08000654       0x54 bn_audio_manager.bn_noflto.o
                0x08000654                void _bn::assert::show_args<char [18], int>(char const*, char const*, char const*, int, char const (&) [18], int const&)
 .text._ZN3_bn6assert9show_argsIA14_ciEEvPKcS4_S4_iRKT_RKT0_
                0x080006a8       0x54 bn_audio_manager.bn_noflto.o
                0x080006a8                void _bn::assert::show_args<char [14], int>(char const*, char const*, char const*, int, char const (&) [14], int const&)
 .text._ZN3_bn6assert9show_argsIA26_ciEEvPKcS4_S4_iRKT_RKT0_
                0x080006fc       0x54 bn_audio_manager.bn_noflto.o
                0x080006fc                void _bn::assert::show_args<char [26], int>(char const*, char const*, char const*, int, char const (&) [26], int const&)
 .text._ZN3_bn6assert9show_argsIA33_cEEvPKcS4_S4_iRKT_
                0x08000750       0x48 bn_audio_manager.bn_noflto.o
                0x08000750                void _bn::assert::show_args<char [33]>(char const*, char const*, char const*, int, char const (&) [33])
 .text._ZN3_bn6assert9show_argsIA25_cEEvPKcS4_S4_iRKT_
                0x08000798       0x48 bn_audio_manager.bn_noflto.o
                0x08000798                void _bn::assert::show_args<char [25]>(char const*, char const*, char const*, int, char const (&) [25])
 .text._ZN3_bn6assert9show_argsIA20_cEEvPKcS4_S4_iRKT_
                0x080007e0       0x48 bn_audio_manager.bn_noflto.o
                0x080007e0                void _bn::assert::show_args<char [20]>(char const*, char const*, char const*, int, char const (&) [20])
 .text._ZN3_bn6assert9show_argsIA26_cEEvPKcS4_S4_iRKT_
                0x08000828       0x48 bn_audio_manager.bn_noflto.o
                0x08000828                void _bn::assert::show_args<char [26]>(char const*, char const*, char const*, int, char const (&) [26])
 .text._ZN3_bn6assert9show_argsIA21_cEEvPKcS4_S4_iRKT_
                0x08000870       0x48 bn_audio_manager.bn_noflto.o
                0x08000870                void _bn::assert::show_args<char [21]>(char const*, char const*, char const*, int, char const (&) [21])
 .text._ZN3_bn6assert9show_argsIA22_cEEvPKcS4_S4_iRKT_
                0x080008b8       0x48 bn_audio_manager.bn_noflto.o
                0x080008b8                void _bn::assert::show_args<char [22]>(char const*, char const*, char const*, int, char const (&) [22])
 .text._ZN3_bn6assert9show_argsIA25_ciEEvPKcS4_S4_iRKT_RKT0_
                0x08000900       0x54 bn_audio_manager.bn_noflto.o
                0x08000900                void _bn::assert::show_args<char [25], int>(char const*, char const*, char const*, int, char const (&) [25], int const&)
 .text._ZN2bn13audio_manager16execute_commandsEv
                0x08000954      0x788 bn_audio_manager.bn_noflto.o
                0x08000954                bn::audio_manager::execute_commands()
 .text._ZN3_bn6assert9show_argsIA17_cEEvPKcS4_S4_iRKT_
                0x080010dc       0x48 bn_audio_manager.bn_noflto.o
                0x080010dc                void _bn::assert::show_args<char [17]>(char const*, char const*, char const*, int, char const (&) [17])
 .text.startup._GLOBAL__sub_I__ZN2bn5audio22available_mixing_ratesEv
                0x08001124       0x98 bn_audio_manager.bn_noflto.o
 .text._ZN2bn18best_fit_allocator4freeEPv
                0x080011bc      0x110 bn_best_fit_allocator.o
                0x080011bc                bn::best_fit_allocator::free(void*)
 .text._ZN3_bn6assert9show_argsIA23_cEEvPKcS4_S4_iRKT_
                0x080012cc       0x48 bn_best_fit_allocator.o
                0x080012cc                void _bn::assert::show_args<char [23]>(char const*, char const*, char const*, int, char const (&) [23])
 .text._ZN2bn18best_fit_allocatorD2Ev
                0x08001314       0x38 bn_best_fit_allocator.o
                0x08001314                bn::best_fit_allocator::~best_fit_allocator()
                0x08001314                bn::best_fit_allocator::~best_fit_allocator()
 .text._ZN3_bn6assert9show_argsIA16_ciEEvPKcS4_S4_iRKT_RKT0_
                0x0800134c       0x54 bn_best_fit_allocator.o
                0x0800134c                void _bn::assert::show_args<char [16], int>(char const*, char const*, char const*, int, char const (&) [16], int const&)
 .text._ZN3_bn6assert9show_argsIA14_cEEvPKcS4_S4_iRKT_
                0x080013a0       0x48 bn_best_fit_allocator.o
                0x080013a0                void _bn::assert::show_args<char [14]>(char const*, char const*, char const*, int, char const (&) [14])
 .text._ZN2bn18best_fit_allocator5resetEPvi
                0x080013e8       0xbc bn_best_fit_allocator.o
                0x080013e8                bn::best_fit_allocator::reset(void*, int)
 .text._ZN2bn17bg_blocks_manager12_GLOBAL__N_1L17_hw_commit_offsetEPKtjtPt
                0x080014a4       0x74 bn_bg_blocks_manager.o
 .text._ZN2bn13ostringstream11append_argsIiJA4_ctEEEvRKT_DpRKT0_.isra.0
                0x08001518       0x24 bn_bg_blocks_manager.o
 .text._ZN2bn13ostringstream11append_argsIiJA4_ciEEEvRKT_DpRKT0_.isra.0
                0x0800153c       0x24 bn_bg_blocks_manager.o
 .text._ZNK2bn18regular_bg_map_ptr2idEv
                0x08001560       0x18 bn_bg_blocks_manager.o
                0x08001560                bn::regular_bg_map_ptr::id() const
 .text._ZNK2bn18regular_bg_map_ptr10dimensionsEv
                0x08001578       0x20 bn_bg_blocks_manager.o
                0x08001578                bn::regular_bg_map_ptr::dimensions() const
 .text._ZNK2bn18regular_bg_map_ptr3bigEv
                0x08001598       0x18 bn_bg_blocks_manager.o
                0x08001598                bn::regular_bg_map_ptr::big() const
 .text._ZNK2bn20regular_bg_tiles_ptr3cbbEv
                0x080015b0       0x18 bn_bg_blocks_manager.o
                0x080015b0                bn::regular_bg_tiles_ptr::cbb() const
 .text._ZNK2bn17affine_bg_map_ptr2idEv
                0x080015c8       0x18 bn_bg_blocks_manager.o
                0x080015c8                bn::affine_bg_map_ptr::id() const
 .text._ZNK2bn17affine_bg_map_ptr10dimensionsEv
                0x080015e0       0x20 bn_bg_blocks_manager.o
                0x080015e0                bn::affine_bg_map_ptr::dimensions() const
 .text._ZNK2bn19affine_bg_tiles_ptr3cbbEv
                0x08001600       0x18 bn_bg_blocks_manager.o
                0x08001600                bn::affine_bg_tiles_ptr::cbb() const
 .text._ZN2bn17bg_blocks_manager10log_statusEv
                0x08001618      0x450 bn_bg_blocks_manager.o
                0x08001618                bn::bg_blocks_manager::log_status()
 .text._ZN2bn17bg_blocks_manager15decrease_usagesEi
                0x08001a68       0x98 bn_bg_blocks_manager.o
                0x08001a68                bn::bg_blocks_manager::decrease_usages(int)
 .text._ZN2bn18regular_bg_map_ptrD2Ev
                0x08001b00       0x18 bn_bg_blocks_manager.o
                0x08001b00                bn::regular_bg_map_ptr::~regular_bg_map_ptr()
                0x08001b00                bn::regular_bg_map_ptr::~regular_bg_map_ptr()
 .text._ZN2bn17affine_bg_map_ptrD2Ev
                0x08001b18       0x18 bn_bg_blocks_manager.o
                0x08001b18                bn::affine_bg_map_ptr::~affine_bg_map_ptr()
                0x08001b18                bn::affine_bg_map_ptr::~affine_bg_map_ptr()
 .text._ZN2bn17bg_blocks_manager12_GLOBAL__N_111static_dataD2Ev
                0x08001b30       0x50 bn_bg_blocks_manager.o
 .text._ZN2bn17bg_blocks_manager12_GLOBAL__N_110items_list12insert_afterEiRKNS1_9item_typeE.constprop.0
                0x08001b80      0x268 bn_bg_blocks_manager.o
 .text._ZN2bn17bg_blocks_manager4initEv
                0x08001de8       0x90 bn_bg_blocks_manager.o
                0x08001de8                bn::bg_blocks_manager::init()
 .text._ZN2bn17bg_blocks_manager11must_commitEi
                0x08001e78       0x18 bn_bg_blocks_manager.o
                0x08001e78                bn::bg_blocks_manager::must_commit(int)
 .text._ZN2bn17bg_blocks_manager6updateEv
                0x08001e90      0x260 bn_bg_blocks_manager.o
                0x08001e90                bn::bg_blocks_manager::update()
 .text._ZN3_bn6assert9show_argsIA15_ciEEvPKcS4_S4_iRKT_RKT0_
                0x080020f0       0x54 bn_bg_blocks_manager.o
                0x080020f0                void _bn::assert::show_args<char [15], int>(char const*, char const*, char const*, int, char const (&) [15], int const&)
 .text._ZN3_bn6assert9show_argsIA52_ctEEvPKcS4_S4_iRKT_RKT0_
                0x08002144       0x54 bn_bg_blocks_manager.o
                0x08002144                void _bn::assert::show_args<char [52], unsigned short>(char const*, char const*, char const*, int, char const (&) [52], unsigned short const&)
 .text._ZN3_bn6assert9show_argsIJA20_ciA4_ctEEEvPKcS5_S5_iDpRKT_
                0x08002198       0x58 bn_bg_blocks_manager.o
                0x08002198                void _bn::assert::show_args<char [20], int, char [4], unsigned short>(char const*, char const*, char const*, int, char const (&) [20], int const&, char const (&) [4], unsigned short const&)
 .text._ZN3_bn6assert9show_argsIJA22_ciA4_ciEEEvPKcS5_S5_iDpRKT_
                0x080021f0       0x58 bn_bg_blocks_manager.o
                0x080021f0                void _bn::assert::show_args<char [22], int, char [4], int>(char const*, char const*, char const*, int, char const (&) [22], int const&, char const (&) [4], int const&)
 .text._ZN3_bn6assert9show_argsIJA58_ciA4_ciEEEvPKcS5_S5_iDpRKT_
                0x08002248       0x58 bn_bg_blocks_manager.o
                0x08002248                void _bn::assert::show_args<char [58], int, char [4], int>(char const*, char const*, char const*, int, char const (&) [58], int const&, char const (&) [4], int const&)
 .text._ZN3_bn6assert9show_argsIA38_cEEvPKcS4_S4_iRKT_
                0x080022a0       0x48 bn_bg_blocks_manager.o
                0x080022a0                void _bn::assert::show_args<char [38]>(char const*, char const*, char const*, int, char const (&) [38])
 .text._ZN3_bn6assert9show_argsIA27_ciEEvPKcS4_S4_iRKT_RKT0_
                0x080022e8       0x54 bn_bg_blocks_manager.o
                0x080022e8                void _bn::assert::show_args<char [27], int>(char const*, char const*, char const*, int, char const (&) [27], int const&)
 .text._ZN2bn17bg_blocks_manager12_GLOBAL__N_1L10_hw_commitEPKtNS_16compression_typeEibPt
                0x0800233c       0x68 bn_bg_blocks_manager.o
 .text._ZN3_bn6assert9show_argsIA22_ciEEvPKcS4_S4_iRKT_RKT0_
                0x080023a4       0x54 bn_bg_blocks_manager.o
                0x080023a4                void _bn::assert::show_args<char [22], int>(char const*, char const*, char const*, int, char const (&) [22], int const&)
 .text._ZN3_bn6assert9show_argsIA19_cEEvPKcS4_S4_iRKT_
                0x080023f8       0x48 bn_bg_blocks_manager.o
                0x080023f8                void _bn::assert::show_args<char [19]>(char const*, char const*, char const*, int, char const (&) [19])
 .text._ZN2bn17bg_blocks_manager12_GLOBAL__N_1L16_find_tiles_implEPKtNS_16compression_typeEib
                0x08002440       0xf4 bn_bg_blocks_manager.o
 .text._ZN2bn17bg_blocks_manager12_GLOBAL__N_1L17_fix_blocks_countERKNS1_9item_typeEi
                0x08002534       0x78 bn_bg_blocks_manager.o
 .text._ZN3_bn6assert9show_argsIJA32_cA15_cPKtA16_ciA17_ciA34_cN2bn11string_viewEEEEvPKcSC_SC_iDpRKT_
                0x080025ac       0x90 bn_bg_blocks_manager.o
                0x080025ac                void _bn::assert::show_args<char [32], char [15], unsigned short const*, char [16], int, char [17], int, char [34], bn::string_view>(char const*, char const*, char const*, int, char const (&) [32], char const (&) [15], unsigned short const* const&, char const (&) [16], int const&, char const (&) [17], int const&, char const (&) [34], bn::string_view const&)
 .text._ZN3_bn6assert9show_argsIJA30_cA13_cPKtA14_ciA15_ciA17_ciA34_cN2bn11string_viewEEEEvPKcSD_SD_iDpRKT_
                0x0800263c       0xa0 bn_bg_blocks_manager.o
                0x0800263c                void _bn::assert::show_args<char [30], char [13], unsigned short const*, char [14], int, char [15], int, char [17], int, char [34], bn::string_view>(char const*, char const*, char const*, int, char const (&) [30], char const (&) [13], unsigned short const* const&, char const (&) [14], int const&, char const (&) [15], int const&, char const (&) [17], int const&, char const (&) [34], bn::string_view const&)
 .text._ZN3_bn6assert9show_argsIA31_cEEvPKcS4_S4_iRKT_
                0x080026dc       0x48 bn_bg_blocks_manager.o
                0x080026dc                void _bn::assert::show_args<char [31]>(char const*, char const*, char const*, int, char const (&) [31])
 .text._ZN3_bn6assert9show_argsIJA37_ciA4_ciEEEvPKcS5_S5_iDpRKT_
                0x08002724       0x58 bn_bg_blocks_manager.o
                0x08002724                void _bn::assert::show_args<char [37], int, char [4], int>(char const*, char const*, char const*, int, char const (&) [37], int const&, char const (&) [4], int const&)
 .text._ZNK2bn18regular_bg_map_ptr5tilesEv
                0x0800277c       0x48 bn_bg_blocks_manager.o
                0x0800277c                bn::regular_bg_map_ptr::tiles() const
 .text._ZNK2bn17affine_bg_map_ptr5tilesEv
                0x080027c4       0x48 bn_bg_blocks_manager.o
                0x080027c4                bn::affine_bg_map_ptr::tiles() const
 .text._ZNK2bn18regular_bg_map_ptr3bppEv
                0x0800280c       0x4c bn_bg_blocks_manager.o
                0x0800280c                bn::regular_bg_map_ptr::bpp() const
 .text._ZN2bn17bg_blocks_manager21update_affine_map_rowEiii
                0x08002858      0x15c bn_bg_blocks_manager.o
                0x08002858                bn::bg_blocks_manager::update_affine_map_row(int, int, int)
 .text._ZN2bn17bg_blocks_manager28update_affine_map_bottom_rowEiii
                0x080029b4       0x30 bn_bg_blocks_manager.o
                0x080029b4                bn::bg_blocks_manager::update_affine_map_bottom_row(int, int, int)
 .text._ZN2bn17bg_blocks_manager23set_affine_map_positionEiii
                0x080029e4      0x1f0 bn_bg_blocks_manager.o
                0x080029e4                bn::bg_blocks_manager::set_affine_map_position(int, int, int)
 .text._ZN2bn17bg_blocks_manager21update_affine_map_colEiii
                0x08002bd4      0x318 bn_bg_blocks_manager.o
                0x08002bd4                bn::bg_blocks_manager::update_affine_map_col(int, int, int)
 .text._ZN2bn17bg_blocks_manager27update_affine_map_right_colEiii
                0x08002eec       0x30 bn_bg_blocks_manager.o
                0x08002eec                bn::bg_blocks_manager::update_affine_map_right_col(int, int, int)
 .text._ZN2bn17bg_blocks_manager22update_regular_map_rowEiii
                0x08002f1c      0x19c bn_bg_blocks_manager.o
                0x08002f1c                bn::bg_blocks_manager::update_regular_map_row(int, int, int)
 .text._ZN2bn17bg_blocks_manager22update_regular_map_colEiii
                0x080030b8      0x1f0 bn_bg_blocks_manager.o
                0x080030b8                bn::bg_blocks_manager::update_regular_map_col(int, int, int)
 .text._ZN2bn17bg_blocks_manager24set_regular_map_positionEiii
                0x080032a8      0x210 bn_bg_blocks_manager.o
                0x080032a8                bn::bg_blocks_manager::set_regular_map_position(int, int, int)
 .text._ZN2bn17bg_blocks_manager33set_regular_map_tiles_and_paletteEiONS_20regular_bg_tiles_ptrEONS_14bg_palette_ptrE
                0x080034b8      0x2b4 bn_bg_blocks_manager.o
                0x080034b8                bn::bg_blocks_manager::set_regular_map_tiles_and_palette(int, bn::regular_bg_tiles_ptr&&, bn::bg_palette_ptr&&)
 .text._ZN2bn17bg_blocks_manager21set_regular_map_tilesEiONS_20regular_bg_tiles_ptrE
                0x0800376c      0x248 bn_bg_blocks_manager.o
                0x0800376c                bn::bg_blocks_manager::set_regular_map_tiles(int, bn::regular_bg_tiles_ptr&&)
 .text._ZN2bn17bg_blocks_manager23set_regular_map_paletteEiONS_14bg_palette_ptrE
                0x080039b4      0x210 bn_bg_blocks_manager.o
                0x080039b4                bn::bg_blocks_manager::set_regular_map_palette(int, bn::bg_palette_ptr&&)
 .text._ZN2bn17bg_blocks_manager12_GLOBAL__N_1L22_find_regular_map_implERKNS_19regular_bg_map_itemEPKtRKNS_20regular_bg_tiles_ptrERKNS_14bg_palette_ptrE
                0x08003bc4      0x2d0 bn_bg_blocks_manager.o
 .text._ZN2bn17bg_blocks_manager12_GLOBAL__N_1L12_commit_itemERKNS1_9item_typeEb
                0x08003e94      0x1d8 bn_bg_blocks_manager.o
 .text._ZN2bn17bg_blocks_manager19commit_uncompressedEb
                0x0800406c       0x54 bn_bg_blocks_manager.o
                0x0800406c                bn::bg_blocks_manager::commit_uncompressed(bool)
 .text._ZN2bn17bg_blocks_manager17commit_compressedEv
                0x080040c0       0x48 bn_bg_blocks_manager.o
                0x080040c0                bn::bg_blocks_manager::commit_compressed()
 .text._ZN2bn17bg_blocks_manager12_GLOBAL__N_1L12_create_itemEiibONS1_11create_dataE
                0x08004108      0x4f8 bn_bg_blocks_manager.o
 .text._ZN2bn17bg_blocks_manager12_GLOBAL__N_1L12_create_implEONS1_11create_dataE
                0x08004600      0x214 bn_bg_blocks_manager.o
 .text._ZN2bn17bg_blocks_manager20create_regular_tilesERKNS_21regular_bg_tiles_itemEb
                0x08004814      0x13c bn_bg_blocks_manager.o
                0x08004814                bn::bg_blocks_manager::create_regular_tiles(bn::regular_bg_tiles_item const&, bool)
 .text._ZN2bn17bg_blocks_manager18create_regular_mapERKNS_19regular_bg_map_itemEPKtONS_20regular_bg_tiles_ptrEONS_14bg_palette_ptrEb
                0x08004950      0x26c bn_bg_blocks_manager.o
                0x08004950                bn::bg_blocks_manager::create_regular_map(bn::regular_bg_map_item const&, unsigned short const*, bn::regular_bg_tiles_ptr&&, bn::bg_palette_ptr&&, bool)
 .text._ZN2bn18regular_bg_map_ptr6createERKNS_15regular_bg_itemEi
                0x08004bbc       0xd8 bn_bg_blocks_manager.o
                0x08004bbc                bn::regular_bg_map_ptr::create(bn::regular_bg_item const&, int)
 .text._ZN3_bn6assert9show_argsIA39_ciEEvPKcS4_S4_iRKT_RKT0_
                0x08004c94       0x54 bn_bg_blocks_manager.o
                0x08004c94                void _bn::assert::show_args<char [39], int>(char const*, char const*, char const*, int, char const (&) [39], int const&)
 .text.startup._GLOBAL__sub_I__ZN2bn7bg_maps16used_cells_countEv
                0x08004ce8       0x88 bn_bg_blocks_manager.o
 .text._ZN2bn11bgs_manager12_GLOBAL__N_1L29_check_unique_regular_big_mapERNS1_9item_typeE
                0x08004d70       0x6c bn_bgs_manager.o
 .text._ZN2bn11bgs_manager12_GLOBAL__N_111static_dataD2Ev
                0x08004ddc       0x10 bn_bgs_manager.o
 .text._ZN2bn11bgs_manager12_GLOBAL__N_1L33_update_item_hw_affine_attributesERKNS1_9item_typeE
                0x08004dec       0x48 bn_bgs_manager.o
 .text._ZN2bn11bgs_manager4initEv
                0x08004e34       0x8c bn_bgs_manager.o
                0x08004e34                bn::bgs_manager::init()
 .text._ZN2bn11bgs_manager5hw_idEPv
                0x08004ec0        0x8 bn_bgs_manager.o
                0x08004ec0                bn::bgs_manager::hw_id(void*)
 .text._ZN2bn11bgs_manager11hw_positionEPv
                0x08004ec8        0x4 bn_bgs_manager.o
                0x08004ec8                bn::bgs_manager::hw_position(void*)
 .text._ZN2bn11bgs_manager14mat_attributesEPv
                0x08004ecc        0x4 bn_bgs_manager.o
                0x08004ecc                bn::bgs_manager::mat_attributes(void*)
 .text._ZN2bn11bgs_manager20update_windows_flagsEPj
                0x08004ed0       0x7c bn_bgs_manager.o
                0x08004ed0                bn::bgs_manager::update_windows_flags(unsigned int*)
 .text._ZN2bn11bgs_manager14update_camerasEv
                0x08004f4c      0x134 bn_bgs_manager.o
                0x08004f4c                bn::bgs_manager::update_cameras()
 .text._ZN2bn11bgs_manager28update_regular_map_tiles_cbbEii
                0x08005080       0x94 bn_bgs_manager.o
                0x08005080                bn::bgs_manager::update_regular_map_tiles_cbb(int, int)
 .text._ZN2bn11bgs_manager30update_regular_map_palette_bppEiNS_8bpp_modeE
                0x08005114       0x98 bn_bgs_manager.o
                0x08005114                bn::bgs_manager::update_regular_map_palette_bpp(int, bn::bpp_mode)
 .text._ZN2bn11bgs_manager36fill_hblank_effect_regular_positionsEiPKNS_7fixed_tILi12EEEPt
                0x080051ac       0x38 bn_bgs_manager.o
                0x080051ac                bn::bgs_manager::fill_hblank_effect_regular_positions(int, bn::fixed_t<12> const*, unsigned short*)
 .text._ZN2bn11bgs_manager45fill_hblank_effect_pivot_horizontal_positionsEPvPKNS_7fixed_tILi12EEEPj
                0x080051e4       0x28 bn_bgs_manager.o
                0x080051e4                bn::bgs_manager::fill_hblank_effect_pivot_horizontal_positions(void*, bn::fixed_t<12> const*, unsigned int*)
 .text._ZN2bn11bgs_manager43fill_hblank_effect_pivot_vertical_positionsEPvPKNS_7fixed_tILi12EEEPj
                0x0800520c       0x28 bn_bgs_manager.o
                0x0800520c                bn::bgs_manager::fill_hblank_effect_pivot_vertical_positions(void*, bn::fixed_t<12> const*, unsigned int*)
 .text._ZN2bn11bgs_manager6commitEb
                0x08005234       0x58 bn_bgs_manager.o
                0x08005234                bn::bgs_manager::commit(bool)
 .text._ZN2bn11bgs_manager4stopEv
                0x0800528c       0x28 bn_bgs_manager.o
                0x0800528c                bn::bgs_manager::stop()
 .text._ZN3_bn6assert9show_argsIA17_ciEEvPKcS4_S4_iRKT_RKT0_
                0x080052b4       0x54 bn_bgs_manager.o
                0x080052b4                void _bn::assert::show_args<char [17], int>(char const*, char const*, char const*, int, char const (&) [17], int const&)
 .text._ZN3_bn6assert9show_argsIA30_cEEvPKcS4_S4_iRKT_
                0x08005308       0x48 bn_bgs_manager.o
                0x08005308                void _bn::assert::show_args<char [30]>(char const*, char const*, char const*, int, char const (&) [30])
 .text._ZN2bn18regular_bg_builder11release_mapEv
                0x08005350       0x6c bn_bgs_manager.o
                0x08005350                bn::regular_bg_builder::release_map()
 .text._ZN2bn11bgs_manager15commit_big_mapsEv
                0x080053bc      0x208 bn_bgs_manager.o
                0x080053bc                bn::bgs_manager::commit_big_maps()
 .text._ZN2bn11bgs_manager12_GLOBAL__N_19item_type18update_regular_mapEv
                0x080055c4      0x1b4 bn_bgs_manager.o
 .text._ZN2bn11bgs_manager10affine_mapEPv
                0x08005778       0x34 bn_bgs_manager.o
                0x08005778                bn::bgs_manager::affine_map(void*)
 .text._ZN2bn11bgs_manager11regular_mapEPv
                0x080057ac       0x34 bn_bgs_manager.o
                0x080057ac                bn::bgs_manager::regular_map(void*)
 .text._ZN3_bn6assert9show_argsIA27_cEEvPKcS4_S4_iRKT_
                0x080057e0       0x48 bn_bgs_manager.o
                0x080057e0                void _bn::assert::show_args<char [27]>(char const*, char const*, char const*, int, char const (&) [27])
 .text._ZN3_bn6assert9show_argsIA46_cEEvPKcS4_S4_iRKT_
                0x08005828       0x48 bn_bgs_manager.o
                0x08005828                void _bn::assert::show_args<char [46]>(char const*, char const*, char const*, int, char const (&) [46])
 .text._ZN2bn11bgs_manager37fill_hblank_effect_regular_attributesEPvPKNS_21regular_bg_attributesEPt
                0x08005870      0x118 bn_bgs_manager.o
                0x08005870                bn::bgs_manager::fill_hblank_effect_regular_attributes(void*, bn::regular_bg_attributes const*, unsigned short*)
 .text._ZN2bn11bgs_manager36fill_hblank_effect_affine_attributesEPvPKNS_20affine_bg_attributesEPt
                0x08005988      0x10c bn_bgs_manager.o
                0x08005988                bn::bgs_manager::fill_hblank_effect_affine_attributes(void*, bn::affine_bg_attributes const*, unsigned short*)
 .text._ZN2bn11bgs_manager15rebuild_handlesEv.part.0
                0x08005a94      0x1a4 bn_bgs_manager.o
 .text._ZN2bn11bgs_manager6updateEv
                0x08005c38      0x158 bn_bgs_manager.o
                0x08005c38                bn::bgs_manager::update()
 .text._ZN2bn11bgs_manager12_GLOBAL__N_1L12_insert_itemERNS1_9item_typeE
                0x08005d90      0x104 bn_bgs_manager.o
 .text._ZN3_bn6assert9show_argsIA13_cEEvPKcS4_S4_iRKT_
                0x08005e94       0x48 bn_bgs_manager.o
                0x08005e94                void _bn::assert::show_args<char [13]>(char const*, char const*, char const*, int, char const (&) [13])
 .text._ZN2bn11bgs_manager6createEONS_18regular_bg_builderE
                0x08005edc      0x1ec bn_bgs_manager.o
                0x08005edc                bn::bgs_manager::create(bn::regular_bg_builder&&)
 .text._ZNK2bn15regular_bg_item9create_bgENS_7fixed_tILi12EEES2_
                0x080060c8       0x78 bn_bgs_manager.o
                0x080060c8                bn::regular_bg_item::create_bg(bn::fixed_t<12>, bn::fixed_t<12>) const
 .text._ZN2bn5eraseIPNS_11bgs_manager12_GLOBAL__N_19item_typeEEENS_7ivectorIT_E9size_typeERS7_RKS6_.constprop.0.isra.0
                0x08006140      0x144 bn_bgs_manager.o
 .text._ZN2bn11bgs_manager15decrease_usagesEPv
                0x08006284       0xa8 bn_bgs_manager.o
                0x08006284                bn::bgs_manager::decrease_usages(void*)
 .text._ZN2bn14regular_bg_ptrD2Ev
                0x0800632c       0x18 bn_bgs_manager.o
                0x0800632c                bn::regular_bg_ptr::~regular_bg_ptr()
                0x0800632c                bn::regular_bg_ptr::~regular_bg_ptr()
 .text.startup._GLOBAL__sub_I__ZN2bn3bgs16used_items_countEv
                0x08006344       0x90 bn_bgs_manager.o
 .text._ZN2bn10camera_ptrD2Ev
                0x080063d4       0x38 bn_cameras_manager.o
                0x080063d4                bn::camera_ptr::~camera_ptr()
                0x080063d4                bn::camera_ptr::~camera_ptr()
 .text._ZNK2bn10camera_ptr8positionEv
                0x0800640c       0x14 bn_cameras_manager.o
                0x0800640c                bn::camera_ptr::position() const
 .text._ZN2bn15cameras_manager4initEv
                0x08006420       0x24 bn_cameras_manager.o
                0x08006420                bn::cameras_manager::init()
 .text._ZN2bn15cameras_manager6updateEv
                0x08006444       0x28 bn_cameras_manager.o
                0x08006444                bn::cameras_manager::update()
 .text.startup._GLOBAL__sub_I__ZN2bn7cameras16used_items_countEv
                0x0800646c       0x24 bn_cameras_manager.o
 .text._ZN2bn4core12_GLOBAL__N_1L12_vblank_intrEv
                0x08006490       0x3c bn_core.o
 .text._ZN2bn4core12_GLOBAL__N_1L4stopEb
                0x080064cc       0x60 bn_core.o
 .text._ZN2bn4core12_GLOBAL__N_1L11update_implEv
                0x0800652c      0x110 bn_core.o
 .text._ZN2bn4core6updateEv
                0x0800663c       0x78 bn_core.o
                0x0800663c                bn::core::update()
 .text._ZN2bn4core4initERKNS_8optionalINS_5colorEEERKNS_11string_viewE
                0x080066b4      0x138 bn_core.o
                0x080066b4                bn::core::init(bn::optional<bn::color> const&, bn::string_view const&)
 .text._ZN2bn4core4initEv
                0x080067ec       0x20 bn_core.o
                0x080067ec                bn::core::init()
 .text._ZN2bn11string_viewC2EPKc
                0x0800680c       0x40 bn_core.o
                0x0800680c                bn::string_view::string_view(char const*)
                0x0800680c                bn::string_view::string_view(char const*)
 .text._ZN3_bn6assert12_GLOBAL__N_1L10_show_implEPKcS3_S3_iRKN2bn11string_viewE
                0x0800684c       0x80 bn_core.o
 .text._ZN3_bn6assert4showEPKcS2_S2_iRKN2bn12istring_baseE
                0x080068cc       0x18 bn_core.o
                0x080068cc                _bn::assert::show(char const*, char const*, char const*, int, bn::istring_base const&)
 .text._ZN3_bn6assert9show_argsIA18_cEEvPKcS4_S4_iRKT_
                0x080068e4       0x48 bn_core.o
                0x080068e4                void _bn::assert::show_args<char [18]>(char const*, char const*, char const*, int, char const (&) [18])
 .text.startup._GLOBAL__sub_I__ZN2bn4core4initEv
                0x0800692c       0x4c bn_core.o
 .text._ZN2bn15display_manager12_GLOBAL__N_111static_dataD2Ev
                0x08006978       0x34 bn_display_manager.o
 .text._ZN2bn15display_manager12_GLOBAL__N_1L34_update_rect_windows_hw_boundariesEi
                0x080069ac       0x7c bn_display_manager.o
 .text._ZN2bn15display_manager4initEv
                0x08006a28       0x98 bn_display_manager.o
                0x08006a28                bn::display_manager::init()
 .text._ZN2bn15display_manager8set_modeEi
                0x08006ac0       0x1c bn_display_manager.o
                0x08006ac0                bn::display_manager::set_mode(int)
 .text._ZN2bn15display_manager14set_bg_enabledEib
                0x08006adc       0x18 bn_display_manager.o
                0x08006adc                bn::display_manager::set_bg_enabled(int, bool)
 .text._ZN2bn15display_manager15disable_all_bgsEv
                0x08006af4       0x14 bn_display_manager.o
                0x08006af4                bn::display_manager::disable_all_bgs()
 .text._ZN2bn15display_manager36fill_mosaic_hblank_effect_attributesEPKNS_17mosaic_attributesEPt
                0x08006b08       0x98 bn_display_manager.o
                0x08006b08                bn::display_manager::fill_mosaic_hblank_effect_attributes(bn::mosaic_attributes const*, unsigned short*)
 .text._ZN2bn15display_manager27set_blending_top_bg_enabledEib
                0x08006ba0       0x20 bn_display_manager.o
                0x08006ba0                bn::display_manager::set_blending_top_bg_enabled(int, bool)
 .text._ZN2bn15display_manager30set_blending_bottom_bg_enabledEib
                0x08006bc0       0x20 bn_display_manager.o
                0x08006bc0                bn::display_manager::set_blending_bottom_bg_enabled(int, bool)
 .text._ZN2bn15display_manager32blending_transparency_top_weightEv
                0x08006be0       0x18 bn_display_manager.o
                0x08006be0                bn::display_manager::blending_transparency_top_weight()
 .text._ZN2bn15display_manager35blending_transparency_bottom_weightEv
                0x08006bf8       0x28 bn_display_manager.o
                0x08006bf8                bn::display_manager::blending_transparency_bottom_weight()
 .text._ZN2bn15display_manager51fill_blending_transparency_hblank_effect_attributesEPKNS_32blending_transparency_attributesEPt
                0x08006c20       0x30 bn_display_manager.o
                0x08006c20                bn::display_manager::fill_blending_transparency_hblank_effect_attributes(bn::blending_transparency_attributes const*, unsigned short*)
 .text._ZN2bn15display_manager21blending_fade_enabledEv
                0x08006c50        0xc bn_display_manager.o
                0x08006c50                bn::display_manager::blending_fade_enabled()
 .text._ZN2bn15display_manager39fill_blending_fade_hblank_effect_alphasEPKNS_19blending_fade_alphaEPt
                0x08006c5c       0x24 bn_display_manager.o
                0x08006c5c                bn::display_manager::fill_blending_fade_hblank_effect_alphas(bn::blending_fade_alpha const*, unsigned short*)
 .text._ZN2bn15display_manager26update_windows_visible_bgsEv
                0x08006c80       0x14 bn_display_manager.o
                0x08006c80                bn::display_manager::update_windows_visible_bgs()
 .text._ZN2bn15display_manager36rect_window_hw_horizontal_boundariesEi
                0x08006c94       0x18 bn_display_manager.o
                0x08006c94                bn::display_manager::rect_window_hw_horizontal_boundaries(int)
 .text._ZN2bn15display_manager34rect_window_hw_vertical_boundariesEi
                0x08006cac       0x18 bn_display_manager.o
                0x08006cac                bn::display_manager::rect_window_hw_vertical_boundaries(int)
 .text._ZN2bn15display_manager52fill_rect_window_hblank_effect_horizontal_boundariesERKSt4pairIiiEPKS1_INS_7fixed_tILi12EEES6_EPt
                0x08006cc4      0x134 bn_display_manager.o
                0x08006cc4                bn::display_manager::fill_rect_window_hblank_effect_horizontal_boundaries(std::pair<int, int> const&, std::pair<bn::fixed_t<12>, bn::fixed_t<12> > const*, unsigned short*)
 .text._ZN2bn15display_manager50fill_rect_window_hblank_effect_vertical_boundariesERKSt4pairIiiEPKS1_INS_7fixed_tILi12EEES6_EPt
                0x08006df8      0x134 bn_display_manager.o
                0x08006df8                bn::display_manager::fill_rect_window_hblank_effect_vertical_boundaries(std::pair<int, int> const&, std::pair<bn::fixed_t<12>, bn::fixed_t<12> > const*, unsigned short*)
 .text._ZN2bn15display_manager36fill_green_swap_hblank_effect_statesEPKbPt
                0x08006f2c       0x38 bn_display_manager.o
                0x08006f2c                bn::display_manager::fill_green_swap_hblank_effect_states(bool const*, unsigned short*)
 .text._ZN2bn15display_manager14update_camerasEv
                0x08006f64       0x40 bn_display_manager.o
                0x08006f64                bn::display_manager::update_cameras()
 .text._ZN2bn15display_manager6updateEv
                0x08006fa4      0x244 bn_display_manager.o
                0x08006fa4                bn::display_manager::update()
 .text._ZN2bn15display_manager6commitEv
                0x080071e8      0x130 bn_display_manager.o
                0x080071e8                bn::display_manager::commit()
 .text._ZN2bn15display_manager4stopEv
                0x08007318       0x30 bn_display_manager.o
                0x08007318                bn::display_manager::stop()
 .text._ZN3_bn6assert9show_argsIA66_cEEvPKcS4_S4_iRKT_
                0x08007348       0x48 bn_display_manager.o
                0x08007348                void _bn::assert::show_args<char [66]>(char const*, char const*, char const*, int, char const (&) [66])
 .text.startup._GLOBAL__sub_I__ZNK2bn6window7show_bgERKNS_14regular_bg_ptrE
                0x08007390       0xa4 bn_display_manager.o
 .text._ZN2bn12gpio_manager5sleepEv
                0x08007434       0x28 bn_gpio_manager.o
                0x08007434                bn::gpio_manager::sleep()
 .text._ZN2bn22hblank_effects_manager12_GLOBAL__N_19item_type18_output_values_ptrEv
                0x0800745c       0x40 bn_hblank_effects_manager.o
 .text._ZN2bn22hblank_effects_manager7disableEv
                0x0800749c       0x24 bn_hblank_effects_manager.o
                0x0800749c                bn::hblank_effects_manager::disable()
 .text._ZN2bn22hblank_effects_manager4stopEv
                0x080074c0       0x38 bn_hblank_effects_manager.o
                0x080074c0                bn::hblank_effects_manager::stop()
 .text._ZN2bn22hblank_effects_manager6commitEv
                0x080074f8       0x8c bn_hblank_effects_manager.o
                0x080074f8                bn::hblank_effects_manager::commit()
 .text._ZN2bn22hblank_effects_manager12_GLOBAL__N_1L10_is_uint32ENS0_12handler_typeE
                0x08007584       0x64 bn_hblank_effects_manager.o
 .text._ZN2bn22hblank_effects_manager12_GLOBAL__N_19item_type12check_updateEv
                0x080075e8     0x1548 bn_hblank_effects_manager.o
 .text._ZN2bn22hblank_effects_manager6updateEv
                0x08008b30      0x1ec bn_hblank_effects_manager.o
                0x08008b30                bn::hblank_effects_manager::update()
 .text._ZN2bn22hblank_effects_manager4initEv
                0x08008d1c      0x180 bn_hblank_effects_manager.o
                0x08008d1c                bn::hblank_effects_manager::init()
 .text.startup._GLOBAL__sub_I__ZN2bn4hbes10used_countEv
                0x08008e9c       0xe8 bn_hblank_effects_manager.o
 .text._ZN2bn12hdma_manager4initEv
                0x08008f84       0x40 bn_hdma_manager.o
                0x08008f84                bn::hdma_manager::init()
 .text._ZN2bn12hdma_manager10force_stopEv
                0x08008fc4       0x5c bn_hdma_manager.o
                0x08008fc4                bn::hdma_manager::force_stop()
 .text._ZN2bn12hdma_manager7disableEv
                0x08009020       0x48 bn_hdma_manager.o
                0x08009020                bn::hdma_manager::disable()
 .text._ZN2bn12hdma_manager6updateEv
                0x08009068       0x6c bn_hdma_manager.o
                0x08009068                bn::hdma_manager::update()
 .text._ZN2bn12hdma_manager24commit_interrupt_handlerEv
                0x080090d4       0x20 bn_hdma_manager.o
                0x080090d4                bn::hdma_manager::commit_interrupt_handler()
 .text._ZN2bn12hdma_manager14commit_entriesEb
                0x080090f4      0x168 bn_hdma_manager.o
                0x080090f4                bn::hdma_manager::commit_entries(bool)
 .text.startup._GLOBAL__sub_I__ZN2bn4hdma7runningEv
                0x0800925c       0x3c bn_hdma_manager.o
 .text._ZN2bn6keypad9b_pressedEv
                0x08009298       0x10 bn_keypad_manager.o
                0x08009298                bn::keypad::b_pressed()
 .text._ZN2bn6keypad10right_heldEv
                0x080092a8       0x10 bn_keypad_manager.o
                0x080092a8                bn::keypad::right_held()
 .text._ZN2bn6keypad9left_heldEv
                0x080092b8       0x10 bn_keypad_manager.o
                0x080092b8                bn::keypad::left_held()
 .text._ZN2bn14keypad_manager4stopEv
                0x080092c8        0x4 bn_keypad_manager.o
                0x080092c8                bn::keypad_manager::stop()
 .text._ZN2bn14keypad_manager6updateEv
                0x080092cc       0xb8 bn_keypad_manager.o
                0x080092cc                bn::keypad_manager::update()
 .text._ZN2bn14keypad_manager4initERKNS_11string_viewE
                0x08009384       0x64 bn_keypad_manager.o
                0x08009384                bn::keypad_manager::init(bn::string_view const&)
 .text._ZN2bn12link_manager4initEv
                0x080093e8        0xc bn_link_manager.o
                0x080093e8                bn::link_manager::init()
 .text._ZN2bn12link_manager6activeEv
                0x080093f4        0xc bn_link_manager.o
                0x080093f4                bn::link_manager::active()
 .text._ZN2bn12link_manager7disableEv
                0x08009400       0x18 bn_link_manager.o
                0x08009400                bn::link_manager::disable()
 .text._ZN2bn12link_manager6commitEv
                0x08009418       0x18 bn_link_manager.o
                0x08009418                bn::link_manager::commit()
 .text._ZN2bn14memory_manager12_GLOBAL__N_111static_dataD2Ev
                0x08009430       0x10 bn_memory_manager.o
 .text._ZN3_bn6memory18unsafe_clear_wordsEiPv
                0x08009440       0x14 bn_memory_manager.o
                0x08009440                _bn::memory::unsafe_clear_words(int, void*)
 .text._ZN2bn4freeEPv
                0x08009454       0x14 bn_memory_manager.o
                0x08009454                bn::free(void*)
 .text._ZN2bn14memory_manager4initEv
                0x08009468       0x2c bn_memory_manager.o
                0x08009468                bn::memory_manager::init()
 .text.startup._GLOBAL__sub_I__Znwj
                0x08009494       0x20 bn_memory_manager.o
 .text._ZN2bn2hw8palettes9grayscaleEPKNS_5colorEiiPS2_.part.0
                0x080094b4       0x40 bn_palettes_manager.o
 .text._ZN2bn14bg_palette_ptrC2ERKS0_
                0x080094f4       0x2c bn_palettes_manager.o
                0x080094f4                bn::bg_palette_ptr::bg_palette_ptr(bn::bg_palette_ptr const&)
                0x080094f4                bn::bg_palette_ptr::bg_palette_ptr(bn::bg_palette_ptr const&)
 .text._ZNK2bn14bg_palette_ptr3bppEv
                0x08009520       0x20 bn_palettes_manager.o
                0x08009520                bn::bg_palette_ptr::bpp() const
 .text._ZNK2bn18sprite_palette_ptr3bppEv
                0x08009540       0x1c bn_palettes_manager.o
                0x08009540                bn::sprite_palette_ptr::bpp() const
 .text._ZNK2bn13palettes_bank10log_statusEv
                0x0800955c      0x178 bn_palettes_manager.o
                0x0800955c                bn::palettes_bank::log_status() const
 .text._ZN2bn13palettes_bank10find_bpp_4ERKNS_4spanIKNS_5colorEEEt
                0x080096d4      0x118 bn_palettes_manager.o
                0x080096d4                bn::palettes_bank::find_bpp_4(bn::span<bn::color const> const&, unsigned short)
 .text._ZNK2bn13palettes_bank20retrieve_commit_dataEv
                0x080097ec       0x4c bn_palettes_manager.o
                0x080097ec                bn::palettes_bank::retrieve_commit_data() const
 .text._ZNK2bn13palettes_bank21_apply_global_effectsEiPNS_5colorE
                0x08009838      0x128 bn_palettes_manager.o
                0x08009838                bn::palettes_bank::_apply_global_effects(int, bn::color*) const
 .text._ZNK2bn13palettes_bank25fill_hblank_effect_colorsEPKNS_5colorEPt
                0x08009960       0x30 bn_palettes_manager.o
                0x08009960                bn::palettes_bank::fill_hblank_effect_colors(bn::color const*, unsigned short*) const
 .text._ZNK2bn13palettes_bank7palette13apply_effectsEiPNS_5colorE
                0x08009990       0xb0 bn_palettes_manager.o
                0x08009990                bn::palettes_bank::palette::apply_effects(int, bn::color*) const
 .text._ZNK2bn13palettes_bank25fill_hblank_effect_colorsEiPKNS_5colorEPt
                0x08009a40       0x44 bn_palettes_manager.o
                0x08009a40                bn::palettes_bank::fill_hblank_effect_colors(int, bn::color const*, unsigned short*) const
 .text._ZN2bn13palettes_bank15_update_paletteEi
                0x08009a84       0x70 bn_palettes_manager.o
                0x08009a84                bn::palettes_bank::_update_palette(int)
 .text._ZN2bn13palettes_bank6updateEv
                0x08009af4      0x134 bn_palettes_manager.o
                0x08009af4                bn::palettes_bank::update()
 .text._ZN2bn13palettes_bankC2Ev
                0x08009c28       0xd4 bn_palettes_manager.o
                0x08009c28                bn::palettes_bank::palettes_bank()
                0x08009c28                bn::palettes_bank::palettes_bank()
 .text._ZN2bn16palettes_manager4initERKNS_8optionalINS_5colorEEE
                0x08009cfc      0x184 bn_palettes_manager.o
                0x08009cfc                bn::palettes_manager::init(bn::optional<bn::color> const&)
 .text._ZN2bn16palettes_manager20sprite_palettes_bankEv
                0x08009e80        0x8 bn_palettes_manager.o
                0x08009e80                bn::palettes_manager::sprite_palettes_bank()
 .text._ZN2bn16palettes_manager16bg_palettes_bankEv
                0x08009e88        0x8 bn_palettes_manager.o
                0x08009e88                bn::palettes_manager::bg_palettes_bank()
 .text._ZN2bn16palettes_manager6updateEv
                0x08009e90       0x20 bn_palettes_manager.o
                0x08009e90                bn::palettes_manager::update()
 .text._ZN2bn16palettes_manager6commitEb
                0x08009eb0       0xf8 bn_palettes_manager.o
                0x08009eb0                bn::palettes_manager::commit(bool)
 .text._ZN2bn16palettes_manager4stopEv
                0x08009fa8       0x20 bn_palettes_manager.o
                0x08009fa8                bn::palettes_manager::stop()
 .text._ZN3_bn6assert9show_argsIA35_cEEvPKcS4_S4_iRKT_
                0x08009fc8       0x48 bn_palettes_manager.o
                0x08009fc8                void _bn::assert::show_args<char [35]>(char const*, char const*, char const*, int, char const (&) [35])
 .text._ZN2bn13palettes_bank11colors_hashERKNS_4spanIKNS_5colorEEE
                0x0800a010       0x48 bn_palettes_manager.o
                0x0800a010                bn::palettes_bank::colors_hash(bn::span<bn::color const> const&)
 .text._ZN3_bn6assert9show_argsIJA43_ciA38_cA42_cEEEvPKcS6_S6_iDpRKT_
                0x0800a058       0x64 bn_palettes_manager.o
                0x0800a058                void _bn::assert::show_args<char [43], int, char [38], char [42]>(char const*, char const*, char const*, int, char const (&) [43], int const&, char const (&) [38], char const (&) [42])
 .text._ZN2bn13palettes_bank12create_bpp_8ERKNS_4spanIKNS_5colorEEENS_16compression_typeEb
                0x0800a0bc      0x230 bn_palettes_manager.o
                0x0800a0bc                bn::palettes_bank::create_bpp_8(bn::span<bn::color const> const&, bn::compression_type, bool)
 .text._ZNK2bn19sprite_palette_item10decompressENS_4spanINS_5colorEEE
                0x0800a2ec      0x168 bn_palettes_manager.o
                0x0800a2ec                bn::sprite_palette_item::decompress(bn::span<bn::color>) const
 .text._ZNK2bn15bg_palette_item10decompressENS_4spanINS_5colorEEE
                0x0800a454      0x168 bn_palettes_manager.o
                0x0800a454                bn::bg_palette_item::decompress(bn::span<bn::color>) const
 .text._ZN2bn14iunordered_mapItsNS_15identity_hasherENS_8equal_toItEEE21insert_or_assign_hashEjOSt4pairIKtsE.isra.0
                0x0800a5bc      0x108 bn_palettes_manager.o
 .text._ZN2bn13palettes_bank12create_bpp_4ERKNS_4spanIKNS_5colorEEEtb
                0x0800a6c4      0x168 bn_palettes_manager.o
                0x0800a6c4                bn::palettes_bank::create_bpp_4(bn::span<bn::color const> const&, unsigned short, bool)
 .text._ZN2bn12_GLOBAL__N_1L12_create_implERKNS_15bg_palette_itemEb
                0x0800a82c       0xa0 bn_palettes_manager.o
 .text._ZN2bn14bg_palette_ptr6createERKNS_15bg_palette_itemE
                0x0800a8cc       0x54 bn_palettes_manager.o
                0x0800a8cc                bn::bg_palette_ptr::create(bn::bg_palette_item const&)
 .text._ZN2bn12_GLOBAL__N_1L12_create_implERKNS_19sprite_palette_itemEb
                0x0800a920       0x88 bn_palettes_manager.o
 .text._ZN2bn18sprite_palette_ptr6createERKNS_19sprite_palette_itemE
                0x0800a9a8       0x48 bn_palettes_manager.o
                0x0800a9a8                bn::sprite_palette_ptr::create(bn::sprite_palette_item const&)
 .text._ZN2bn13palettes_bank30_erase_bpp_4_indexes_map_indexEt
                0x0800a9f0      0x1c4 bn_palettes_manager.o
                0x0800a9f0                bn::palettes_bank::_erase_bpp_4_indexes_map_index(unsigned short)
 .text._ZN2bn13palettes_bank15decrease_usagesEi
                0x0800abb4       0x80 bn_palettes_manager.o
                0x0800abb4                bn::palettes_bank::decrease_usages(int)
 .text._ZN2bn14bg_palette_ptraSERKS0_
                0x0800ac34       0x4c bn_palettes_manager.o
                0x0800ac34                bn::bg_palette_ptr::operator=(bn::bg_palette_ptr const&)
 .text._ZN2bn14bg_palette_ptrD2Ev
                0x0800ac80       0x20 bn_palettes_manager.o
                0x0800ac80                bn::bg_palette_ptr::~bg_palette_ptr()
                0x0800ac80                bn::bg_palette_ptr::~bg_palette_ptr()
 .text._ZN2bn18sprite_palette_ptrD2Ev
                0x0800aca0       0x20 bn_palettes_manager.o
                0x0800aca0                bn::sprite_palette_ptr::~sprite_palette_ptr()
                0x0800aca0                bn::sprite_palette_ptr::~sprite_palette_ptr()
 .text.startup._GLOBAL__sub_I__ZN2bn11bg_palettes17used_colors_countEv
                0x0800acc0       0x20 bn_palettes_manager.o
 .text._ZN2bn26sprite_affine_mats_manager12_GLOBAL__N_1L19_sprite_double_sizeILi32ELi16EEEbiiiii
                0x0800ace0       0x80 bn_sprite_affine_mats_manager.o
 .text._ZN2bn26sprite_affine_mats_manager12_GLOBAL__N_1L19_sprite_double_sizeILi16ELi32EEEbiiiii
                0x0800ad60       0x80 bn_sprite_affine_mats_manager.o
 .text._ZN2bn26sprite_affine_mats_manager12_GLOBAL__N_111static_dataD2Ev
                0x0800ade0       0x38 bn_sprite_affine_mats_manager.o
 .text._ZNK2bn26sprite_affine_mats_manager12_GLOBAL__N_19item_type18sprite_double_sizeEiRKNS_17sprite_shape_sizeE.isra.0
                0x0800ae18      0x1b4 bn_sprite_affine_mats_manager.o
 .text._ZNK2bn21sprite_affine_mat_ptr15horizontal_flipEv
                0x0800afcc       0x18 bn_sprite_affine_mats_manager.o
                0x0800afcc                bn::sprite_affine_mat_ptr::horizontal_flip() const
 .text._ZNK2bn21sprite_affine_mat_ptr13vertical_flipEv
                0x0800afe4       0x18 bn_sprite_affine_mats_manager.o
                0x0800afe4                bn::sprite_affine_mat_ptr::vertical_flip() const
 .text._ZN2bn26sprite_affine_mats_manager20retrieve_commit_dataEv
                0x0800affc       0x3c bn_sprite_affine_mats_manager.o
                0x0800affc                bn::sprite_affine_mats_manager::retrieve_commit_data()
 .text._ZN3_bn6assert9show_argsIA37_cEEvPKcS4_S4_iRKT_
                0x0800b038       0x48 bn_sprite_affine_mats_manager.o
                0x0800b038                void _bn::assert::show_args<char [37]>(char const*, char const*, char const*, int, char const (&) [37])
 .text._ZN3_bn6assert9show_argsIA16_cEEvPKcS4_S4_iRKT_
                0x0800b080       0x48 bn_sprite_affine_mats_manager.o
                0x0800b080                void _bn::assert::show_args<char [16]>(char const*, char const*, char const*, int, char const (&) [16])
 .text._ZN2bn26sprite_affine_mats_manager15decrease_usagesEi.part.0
                0x0800b0c8       0x70 bn_sprite_affine_mats_manager.o
 .text._ZN2bn21sprite_affine_mat_ptrD2Ev
                0x0800b138       0x34 bn_sprite_affine_mats_manager.o
                0x0800b138                bn::sprite_affine_mat_ptr::~sprite_affine_mat_ptr()
                0x0800b138                bn::sprite_affine_mat_ptr::~sprite_affine_mat_ptr()
 .text._ZN2bn26sprite_affine_mats_manager6updateEv
                0x0800b16c      0x2a4 bn_sprite_affine_mats_manager.o
                0x0800b16c                bn::sprite_affine_mats_manager::update()
 .text._ZN2bn26sprite_affine_mats_manager4initEPv
                0x0800b410      0x100 bn_sprite_affine_mats_manager.o
                0x0800b410                bn::sprite_affine_mats_manager::init(void*)
 .text._ZN2bn26sprite_affine_mats_manager14dettach_spriteEiRNS_24intrusive_list_node_typeE
                0x0800b510       0x4c bn_sprite_affine_mats_manager.o
                0x0800b510                bn::sprite_affine_mats_manager::dettach_sprite(int, bn::intrusive_list_node_type&)
 .text.startup._GLOBAL__sub_I__ZN2bn18sprite_affine_mats10used_countEv
                0x0800b55c       0xb8 bn_sprite_affine_mats_manager.o
 .text._ZN2bn15sprites_manager12_GLOBAL__N_1L32_always_update_indexes_to_commitERKNS_20sprites_manager_itemE
                0x0800b614       0x4c bn_sprites_manager.o
 .text._ZN2bn15sprites_manager12_GLOBAL__N_111static_dataD2Ev
                0x0800b660       0x44 bn_sprites_manager.o
 .text._ZN2bn13ostringstream11append_argsIiJA4_ciEEEvRKT_DpRKT0_.isra.0
                0x0800b6a4       0x24 bn_sprites_manager.o
 .text._ZN2bn15sprites_manager12_GLOBAL__N_1L23_update_item_dimensionsERNS_20sprites_manager_itemE
                0x0800b6c8       0xc0 bn_sprites_manager.o
 .text._ZN2bn15sprites_manager4initEv
                0x0800b788       0xcc bn_sprites_manager.o
                0x0800b788                bn::sprites_manager::init()
 .text._ZN2bn15sprites_manager5hw_idEPv
                0x0800b854        0x8 bn_sprites_manager.o
                0x0800b854                bn::sprites_manager::hw_id(void*)
 .text._ZN2bn15sprites_manager5shapeEPv
                0x0800b85c        0x8 bn_sprites_manager.o
                0x0800b85c                bn::sprites_manager::shape(void*)
 .text._ZN2bn15sprites_manager4sizeEPv
                0x0800b864        0x8 bn_sprites_manager.o
                0x0800b864                bn::sprites_manager::size(void*)
 .text._ZN2bn15sprites_manager10shape_sizeEPv
                0x0800b86c       0x14 bn_sprites_manager.o
                0x0800b86c                bn::sprites_manager::shape_size(void*)
 .text._ZN2bn15sprites_manager11hw_positionEPv
                0x0800b880        0x4 bn_sprites_manager.o
                0x0800b880                bn::sprites_manager::hw_position(void*)
 .text._ZN2bn15sprites_manager9view_modeEPv
                0x0800b884        0xc bn_sprites_manager.o
                0x0800b884                bn::sprites_manager::view_mode(void*)
 .text._ZN2bn15sprites_manager10affine_matEPv
                0x0800b890        0x4 bn_sprites_manager.o
                0x0800b890                bn::sprites_manager::affine_mat(void*)
 .text._ZN2bn15sprites_manager39fill_hblank_effect_horizontal_positionsEPviPKNS_7fixed_tILi12EEEPt
                0x0800b894       0x4c bn_sprites_manager.o
                0x0800b894                bn::sprites_manager::fill_hblank_effect_horizontal_positions(void*, int, bn::fixed_t<12> const*, unsigned short*)
 .text._ZN2bn15sprites_manager37fill_hblank_effect_vertical_positionsEPviPKNS_7fixed_tILi12EEEPt
                0x0800b8e0       0x4c bn_sprites_manager.o
                0x0800b8e0                bn::sprites_manager::fill_hblank_effect_vertical_positions(void*, int, bn::fixed_t<12> const*, unsigned short*)
 .text._ZN2bn15sprites_manager35fill_hblank_effect_first_attributesEiNS_12sprite_shapeENS_8bpp_modeEiPKNS_23sprite_first_attributesEPt
                0x0800b92c       0xd4 bn_sprites_manager.o
                0x0800b92c                bn::sprites_manager::fill_hblank_effect_first_attributes(int, bn::sprite_shape, bn::bpp_mode, int, bn::sprite_first_attributes const*, unsigned short*)
 .text._ZN2bn15sprites_manager44fill_hblank_effect_regular_second_attributesEPviNS_11sprite_sizeEPKNS_32sprite_regular_second_attributesEPt
                0x0800ba00       0x60 bn_sprites_manager.o
                0x0800ba00                bn::sprites_manager::fill_hblank_effect_regular_second_attributes(void*, int, bn::sprite_size, bn::sprite_regular_second_attributes const*, unsigned short*)
 .text._ZN2bn15sprites_manager43fill_hblank_effect_affine_second_attributesEPviNS_11sprite_sizeEPKNS_31sprite_affine_second_attributesEPt
                0x0800ba60       0x58 bn_sprites_manager.o
                0x0800ba60                bn::sprites_manager::fill_hblank_effect_affine_second_attributes(void*, int, bn::sprite_size, bn::sprite_affine_second_attributes const*, unsigned short*)
 .text._ZN2bn15sprites_manager14update_camerasEv
                0x0800bab8       0x20 bn_sprites_manager.o
                0x0800bab8                bn::sprites_manager::update_cameras()
 .text._ZN2bn15sprites_manager23update_auto_double_sizeEPv
                0x0800bad8       0x2c bn_sprites_manager.o
                0x0800bad8                bn::sprites_manager::update_auto_double_size(void*)
 .text._ZN2bn15sprites_manager6commitEb
                0x0800bb04       0xa4 bn_sprites_manager.o
                0x0800bb04                bn::sprites_manager::commit(bool)
 .text._ZN3_bn6assert9show_argsIA54_cEEvPKcS4_S4_iRKT_
                0x0800bba8       0x48 bn_sprites_manager.o
                0x0800bba8                void _bn::assert::show_args<char [54]>(char const*, char const*, char const*, int, char const (&) [54])
 .text._ZNK2bn17sprite_shape_size6heightEv.isra.0
                0x0800bbf0       0xd0 bn_sprites_manager.o
 .text._ZNK2bn17sprite_shape_size5widthEv.isra.0
                0x0800bcc0       0xcc bn_sprites_manager.o
 .text._ZN2bn15sprites_manager12_GLOBAL__N_1L18_remove_affine_matERNS_20sprites_manager_itemE
                0x0800bd8c       0xe4 bn_sprites_manager.o
 .text._ZN2bn15sprites_manager42remove_identity_affine_mat_when_not_neededEPv
                0x0800be70        0xc bn_sprites_manager.o
                0x0800be70                bn::sprites_manager::remove_identity_affine_mat_when_not_needed(void*)
 .text._ZN2bn15sprites_manager7paletteEPv
                0x0800be7c       0x34 bn_sprites_manager.o
                0x0800be7c                bn::sprites_manager::palette(void*)
 .text._ZN2bn15sprites_manager9set_tilesEPvONS_16sprite_tiles_ptrE
                0x0800beb0      0x24c bn_sprites_manager.o
                0x0800beb0                bn::sprites_manager::set_tiles(void*, bn::sprite_tiles_ptr&&)
 .text._ZN2bn10sprite_ptr9set_tilesEONS_16sprite_tiles_ptrE
                0x0800c0fc       0x10 bn_sprites_manager.o
                0x0800c0fc                bn::sprite_ptr::set_tiles(bn::sprite_tiles_ptr&&)
 .text._ZN2bn15sprites_manager6updateEv
                0x0800c10c      0x140 bn_sprites_manager.o
                0x0800c10c                bn::sprites_manager::update()
 .text._ZN3_bn6assert9show_argsIJA27_ciA4_ciEEEvPKcS5_S5_iDpRKT_
                0x0800c24c       0x58 bn_sprites_manager.o
                0x0800c24c                void _bn::assert::show_args<char [27], int, char [4], int>(char const*, char const*, char const*, int, char const (&) [27], int const&, char const (&) [4], int const&)
 .text._ZN2bn15sprites_manager35fill_hblank_effect_third_attributesENS_17sprite_shape_sizeEPKNS_23sprite_third_attributesEPt
                0x0800c2a4      0x2f0 bn_sprites_manager.o
                0x0800c2a4                bn::sprites_manager::fill_hblank_effect_third_attributes(bn::sprite_shape_size, bn::sprite_third_attributes const*, unsigned short*)
 .text._ZN2bn14sorted_sprites6sorter6insertERNS_20sprites_manager_itemE
                0x0800c594      0x170 bn_sprites_manager.o
                0x0800c594                bn::sorted_sprites::sorter::insert(bn::sprites_manager_item&)
 .text._ZN2bn15sprites_manager6createERKNS_13fixed_point_tILi12EEERKNS_17sprite_shape_sizeEONS_16sprite_tiles_ptrEONS_18sprite_palette_ptrE
                0x0800c704      0x1d0 bn_sprites_manager.o
                0x0800c704                bn::sprites_manager::create(bn::fixed_point_t<12> const&, bn::sprite_shape_size const&, bn::sprite_tiles_ptr&&, bn::sprite_palette_ptr&&)
 .text._ZNK2bn11sprite_item13create_spriteENS_7fixed_tILi12EEES2_
                0x0800c8d4       0x44 bn_sprites_manager.o
                0x0800c8d4                bn::sprite_item::create_sprite(bn::fixed_t<12>, bn::fixed_t<12>) const
 .text._ZN2bn15sprites_manager15decrease_usagesEPv
                0x0800c918      0x17c bn_sprites_manager.o
                0x0800c918                bn::sprites_manager::decrease_usages(void*)
 .text._ZN2bn10sprite_ptrD2Ev
                0x0800ca94       0x18 bn_sprites_manager.o
                0x0800ca94                bn::sprite_ptr::~sprite_ptr()
                0x0800ca94                bn::sprite_ptr::~sprite_ptr()
 .text.startup._GLOBAL__sub_I__ZN2bn7sprites16used_items_countEv
                0x0800caac       0xac bn_sprites_manager.o
 .text._ZN3_bn6assert9show_argsIJA25_ciA4_ctEEEvPKcS5_S5_iDpRKT_
                0x0800cb58       0x64 bn_sprite_text_generator.o
                0x0800cb58                void _bn::assert::show_args<char [25], int, char [4], unsigned short>(char const*, char const*, char const*, int, char const (&) [25], int const&, char const (&) [4], unsigned short const&)
 .text._ZNK2bn16sprite_tiles_ptr2idEv
                0x0800cbbc       0x18 bn_sprite_tiles_manager.o
                0x0800cbbc                bn::sprite_tiles_ptr::id() const
 .text._ZNK2bn16sprite_tiles_ptr11tiles_countEv
                0x0800cbd4       0x18 bn_sprite_tiles_manager.o
                0x0800cbd4                bn::sprite_tiles_ptr::tiles_count() const
 .text._ZN2bn20sprite_tiles_manager10log_statusEv
                0x0800cbec      0x1ec bn_sprite_tiles_manager.o
                0x0800cbec                bn::sprite_tiles_manager::log_status()
 .text._ZN2bn20sprite_tiles_manager19commit_uncompressedEb
                0x0800cdd8       0xc4 bn_sprite_tiles_manager.o
                0x0800cdd8                bn::sprite_tiles_manager::commit_uncompressed(bool)
 .text._ZN3_bn6assert9show_argsIJA44_cPKN2bn4tileEA4_cS6_EEEvPKcS9_S9_iDpRKT_
                0x0800ce9c       0x64 bn_sprite_tiles_manager.o
                0x0800ce9c                void _bn::assert::show_args<char [44], bn::tile const*, char [4], bn::tile const*>(char const*, char const*, char const*, int, char const (&) [44], bn::tile const* const&, char const (&) [4], bn::tile const* const&)
 .text._ZN3_bn6assert9show_argsIJA46_ciA4_cjEEEvPKcS5_S5_iDpRKT_
                0x0800cf00       0x64 bn_sprite_tiles_manager.o
                0x0800cf00                void _bn::assert::show_args<char [46], int, char [4], unsigned int>(char const*, char const*, char const*, int, char const (&) [46], int const&, char const (&) [4], unsigned int const&)
 .text._ZN2bn20sprite_tiles_manager12_GLOBAL__N_1L10_hw_commitEPKNS_4tileENS_16compression_typeEii
                0x0800cf64       0x8c bn_sprite_tiles_manager.o
 .text._ZN2bn20sprite_tiles_manager17commit_compressedEv
                0x0800cff0       0x5c bn_sprite_tiles_manager.o
                0x0800cff0                bn::sprite_tiles_manager::commit_compressed()
 .text._ZN3_bn6assert9show_argsIJA28_cA15_cPKN2bn4tileEA16_ciA34_cNS4_11string_viewEEEEvPKcSC_SC_iDpRKT_
                0x0800d04c       0x7c bn_sprite_tiles_manager.o
                0x0800d04c                void _bn::assert::show_args<char [28], char [15], bn::tile const*, char [16], int, char [34], bn::string_view>(char const*, char const*, char const*, int, char const (&) [28], char const (&) [15], bn::tile const* const&, char const (&) [16], int const&, char const (&) [34], bn::string_view const&)
 .text._ZN2bn20sprite_tiles_manager4initEv
                0x0800d0c8      0x188 bn_sprite_tiles_manager.o
                0x0800d0c8                bn::sprite_tiles_manager::init()
 .text._ZN2bn20sprite_tiles_manager12_GLOBAL__N_1L22_insert_to_commit_itemEiRNS1_9item_typeE.part.0
                0x0800d250       0x64 bn_sprite_tiles_manager.o
 .text._ZN2bn20sprite_tiles_manager12_GLOBAL__N_1L17_insert_free_itemEiPt
                0x0800d2b4       0xcc bn_sprite_tiles_manager.o
 .text._ZN2bn20sprite_tiles_manager12_GLOBAL__N_1L16_erase_free_itemEi
                0x0800d380       0xe8 bn_sprite_tiles_manager.o
 .text._ZN2bn20sprite_tiles_manager12_GLOBAL__N_1L21_erase_to_commit_itemEiRNS1_9item_typeE.part.0
                0x0800d468       0xac bn_sprite_tiles_manager.o
 .text._ZN2bn20sprite_tiles_manager15decrease_usagesEi
                0x0800d514      0x138 bn_sprite_tiles_manager.o
                0x0800d514                bn::sprite_tiles_manager::decrease_usages(int)
 .text._ZN2bn16sprite_tiles_ptrD2Ev
                0x0800d64c       0x18 bn_sprite_tiles_manager.o
                0x0800d64c                bn::sprite_tiles_ptr::~sprite_tiles_ptr()
                0x0800d64c                bn::sprite_tiles_ptr::~sprite_tiles_ptr()
 .text._ZN2bn20sprite_tiles_manager12_GLOBAL__N_1L10_find_implEPKNS_4tileENS_16compression_typeEi
                0x0800d664      0x288 bn_sprite_tiles_manager.o
 .text._ZN2bn20sprite_tiles_manager12_GLOBAL__N_1L21_erase_items_map_itemEPKNS_4tileE
                0x0800d8ec      0x1fc bn_sprite_tiles_manager.o
 .text._ZN2bn20sprite_tiles_manager12_GLOBAL__N_1L12_create_itemEiPKNS_4tileENS_16compression_typeEib
                0x0800dae8      0x1cc bn_sprite_tiles_manager.o
 .text._ZN2bn20sprite_tiles_manager6updateEv
                0x0800dcb4      0x1a8 bn_sprite_tiles_manager.o
                0x0800dcb4                bn::sprite_tiles_manager::update()
 .text._ZN2bn20sprite_tiles_manager12_GLOBAL__N_1L12_create_implEPKNS_4tileENS_16compression_typeEi
                0x0800de5c      0x208 bn_sprite_tiles_manager.o
 .text._ZN2bn20sprite_tiles_manager12_GLOBAL__N_1L22_insert_items_map_itemEPKNS_4tileEi
                0x0800e064       0xc0 bn_sprite_tiles_manager.o
 .text._ZN2bn20sprite_tiles_manager6createERKNS_4spanIKNS_4tileEEENS_16compression_typeE
                0x0800e124       0x94 bn_sprite_tiles_manager.o
                0x0800e124                bn::sprite_tiles_manager::create(bn::span<bn::tile const> const&, bn::compression_type)
 .text._ZN2bn16sprite_tiles_ptr6createERKNS_17sprite_tiles_itemE
                0x0800e1b8       0x84 bn_sprite_tiles_manager.o
                0x0800e1b8                bn::sprite_tiles_ptr::create(bn::sprite_tiles_item const&)
 .text._ZNK2bn17sprite_tiles_item12create_tilesEi
                0x0800e23c       0xc0 bn_sprite_tiles_manager.o
                0x0800e23c                bn::sprite_tiles_item::create_tiles(int) const
 .text.startup._GLOBAL__sub_I__ZN2bn12sprite_tiles16used_tiles_countEv
                0x0800e2fc      0x124 bn_sprite_tiles_manager.o
 .text._ZN2bn13ostringstreamC2ERNS_12istring_baseE
                0x0800e420        0x8 bn_sstream.o
                0x0800e420                bn::ostringstream::ostringstream(bn::istring_base&)
                0x0800e420                bn::ostringstream::ostringstream(bn::istring_base&)
 .text._ZN2bn13ostringstream6appendEPKc
                0x0800e428       0xac bn_sstream.o
                0x0800e428                bn::ostringstream::append(char const*)
 .text._ZN2bn13ostringstream6appendEi
                0x0800e4d4       0xb0 bn_sstream.o
                0x0800e4d4                bn::ostringstream::append(int)
 .text._ZN2bn13ostringstream6appendERKNS_11string_viewE
                0x0800e584       0xbc bn_sstream.o
                0x0800e584                bn::ostringstream::append(bn::string_view const&)
 .text._ZN2bn13ostringstream6appendEj
                0x0800e640       0xb0 bn_sstream.o
                0x0800e640                bn::ostringstream::append(unsigned int)
 .text._ZN2bn13ostringstream6appendEPKv
                0x0800e6f0       0xec bn_sstream.o
                0x0800e6f0                bn::ostringstream::append(void const*)
 .text._ZN2bn13ostringstream6appendEc
                0x0800e7dc       0x48 bn_sstream.o
                0x0800e7dc                bn::ostringstream::append(char)
 .text._ZN2bn18igeneric_pool_baseC2EPci
                0x0800e824       0x10 bn_translation_unit.o
                0x0800e824                bn::igeneric_pool_base::igeneric_pool_base(char*, int)
                0x0800e824                bn::igeneric_pool_base::igeneric_pool_base(char*, int)
 .text._ZN2bn18igeneric_pool_base5_freeEPc
                0x0800e834       0x10 bn_translation_unit.o
                0x0800e834                bn::igeneric_pool_base::_free(char*)
 .text._ZN2bn5timerC2Ev
                0x0800e844       0x24 bn_translation_unit.o
                0x0800e844                bn::timer::timer()
                0x0800e844                bn::timer::timer()
 .text._ZNK2bn5timer13elapsed_ticksEv
                0x0800e868       0x2c bn_translation_unit.o
                0x0800e868                bn::timer::elapsed_ticks() const
 .text._ZN2bn5timer7restartEv
                0x0800e894       0x28 bn_translation_unit.o
                0x0800e894                bn::timer::restart()
 .text._ZN2bn3logERKNS_12istring_baseE
                0x0800e8bc       0x58 bn_translation_unit.o
                0x0800e8bc                bn::log(bn::istring_base const&)
 .text._ZN2bn18igeneric_pool_baseD2Ev
                0x0800e914       0x30 bn_translation_unit.o
                0x0800e914                bn::igeneric_pool_base::~igeneric_pool_base()
                0x0800e914                bn::igeneric_pool_base::~igeneric_pool_base()
 .text._ZN2bn18igeneric_pool_base9_allocateEv
                0x0800e944       0x48 bn_translation_unit.o
                0x0800e944                bn::igeneric_pool_base::_allocate()
 .text._ZN2bn2hw5audio12_GLOBAL__N_111static_dataD2Ev
                0x0800e98c       0x18 bn_hw_audio.o
 .text._ZN2bn2hw5audio12_GLOBAL__N_1L21_maxmod_event_handlerEjj
                0x0800e9a4       0x38 bn_hw_audio.o
 .text._ZN2bn2hw5audio4initEv
                0x0800e9dc       0x80 bn_hw_audio.o
                0x0800e9dc                bn::hw::audio::init()
 .text._ZN2bn2hw5audio7disableEv
                0x0800ea5c       0x18 bn_hw_audio.o
                0x0800ea5c                bn::hw::audio::disable()
 .text._ZN2bn2hw5audio13update_eventsEb
                0x0800ea74       0x6c bn_hw_audio.o
                0x0800ea74                bn::hw::audio::update_events(bool)
 .text._ZN2bn2hw5audio13music_playingEv
                0x0800eae0       0x20 bn_hw_audio.o
                0x0800eae0                bn::hw::audio::music_playing()
 .text._ZN2bn2hw5audio10play_musicEib
                0x0800eb00       0x1c bn_hw_audio.o
                0x0800eb00                bn::hw::audio::play_music(int, bool)
 .text._ZN2bn2hw5audio10stop_musicEv
                0x0800eb1c       0x18 bn_hw_audio.o
                0x0800eb1c                bn::hw::audio::stop_music()
 .text._ZN2bn2hw5audio11pause_musicEv
                0x0800eb34       0x18 bn_hw_audio.o
                0x0800eb34                bn::hw::audio::pause_music()
 .text._ZN2bn2hw5audio12resume_musicEv
                0x0800eb4c       0x18 bn_hw_audio.o
                0x0800eb4c                bn::hw::audio::resume_music()
 .text._ZN2bn2hw5audio14jingle_playingEv
                0x0800eb64       0x20 bn_hw_audio.o
                0x0800eb64                bn::hw::audio::jingle_playing()
 .text._ZN2bn2hw5audio11play_jingleEi
                0x0800eb84       0x1c bn_hw_audio.o
                0x0800eb84                bn::hw::audio::play_jingle(int)
 .text._ZN2bn2hw5audio11stop_jingleEv
                0x0800eba0       0x18 bn_hw_audio.o
                0x0800eba0                bn::hw::audio::stop_jingle()
 .text._ZN2bn2hw5audio12pause_jingleEv
                0x0800ebb8       0x18 bn_hw_audio.o
                0x0800ebb8                bn::hw::audio::pause_jingle()
 .text._ZN2bn2hw5audio13resume_jingleEv
                0x0800ebd0       0x18 bn_hw_audio.o
                0x0800ebd0                bn::hw::audio::resume_jingle()
 .text._ZN3_bn6assert9show_argsIA43_cEEvPKcS4_S4_iRKT_
                0x0800ebe8       0x48 bn_hw_audio.o
                0x0800ebe8                void _bn::assert::show_args<char [43]>(char const*, char const*, char const*, int, char const (&) [43])
 .text._ZN2bn2hw5audio15set_mixing_rateENS_17audio_mixing_rateE
                0x0800ec30       0xc0 bn_hw_audio.o
                0x0800ec30                bn::hw::audio::set_mixing_rate(bn::audio_mixing_rate)
 .text._ZN2bn2hw5audio15set_sound_speedEtNS_7fixed_tILi12EEES3_
                0x0800ecf0       0x74 bn_hw_audio.o
                0x0800ecf0                bn::hw::audio::set_sound_speed(unsigned short, bn::fixed_t<12>, bn::fixed_t<12>)
 .text._ZN2bn2hw5audio12_GLOBAL__N_1L19_add_sound_to_queueEit
                0x0800ed64       0x98 bn_hw_audio.o
 .text._ZN2bn2hw5audio12_GLOBAL__N_1L19_check_sounds_queueEi
                0x0800edfc       0xb0 bn_hw_audio.o
 .text._ZN2bn2hw5audio10play_soundEii
                0x0800eeac       0x44 bn_hw_audio.o
                0x0800eeac                bn::hw::audio::play_sound(int, int)
 .text._ZN2bn2hw5audio10play_soundEiiNS_7fixed_tILi12EEES3_S3_
                0x0800eef0       0xb8 bn_hw_audio.o
                0x0800eef0                bn::hw::audio::play_sound(int, int, bn::fixed_t<12>, bn::fixed_t<12>, bn::fixed_t<12>)
 .text._ZN2bn2hw5audio15stop_all_soundsEv
                0x0800efa8       0x60 bn_hw_audio.o
                0x0800efa8                bn::hw::audio::stop_all_sounds()
 .text._ZN2bn2hw5audio19update_sounds_queueEv
                0x0800f008       0x94 bn_hw_audio.o
                0x0800f008                bn::hw::audio::update_sounds_queue()
 .text._ZN2bn2hw5audio12_GLOBAL__N_1L23_erase_sound_from_queueEt
                0x0800f09c       0x98 bn_hw_audio.o
 .text._ZN2bn2hw5audio10stop_soundEt
                0x0800f134       0x20 bn_hw_audio.o
                0x0800f134                bn::hw::audio::stop_sound(unsigned short)
 .text._ZN2bn2hw5audio13release_soundEt
                0x0800f154       0x20 bn_hw_audio.o
                0x0800f154                bn::hw::audio::release_sound(unsigned short)
 .text.startup._GLOBAL__sub_I__ZN2bn2hw5audio4initEv
                0x0800f174       0x40 bn_hw_audio.o
 .text.__libc_init_array
                0x0800f1b4       0x50 bn_hw_common.bn_noflto.o
                0x0800f1b4                __libc_init_array
 .text.__aeabi_atexit
                0x0800f204        0x4 bn_hw_common.bn_noflto.o
                0x0800f204                __aeabi_atexit
 .text._ZN3_bn6assert9show_argsIA40_cEEvPKcS4_S4_iRKT_
                0x0800f208       0x48 bn_hw_common.bn_noflto.o
                0x0800f208                void _bn::assert::show_args<char [40]>(char const*, char const*, char const*, int, char const (&) [40])
 .text.__aeabi_idiv0
                0x0800f250       0x24 bn_hw_common.bn_noflto.o
                0x0800f250                __aeabi_idiv0
 .text.free     0x0800f274        0xc bn_hw_cstdlib.o
                0x0800f274                free
 .text._ZN2bn2hw9dmg_audio4initEv
                0x0800f280       0x18 bn_hw_dmg_audio.o
                0x0800f280                bn::hw::dmg_audio::init()
 .text._ZN2bn2hw9dmg_audio7disableEv
                0x0800f298       0x18 bn_hw_dmg_audio.o
                0x0800f298                bn::hw::dmg_audio::disable()
 .text._ZN2bn2hw9dmg_audio13music_playingEv
                0x0800f2b0       0x28 bn_hw_dmg_audio.o
                0x0800f2b0                bn::hw::dmg_audio::music_playing()
 .text._ZN2bn2hw9dmg_audio10stop_musicEv
                0x0800f2d8       0x24 bn_hw_dmg_audio.o
                0x0800f2d8                bn::hw::dmg_audio::stop_music()
 .text._ZN2bn2hw9dmg_audio11pause_musicEv
                0x0800f2fc       0x24 bn_hw_dmg_audio.o
                0x0800f2fc                bn::hw::dmg_audio::pause_music()
 .text._ZN2bn2hw9dmg_audio12resume_musicEv
                0x0800f320       0x24 bn_hw_dmg_audio.o
                0x0800f320                bn::hw::dmg_audio::resume_music()
 .text._ZN2bn2hw9dmg_audio14music_positionERiS2_
                0x0800f344       0x2c bn_hw_dmg_audio.o
                0x0800f344                bn::hw::dmg_audio::music_position(int&, int&)
 .text._ZN2bn2hw9dmg_audio6commitEv
                0x0800f370       0x34 bn_hw_dmg_audio.o
                0x0800f370                bn::hw::dmg_audio::commit()
 .text._ZN3_bn6assert9show_argsIA47_ciEEvPKcS4_S4_iRKT_RKT0_
                0x0800f3a4       0x54 bn_hw_dmg_audio.o
                0x0800f3a4                void _bn::assert::show_args<char [47], int>(char const*, char const*, char const*, int, char const (&) [47], int const&)
 .text._ZN2bn2hw9dmg_audio10play_musicEPKvNS_14dmg_music_typeEib
                0x0800f3f8       0x84 bn_hw_dmg_audio.o
                0x0800f3f8                bn::hw::dmg_audio::play_music(void const*, bn::dmg_music_type, int, bool)
 .text._ZN2bn2hw9dmg_audio18set_music_positionEii
                0x0800f47c       0x4c bn_hw_dmg_audio.o
                0x0800f47c                bn::hw::dmg_audio::set_music_position(int, int)
 .text._ZN2bn2hw9dmg_audio16set_music_volumeENS_7fixed_tILi12EEES3_
                0x0800f4c8       0x50 bn_hw_dmg_audio.o
                0x0800f4c8                bn::hw::dmg_audio::set_music_volume(bn::fixed_t<12>, bn::fixed_t<12>)
 .text._ZN3_bn6assert9show_argsIA20_cjEEvPKcS4_S4_iRKT_RKT0_
                0x0800f518       0x54 bn_hw_dmg_audio.o
                0x0800f518                void _bn::assert::show_args<char [20], unsigned int>(char const*, char const*, char const*, int, char const (&) [20], unsigned int const&)
 .text._ZN2bn2hw9dmg_audio19check_commit_resultEv
                0x0800f56c       0x38 bn_hw_dmg_audio.o
                0x0800f56c                bn::hw::dmg_audio::check_commit_result()
 .text._ZN2bn2hw4gpio4initEv
                0x0800f5a4        0x8 bn_hw_gpio.bn_noflto.o
                0x0800f5a4                bn::hw::gpio::init()
 .text._ZN2bn2hw4link12_GLOBAL__N_1L19_resetStateCallbackEv
                0x0800f5ac       0x4c bn_hw_link.o
 .text._ZN2bn2hw4link4initEv
                0x0800f5f8      0x100 bn_hw_link.o
                0x0800f5f8                bn::hw::link::init()
 .text._ZN2bn2hw4link6activeEv
                0x0800f6f8       0x10 bn_hw_link.o
                0x0800f6f8                bn::hw::link::active()
 .text._ZN2bn2hw4link7disableEv
                0x0800f708       0x6c bn_hw_link.o
                0x0800f708                bn::hw::link::disable()
 .text._ZN2bn2hw4link6commitEv
                0x0800f774       0x28 bn_hw_link.o
                0x0800f774                bn::hw::link::commit()
 .text._ZN2bn2hw4link11_timer_intrEv
                0x0800f79c       0xf8 bn_hw_link.o
                0x0800f79c                bn::hw::link::_timer_intr()
 .text._ZN2bn2hw4link12_serial_intrEv
                0x0800f894      0x1d4 bn_hw_link.o
                0x0800f894                bn::hw::link::_serial_intr()
 .text._ZN2bn2hw4link12_GLOBAL__N_1L17_sendDataCallbackEv
                0x0800fa68       0xd8 bn_hw_link.o
 .text._ZN2bn2hw4link12_GLOBAL__N_1L24_receiveResponseCallbackERKNS_2lc12LinkResponseE
                0x0800fb40      0x148 bn_hw_link.o
 .text.startup._GLOBAL__sub_I__ZN2bn2hw4link4initEv
                0x0800fc88       0x6c bn_hw_link.o
 .text._ZN2bn2hw8palettes8contrastEPKNS_5colorEiiPS2_
                0x0800fcf4       0x18 bn_hw_palettes.o
                0x0800fcf4                bn::hw::palettes::contrast(bn::color const*, int, int, bn::color*)
 .text._ZN2bn2hw8palettes9intensityEPKNS_5colorEiiPS2_
                0x0800fd0c       0x18 bn_hw_palettes.o
                0x0800fd0c                bn::hw::palettes::intensity(bn::color const*, int, int, bn::color*)
 .text._ZN2bn2hw8palettes9hue_shiftEPKNS_5colorEiiPS2_
                0x0800fd24      0x14c bn_hw_palettes.o
                0x0800fd24                bn::hw::palettes::hue_shift(bn::color const*, int, int, bn::color*)
 .text._ZN2bn2hw8palettes6rotateEPKNS_5colorEiiPS2_
                0x0800fe70       0x30 bn_hw_palettes.o
                0x0800fe70                bn::hw::palettes::rotate(bn::color const*, int, int, bn::color*)
 .text._ZN2bn7istring6appendEPKci.isra.0
                0x0800fea0       0xb4 bn_hw_show.o
 .text._ZN2bn2hw4show5errorERKNS_11system_fontERKNS_11string_viewES7_S7_iS7_S7_
                0x0800ff54      0x284 bn_hw_show.o
                0x0800ff54                bn::hw::show::error(bn::system_font const&, bn::string_view const&, bn::string_view const&, bn::string_view const&, int, bn::string_view const&, bn::string_view const&)
 .text._ZN2bn2hw4sram4initEv
                0x080101d8       0x18 bn_hw_sram.bn_noflto.o
                0x080101d8                bn::hw::sram::init()
 .text._ZN2bn11system_fontC2Ev
                0x080101f0       0x18 bn_hw_system_font.o
                0x080101f0                bn::system_font::system_font()
                0x080101f0                bn::system_font::system_font()
 .text._ZNK2bn11system_font8tte_fontEv
                0x08010208        0x4 bn_hw_system_font.o
                0x08010208                bn::system_font::tte_font() const
 .text._ZN2bn2hw4text5parseEjRNS_5arrayIcLi32EEE
                0x0801020c       0xa0 bn_hw_text.o
                0x0801020c                bn::hw::text::parse(unsigned int, bn::array<char, 32>&)
 .text._ZN2bn2hw4text5parseEPKvRNS_5arrayIcLi32EEE
                0x080102ac       0x30 bn_hw_text.o
                0x080102ac                bn::hw::text::parse(void const*, bn::array<char, 32>&)
 .text._ZN2bn2hw4text5parseEiRNS_5arrayIcLi32EEE
                0x080102dc       0xbc bn_hw_text.o
                0x080102dc                bn::hw::text::parse(int, bn::array<char, 32>&)
 .text._Z7VgmStopv
                0x08010398       0xc0 vgm.o
                0x08010398                VgmStop()
 .text._Z7VgmPlayPKhb
                0x08010458       0x28 vgm.o
                0x08010458                VgmPlay(unsigned char const*, bool)
 .text._Z13VgmIntrVblankv
                0x08010480       0x84 vgm.o
                0x08010480                VgmIntrVblank()
 .text._Z9VgmActivev
                0x08010504       0x10 vgm.o
                0x08010504                VgmActive()
 .text._Z16VgmGetOffsetPlayv
                0x08010514        0xc vgm.o
                0x08010514                VgmGetOffsetPlay()
 .text._Z16VgmSetOffsetPlayj
                0x08010520       0x10 vgm.o
                0x08010520                VgmSetOffsetPlay(unsigned int)
 .text._Z8VgmPausev
                0x08010530       0x20 vgm.o
                0x08010530                VgmPause()
 .text._Z9VgmResumev
                0x08010550       0x18 vgm.o
                0x08010550                VgmResume()
 .text.clr_grayscale
                0x08010568       0x7c tonc_color.o
                0x08010568                clr_grayscale
 .text.sbmp16_rect
                0x080105e4       0x6c tonc_sbmp16.o
                0x080105e4                sbmp16_rect
 .text.bmp16_drawg_b1cts
                0x08010650       0xb8 bmp16_drawg_b1cs.o
                0x08010650                bmp16_drawg_b1cts
 .text.bmp16_erase
                0x08010708       0x24 tte_init_bmp.o
                0x08010708                bmp16_erase
 .text.tte_init_bmp
                0x0801072c       0x60 tte_init_bmp.o
                0x0801072c                tte_init_bmp
 .text.dummy_drawg
                0x0801078c        0x4 tte_main.o
                0x0801078c                dummy_drawg
 .text.dummy_erase
                0x08010790        0x4 tte_main.o
                0x08010790                dummy_erase
 .text.tte_init_base
                0x08010794       0x68 tte_main.o
                0x08010794                tte_init_base
 .text.utf8_decode_char
                0x080107fc       0xb8 tte_main.o
                0x080107fc                utf8_decode_char
 .text.tte_write
                0x080108b4       0xd4 tte_main.o
                0x080108b4                tte_write
 .text.tte_get_text_size
                0x08010988       0xa0 tte_main.o
                0x08010988                tte_get_text_size
 .text.tte_set_margins
                0x08010a28       0x14 tte_main.o
                0x08010a28                tte_set_margins
 .text.IRQ_Init
                0x08010a3c       0x48 interrupts_gba.o
                0x08010a3c                IRQ_Init
 .text.IRQ_SetHandler
                0x08010a84        0xc interrupts_gba.o
                0x08010a84                IRQ_SetHandler
 .text.IRQ_Enable
                0x08010a90       0x64 interrupts_gba.o
                0x08010a90                IRQ_Enable
 .text.IRQ_Disable
                0x08010af4       0x60 interrupts_gba.o
                0x08010af4                IRQ_Disable
 .text.mmResetEffects
                0x08010b54       0x1c effect.o
                0x08010b54                mmResetEffects
 .text.mmEffectEx
                0x08010b70      0x118 effect.o
                0x08010b70                mmEffectEx
 .text.mmEffect
                0x08010c88       0x24 effect.o
                0x08010c88                mmEffect
 .text.mmSetEffectsVolume
                0x08010cac       0x14 effect.o
                0x08010cac                mmSetEffectsVolume
 .text.mmEffectPanning
                0x08010cc0       0x34 effect.o
                0x08010cc0                mmEffectPanning
 .text.mmEffectActive
                0x08010cf4       0x2c effect.o
                0x08010cf4                mmEffectActive
 .text.mmEffectScaleRate
                0x08010d20       0x34 effect.o
                0x08010d20                mmEffectScaleRate
 .text.mmEffectCancel
                0x08010d54       0x68 effect.o
                0x08010d54                mmEffectCancel
 .text.mmEffectRelease
                0x08010dbc       0x5c effect.o
                0x08010dbc                mmEffectRelease
 .text.mmEffectCancelAll
                0x08010e18       0x64 effect.o
                0x08010e18                mmEffectCancelAll
 .text.mmUpdateEffects
                0x08010e7c       0x90 effect.o
                0x08010e7c                mmUpdateEffects
 .text.mmUpdateChannel_TN
                0x08010f0c       0xbc mas_arm.o
                0x08010f0c                mmUpdateChannel_TN
 .text.mpph_ProcessEnvelope
                0x08010fc8       0x90 mas.o
 .text.mpp_resetchannels
                0x08011058       0x80 mas.o
 .text.mpph_VolumeSlide.isra.0
                0x080110d8       0x90 mas.o
 .text.mpph_PitchSlide_Up.isra.0
                0x08011168       0x3c mas.o
 .text.mpp_setposition
                0x080111a4       0xb4 mas.o
 .text.mppe_DoVibrato
                0x08011258       0x90 mas.o
 .text.mpph_FastForward
                0x080112e8       0x80 mas.o
 .text.mppe_glis_backdoor
                0x08011368       0xb4 mas.o
 .text.mmSetEventHandler
                0x0801141c        0xc mas.o
                0x0801141c                mmSetEventHandler
 .text.mmPause  0x08011428       0x4c mas.o
                0x08011428                mmPause
 .text.mmResume
                0x08011474       0x14 mas.o
                0x08011474                mmResume
 .text.mmJinglePause
                0x08011488       0x54 mas.o
                0x08011488                mmJinglePause
 .text.mmJingleResume
                0x080114dc       0x14 mas.o
                0x080114dc                mmJingleResume
 .text.mmActive
                0x080114f0        0xc mas.o
                0x080114f0                mmActive
 .text.mmJingleActive
                0x080114fc        0xc mas.o
                0x080114fc                mmJingleActive
 .text.mmSetModuleVolume
                0x08011508       0x14 mas.o
                0x08011508                mmSetModuleVolume
 .text.mmSetJingleVolume
                0x0801151c       0x14 mas.o
                0x0801151c                mmSetJingleVolume
 .text.mmStop   0x08011530       0x34 mas.o
                0x08011530                mmStop
 .text.mmJingleStop
                0x08011564       0x2c mas.o
                0x08011564                mmJingleStop
 .text.mmGetPosition
                0x08011590        0xc mas.o
                0x08011590                mmGetPosition
 .text.mmSetModuleTempo
                0x0801159c       0x54 mas.o
                0x0801159c                mmSetModuleTempo
 .text.mmPlayModule
                0x080115f0       0xfc mas.o
                0x080115f0                mmPlayModule
 .text.mmJingleStart
                0x080116ec       0x34 mas.o
                0x080116ec                mmJingleStart
 .text.mmStart  0x08011720       0x34 mas.o
                0x08011720                mmStart
 .text.mmSetModulePitch
                0x08011754       0x20 mas.o
                0x08011754                mmSetModulePitch
 .text.mpp_Process_VolumeCommand
                0x08011774      0x378 mas.o
                0x08011774                mpp_Process_VolumeCommand
 .text.mmSetPositionEx
                0x08011aec       0x24 mas.o
                0x08011aec                mmSetPositionEx
 .text.mpp_Process_Effect
                0x08011b10      0x75c mas.o
                0x08011b10                mpp_Process_Effect
 .text.mpp_Update_ACHN_notest
                0x0801226c      0x494 mas.o
                0x0801226c                mpp_Update_ACHN_notest
 .text.mppUpdateSub
                0x08012700       0x64 mas.o
                0x08012700                mppUpdateSub
 .text.mmInit   0x08012764       0xa8 main_gba.o
                0x08012764                mmInit
 .text.mmEnd    0x0801280c       0x2c main_gba.o
                0x0801280c                mmEnd
 .text.mmFrame  0x08012838       0xa4 main_gba.o
                0x08012838                mmFrame
 .text.mmGetModuleCount
                0x080128dc        0xc main_gba.o
                0x080128dc                mmGetModuleCount
 .text.mmGetSampleCount
                0x080128e8        0xc main_gba.o
                0x080128e8                mmGetSampleCount
 .text.mmMixerSetPan
                0x080128f4       0x10 mixer.o
                0x080128f4                mmMixerSetPan
 .text.mmMixerMulFreq
                0x08012904       0x18 mixer.o
                0x08012904                mmMixerMulFreq
 .text.mmMixerStopChannel
                0x0801291c       0x14 mixer.o
                0x0801291c                mmMixerStopChannel
 .text.mmMixerInit
                0x08012930      0x130 mixer.o
                0x08012930                mmMixerInit
 .text.mmMixerEnd
                0x08012a60       0x30 mixer.o
                0x08012a60                mmMixerEnd
 .text.channel3_refresh_registers
                0x08012a90       0xc8 gbt_player.o
 .text.gbt_refresh_pattern_ptr
                0x08012b58       0x80 gbt_player.o
 .text.gbt_ch1234_nop