Archive member included to satisfy reference by file (symbol)

/opt/devkitpro/devkitARM/bin/../lib/gcc/arm-none-eabi/15.1.0/thumb/libgcc.a(_aeabi_ldivmod.o)
                              bn_hw_text.o (__aeabi_ldivmod)
/opt/devkitpro/devkitARM/bin/../lib/gcc/arm-none-eabi/15.1.0/thumb/libgcc.a(_aeabi_uldivmod.o)
                              bn_hw_text.o (__aeabi_uldivmod)
/opt/devkitpro/devkitARM/bin/../lib/gcc/arm-none-eabi/15.1.0/thumb/libgcc.a(_sync_none.o)
                              (__sync_synchronize_none)
/opt/devkitpro/devkitARM/bin/../lib/gcc/arm-none-eabi/15.1.0/thumb/libgcc.a(_udivmoddi4.o)
                              /opt/devkitpro/devkitARM/bin/../lib/gcc/arm-none-eabi/15.1.0/thumb/libgcc.a(_aeabi_ldivmod.o) (__udivmoddi4)

Discarded input sections

 .text          0x00000000        0x0 /opt/devkitpro/devkitARM/bin/../lib/gcc/arm-none-eabi/15.1.0/../../../../arm-none-eabi/lib/thumb/gba_crt0.o
 .data          0x00000000        0x0 /opt/devkitpro/devkitARM/bin/../lib/gcc/arm-none-eabi/15.1.0/../../../../arm-none-eabi/lib/thumb/gba_crt0.o
 .bss           0x00000000        0x0 /opt/devkitpro/devkitARM/bin/../lib/gcc/arm-none-eabi/15.1.0/../../../../arm-none-eabi/lib/thumb/gba_crt0.o
 .text          0x00000000        0x0 /opt/devkitpro/devkitARM/bin/../lib/gcc/arm-none-eabi/15.1.0/thumb/crti.o
 .data          0x00000000        0x0 /opt/devkitpro/devkitARM/bin/../lib/gcc/arm-none-eabi/15.1.0/thumb/crti.o
 .bss           0x00000000        0x0 /opt/devkitpro/devkitARM/bin/../lib/gcc/arm-none-eabi/15.1.0/thumb/crti.o
 .text          0x00000000        0x0 /opt/devkitpro/devkitARM/bin/../lib/gcc/arm-none-eabi/15.1.0/thumb/crtbegin.o
 .data          0x00000000        0x0 /opt/devkitpro/devkitARM/bin/../lib/gcc/arm-none-eabi/15.1.0/thumb/crtbegin.o
 .bss           0x00000000        0x0 /opt/devkitpro/devkitARM/bin/../lib/gcc/arm-none-eabi/15.1.0/thumb/crtbegin.o
 .rodata.all_implied_fbits
                0x00000000       0x24 /opt/devkitpro/devkitARM/bin/../lib/gcc/arm-none-eabi/15.1.0/thumb/crtbegin.o
 .text          0x00000000        0x0 bn_audio_soundbank.bin.o
 .data          0x00000000        0x0 bn_audio_soundbank.bin.o
 .bss           0x00000000        0x0 bn_audio_soundbank.bin.o
 .text          0x00000000        0x0 akyuu_1_bn_gfx.o
 .data          0x00000000        0x0 akyuu_1_bn_gfx.o
 .bss           0x00000000        0x0 akyuu_1_bn_gfx.o
 .rodata        0x00000000      0x460 akyuu_1_bn_gfx.o
 .text          0x00000000        0x0 akyuu_1s_bn_gfx.o
 .data          0x00000000        0x0 akyuu_1s_bn_gfx.o
 .bss           0x00000000        0x0 akyuu_1s_bn_gfx.o
 .rodata        0x00000000      0x460 akyuu_1s_bn_gfx.o
 .text          0x00000000        0x0 akyuu_2_bn_gfx.o
 .data          0x00000000        0x0 akyuu_2_bn_gfx.o
 .bss           0x00000000        0x0 akyuu_2_bn_gfx.o
 .rodata        0x00000000      0x460 akyuu_2_bn_gfx.o
 .text          0x00000000        0x0 akyuu_2s_bn_gfx.o
 .data          0x00000000        0x0 akyuu_2s_bn_gfx.o
 .bss           0x00000000        0x0 akyuu_2s_bn_gfx.o
 .rodata        0x00000000      0x460 akyuu_2s_bn_gfx.o
 .text          0x00000000        0x0 cirno_spritesheet_bn_gfx.o
 .data          0x00000000        0x0 cirno_spritesheet_bn_gfx.o
 .bss           0x00000000        0x0 cirno_spritesheet_bn_gfx.o
 .rodata        0x00000000     0x1040 cirno_spritesheet_bn_gfx.o
 .text          0x00000000        0x0 ice_block_bn_gfx.o
 .data          0x00000000        0x0 ice_block_bn_gfx.o
 .bss           0x00000000        0x0 ice_block_bn_gfx.o
 .rodata        0x00000000      0x220 ice_block_bn_gfx.o
 .text          0x00000000        0x0 portal_spritesheet_bn_gfx.o
 .data          0x00000000        0x0 portal_spritesheet_bn_gfx.o
 .bss           0x00000000        0x0 portal_spritesheet_bn_gfx.o
 .rodata        0x00000000      0x620 portal_spritesheet_bn_gfx.o
 .text          0x00000000        0x0 reimu_idle_spritesheet_bn_gfx.o
 .data          0x00000000        0x0 reimu_idle_spritesheet_bn_gfx.o
 .bss           0x00000000        0x0 reimu_idle_spritesheet_bn_gfx.o
 .text          0x00000000        0x0 reimu_jump_spritesheet_bn_gfx.o
 .data          0x00000000        0x0 reimu_jump_spritesheet_bn_gfx.o
 .bss           0x00000000        0x0 reimu_jump_spritesheet_bn_gfx.o
 .rodata        0x00000000      0x420 reimu_jump_spritesheet_bn_gfx.o
 .text          0x00000000        0x0 screen1n_bn_gfx.o
 .data          0x00000000        0x0 screen1n_bn_gfx.o
 .bss           0x00000000        0x0 screen1n_bn_gfx.o
 .rodata        0x00000000      0xae0 screen1n_bn_gfx.o
 .text          0x00000000        0x0 screen2n_bn_gfx.o
 .data          0x00000000        0x0 screen2n_bn_gfx.o
 .bss           0x00000000        0x0 screen2n_bn_gfx.o
 .text          0x00000000        0x0 yukari_spritesheet_bn_gfx.o
 .data          0x00000000        0x0 yukari_spritesheet_bn_gfx.o
 .bss           0x00000000        0x0 yukari_spritesheet_bn_gfx.o
[...]
Memory Configuration

Name             Origin             Length             Attributes
rom              0x08000000         0x02000000
iwram            0x03000000         0x00008000
ewram            0x02000000         0x00040000
*default*        0x00000000         0xffffffff

Linker script and memory map

                0x00000000                        __sync_synchronize = __sync_synchronize_none
                0x08000000                        __text_start = ORIGIN (rom)
                0x02040000                        __eheap_end = (ORIGIN (ewram) + LENGTH (ewram))
                0x03000000                        __iwram_start = ORIGIN (iwram)
                0x03008000                        __iwram_top = (ORIGIN (iwram) + LENGTH (iwram))
                0x03007fa0                        __sp_irq = (__iwram_top - 0x60)
                0x03007f00                        __sp_usr = (__sp_irq - 0xa0)
                0x03007ff8                        __irq_flags = 0x3007ff8
                0x08000000                        . = __text_start

.crt0           0x08000000      0x210
 *(.crt0)
 .crt0          0x08000000      0x210 /opt/devkitpro/devkitARM/bin/../lib/gcc/arm-none-eabi/15.1.0/../../../../arm-none-eabi/lib/thumb/gba_crt0.o
                0x08000000                _start
                0x080000c4                __boot_method
                0x080000c5                __slave_number
                0x080000e0                start_vector
                0x08000210                        . = ALIGN (0x4)

.init           0x08000210        0xc
 *(SORT_NONE(.init))
 .init          0x08000210        0x4 /opt/devkitpro/devkitARM/bin/../lib/gcc/arm-none-eabi/15.1.0/thumb/crti.o
                0x08000210                _init
 .init          0x08000214        0x8 /opt/devkitpro/devkitARM/bin/../lib/gcc/arm-none-eabi/15.1.0/thumb/crtn.o

.plt            0x0800021c        0x0
 *(.plt)
                0x0800021c                        . = ALIGN (0x4)

.text           0x08000220    0x13f48
 *(EXCLUDE_FILE(*.iwram*) .text*)
 .text.__do_global_dtors_aux
                0x08000220       0x2c /opt/devkitpro/devkitARM/bin/../lib/gcc/arm-none-eabi/15.1.0/thumb/crtbegin.o
 .text.frame_dummy
                0x0800024c       0x24 /opt/devkitpro/devkitARM/bin/../lib/gcc/arm-none-eabi/15.1.0/thumb/crtbegin.o
 .text.startup.main
                0x08000270       0xb4 main.o
                0x08000270                main
 .text._ZN3rra11sprite_anim10reimu_animEiiii
                0x08000324       0x58 sprite_animations.o
                0x08000324                rra::sprite_anim::reimu_anim(int, int, int, int)
 .text._ZN2bn13ostringstream11append_argsIiJA4_ciEEEvRKT_DpRKT0_.isra.0
                0x0800037c       0x24 bn_affine_bg_animate_actions.o
 .text._ZN3_bn6assert9show_argsIJA23_ciA4_ciEEEvPKcS5_S5_iDpRKT_
                0x080003a0       0x58 bn_affine_bg_animate_actions.o
                0x080003a0                void _bn::assert::show_args<char [23], int, char [4], int>(char const*, char const*, char const*, int, char const (&) [23], int const&, char const (&) [4], int const&)
 .text._ZN3_bn6assert9show_argsIA15_cEEvPKcS4_S4_iRKT_
                0x080003f8       0x48 bn_affine_bg_animate_actions.o
                0x080003f8                void _bn::assert::show_args<char [15]>(char const*, char const*, char const*, int, char const (&) [15])
 .text._ZN3_bn6assert9show_argsIA24_ciEEvPKcS4_S4_iRKT_RKT0_
                0x08000440       0x54 bn_affine_bg_animate_actions.o
                0x08000440                void _bn::assert::show_args<char [24], int>(char const*, char const*, char const*, int, char const (&) [24], int const&)
 .text._ZN3_bn6assert9show_argsIJA19_ciA4_ciEEEvPKcS5_S5_iDpRKT_
                0x08000494       0x58 bn_affine_bg_animate_actions.o
                0x08000494                void _bn::assert::show_args<char [19], int, char [4], int>(char const*, char const*, char const*, int, char const (&) [19], int const&, char const (&) [4], int const&)
 .text._ZN2bn13audio_manager4initEv
                0x080004ec       0x60 bn_audio_manager.bn_noflto.o
                0x080004ec                bn::audio_manager::init()
 .text._ZN2bn13audio_manager7disableEv
                0x0800054c       0x10 bn_audio_manager.bn_noflto.o
                0x0800054c                bn::audio_manager::disable()
 .text._ZN2bn13audio_manager10sound_dataEt
                0x0800055c       0x6c bn_audio_manager.bn_noflto.o
                0x0800055c                bn::audio_manager::sound_data(unsigned short)
 .text._ZN2bn13audio_manager6updateEv
                0x080005c8       0x18 bn_audio_manager.bn_noflto.o
                0x080005c8                bn::audio_manager::update()
 .text._ZN2bn13audio_manager13vblank_commitEv
                0x080005e0       0x2c bn_audio_manager.bn_noflto.o
                0x080005e0                bn::audio_manager::vblank_commit()
 .text._ZN2bn13audio_manager14delayed_commitEv
                0x0800060c       0x34 bn_audio_manager.bn_noflto.o
                0x0800060c                bn::audio_manager::delayed_commit()
 .text._ZN2bn13audio_manager4stopEv
                0x08000640       0x78 bn_audio_manager.bn_noflto.o
                0x08000640                bn::audio_manager::stop()
 .text._ZN3_bn6assert9show_argsIA18_ciEEvPKcS4_S4_iRKT_RKT0_
                0x080006b8       0x54 bn_audio_manager.bn_noflto.o
                0x080006b8                void _bn::assert::show_args<char [18], int>(char const*, char const*, char const*, int, char const (&) [18], int const&)
 .text._ZN3_bn6assert9show_argsIA14_ciEEvPKcS4_S4_iRKT_RKT0_
                0x0800070c       0x54 bn_audio_manager.bn_noflto.o
                0x0800070c                void _bn::assert::show_args<char [14], int>(char const*, char const*, char const*, int, char const (&) [14], int const&)
 .text._ZN3_bn6assert9show_argsIA26_ciEEvPKcS4_S4_iRKT_RKT0_
                0x08000760       0x54 bn_audio_manager.bn_noflto.o
                0x08000760                void _bn::assert::show_args<char [26], int>(char const*, char const*, char const*, int, char const (&) [26], int const&)
 .text._ZN3_bn6assert9show_argsIA33_cEEvPKcS4_S4_iRKT_
                0x080007b4       0x48 bn_audio_manager.bn_noflto.o
                0x080007b4                void _bn::assert::show_args<char [33]>(char const*, char const*, char const*, int, char const (&) [33])
 .text._ZN3_bn6assert9show_argsIA25_cEEvPKcS4_S4_iRKT_
                0x080007fc       0x48 bn_audio_manager.bn_noflto.o
                0x080007fc                void _bn::assert::show_args<char [25]>(char const*, char const*, char const*, int, char const (&) [25])
 .text._ZN3_bn6assert9show_argsIA20_cEEvPKcS4_S4_iRKT_
                0x08000844       0x48 bn_audio_manager.bn_noflto.o
                0x08000844                void _bn::assert::show_args<char [20]>(char const*, char const*, char const*, int, char const (&) [20])
 .text._ZN3_bn6assert9show_argsIA26_cEEvPKcS4_S4_iRKT_
                0x0800088c       0x48 bn_audio_manager.bn_noflto.o
                0x0800088c                void _bn::assert::show_args<char [26]>(char const*, char const*, char const*, int, char const (&) [26])
 .text._ZN3_bn6assert9show_argsIA21_cEEvPKcS4_S4_iRKT_
                0x080008d4       0x48 bn_audio_manager.bn_noflto.o
                0x080008d4                void _bn::assert::show_args<char [21]>(char const*, char const*, char const*, int, char const (&) [21])
 .text._ZN3_bn6assert9show_argsIA22_cEEvPKcS4_S4_iRKT_
                0x0800091c       0x48 bn_audio_manager.bn_noflto.o
                0x0800091c                void _bn::assert::show_args<char [22]>(char const*, char const*, char const*, int, char const (&) [22])
 .text._ZN3_bn6assert9show_argsIA25_ciEEvPKcS4_S4_iRKT_RKT0_
                0x08000964       0x54 bn_audio_manager.bn_noflto.o
                0x08000964                void _bn::assert::show_args<char [25], int>(char const*, char const*, char const*, int, char const (&) [25], int const&)
 .text._ZN2bn13audio_manager16execute_commandsEv
                0x080009b8      0x788 bn_audio_manager.bn_noflto.o
                0x080009b8                bn::audio_manager::execute_commands()
 .text._ZN3_bn6assert9show_argsIA17_cEEvPKcS4_S4_iRKT_
                0x08001140       0x48 bn_audio_manager.bn_noflto.o
                0x08001140                void _bn::assert::show_args<char [17]>(char const*, char const*, char const*, int, char const (&) [17])
 .text.startup._GLOBAL__sub_I__ZN2bn5audio22available_mixing_ratesEv
                0x08001188       0x98 bn_audio_manager.bn_noflto.o
 .text._ZN2bn18best_fit_allocator4freeEPv
                0x08001220      0x110 bn_best_fit_allocator.o
                0x08001220                bn::best_fit_allocator::free(void*)
 .text._ZN3_bn6assert9show_argsIA23_cEEvPKcS4_S4_iRKT_
                0x08001330       0x48 bn_best_fit_allocator.o
                0x08001330                void _bn::assert::show_args<char [23]>(char const*, char const*, char const*, int, char const (&) [23])
 .text._ZN2bn18best_fit_allocatorD2Ev
                0x08001378       0x38 bn_best_fit_allocator.o
                0x08001378                bn::best_fit_allocator::~best_fit_allocator()
                0x08001378                bn::best_fit_allocator::~best_fit_allocator()
 .text._ZN3_bn6assert9show_argsIA16_ciEEvPKcS4_S4_iRKT_RKT0_
                0x080013b0       0x54 bn_best_fit_allocator.o
                0x080013b0                void _bn::assert::show_args<char [16], int>(char const*, char const*, char const*, int, char const (&) [16], int const&)
 .text._ZN3_bn6assert9show_argsIA14_cEEvPKcS4_S4_iRKT_
                0x08001404       0x48 bn_best_fit_allocator.o
                0x08001404                void _bn::assert::show_args<char [14]>(char const*, char const*, char const*, int, char const (&) [14])
 .text._ZN2bn18best_fit_allocator5resetEPvi
                0x0800144c       0xbc bn_best_fit_allocator.o
                0x0800144c                bn::best_fit_allocator::reset(void*, int)
 .text._ZN2bn17bg_blocks_manager12_GLOBAL__N_1L17_hw_commit_offsetEPKtjtPt
                0x08001508       0x74 bn_bg_blocks_manager.o
 .text._ZN2bn13ostringstream11append_argsIiJA4_ctEEEvRKT_DpRKT0_.isra.0
                0x0800157c       0x24 bn_bg_blocks_manager.o
 .text._ZN2bn13ostringstream11append_argsIiJA4_ciEEEvRKT_DpRKT0_.isra.0
                0x080015a0       0x24 bn_bg_blocks_manager.o
 .text._ZNK2bn18regular_bg_map_ptr2idEv
                0x080015c4       0x18 bn_bg_blocks_manager.o
                0x080015c4                bn::regular_bg_map_ptr::id() const
 .text._ZNK2bn18regular_bg_map_ptr10dimensionsEv
                0x080015dc       0x20 bn_bg_blocks_manager.o
                0x080015dc                bn::regular_bg_map_ptr::dimensions() const
 .text._ZNK2bn18regular_bg_map_ptr3bigEv
                0x080015fc       0x18 bn_bg_blocks_manager.o
                0x080015fc                bn::regular_bg_map_ptr::big() const
 .text._ZNK2bn20regular_bg_tiles_ptr3cbbEv
                0x08001614       0x18 bn_bg_blocks_manager.o
                0x08001614                bn::regular_bg_tiles_ptr::cbb() const
 .text._ZNK2bn17affine_bg_map_ptr2idEv
                0x0800162c       0x18 bn_bg_blocks_manager.o
                0x0800162c                bn::affine_bg_map_ptr::id() const
 .text._ZNK2bn17affine_bg_map_ptr10dimensionsEv
                0x08001644       0x20 bn_bg_blocks_manager.o
                0x08001644                bn::affine_bg_map_ptr::dimensions() const
 .text._ZNK2bn19affine_bg_tiles_ptr3cbbEv
                0x08001664       0x18 bn_bg_blocks_manager.o
                0x08001664                bn::affine_bg_tiles_ptr::cbb() const
 .text._ZN2bn17bg_blocks_manager10log_statusEv
                0x0800167c      0x450 bn_bg_blocks_manager.o
                0x0800167c                bn::bg_blocks_manager::log_status()
 .text._ZN2bn17bg_blocks_manager15decrease_usagesEi
                0x08001acc       0x98 bn_bg_blocks_manager.o
                0x08001acc                bn::bg_blocks_manager::decrease_usages(int)
 .text._ZN2bn18regular_bg_map_ptrD2Ev
                0x08001b64       0x18 bn_bg_blocks_manager.o
                0x08001b64                bn::regular_bg_map_ptr::~regular_bg_map_ptr()
                0x08001b64                bn::regular_bg_map_ptr::~regular_bg_map_ptr()
 .text._ZN2bn17affine_bg_map_ptrD2Ev
                0x08001b7c       0x18 bn_bg_blocks_manager.o
                0x08001b7c                bn::affine_bg_map_ptr::~affine_bg_map_ptr()
                0x08001b7c                bn::affine_bg_map_ptr::~affine_bg_map_ptr()
 .text._ZN2bn17bg_blocks_manager12_GLOBAL__N_111static_dataD2Ev
                0x08001b94       0x50 bn_bg_blocks_manager.o
 .text._ZN2bn17bg_blocks_manager12_GLOBAL__N_110items_list12insert_afterEiRKNS1_9item_typeE.constprop.0
                0x08001be4      0x268 bn_bg_blocks_manager.o
 .text._ZN2bn17bg_blocks_manager4initEv
                0x08001e4c       0x90 bn_bg_blocks_manager.o
                0x08001e4c                bn::bg_blocks_manager::init()
 .text._ZN2bn17bg_blocks_manager11must_commitEi
                0x08001edc       0x18 bn_bg_blocks_manager.o
                0x08001edc                bn::bg_blocks_manager::must_commit(int)
 .text._ZN2bn17bg_blocks_manager6updateEv
                0x08001ef4      0x260 bn_bg_blocks_manager.o
                0x08001ef4                bn::bg_blocks_manager::update()
 .text._ZN3_bn6assert9show_argsIA15_ciEEvPKcS4_S4_iRKT_RKT0_
                0x08002154       0x54 bn_bg_blocks_manager.o
                0x08002154                void _bn::assert::show_args<char [15], int>(char const*, char const*, char const*, int, char const (&) [15], int const&)
 .text._ZN3_bn6assert9show_argsIA52_ctEEvPKcS4_S4_iRKT_RKT0_
                0x080021a8       0x54 bn_bg_blocks_manager.o
                0x080021a8                void _bn::assert::show_args<char [52], unsigned short>(char const*, char const*, char const*, int, char const (&) [52], unsigned short const&)
 .text._ZN3_bn6assert9show_argsIJA20_ciA4_ctEEEvPKcS5_S5_iDpRKT_
                0x080021fc       0x58 bn_bg_blocks_manager.o
                0x080021fc                void _bn::assert::show_args<char [20], int, char [4], unsigned short>(char const*, char const*, char const*, int, char const (&) [20], int const&, char const (&) [4], unsigned short const&)
 .text._ZN3_bn6assert9show_argsIJA22_ciA4_ciEEEvPKcS5_S5_iDpRKT_
                0x08002254       0x58 bn_bg_blocks_manager.o
                0x08002254                void _bn::assert::show_args<char [22], int, char [4], int>(char const*, char const*, char const*, int, char const (&) [22], int const&, char const (&) [4], int const&)
 .text._ZN3_bn6assert9show_argsIJA58_ciA4_ciEEEvPKcS5_S5_iDpRKT_
                0x080022ac       0x58 bn_bg_blocks_manager.o
                0x080022ac                void _bn::assert::show_args<char [58], int, char [4], int>(char const*, char const*, char const*, int, char const (&) [58], int const&, char const (&) [4], int const&)
 .text._ZN3_bn6assert9show_argsIA38_cEEvPKcS4_S4_iRKT_
                0x08002304       0x48 bn_bg_blocks_manager.o
                0x08002304                void _bn::assert::show_args<char [38]>(char const*, char const*, char const*, int, char const (&) [38])
 .text._ZN3_bn6assert9show_argsIA27_ciEEvPKcS4_S4_iRKT_RKT0_
                0x0800234c       0x54 bn_bg_blocks_manager.o
                0x0800234c                void _bn::assert::show_args<char [27], int>(char const*, char const*, char const*, int, char const (&) [27], int const&)
 .text._ZN2bn17bg_blocks_manager12_GLOBAL__N_1L10_hw_commitEPKtNS_16compression_typeEibPt
                0x080023a0       0x68 bn_bg_blocks_manager.o
 .text._ZN3_bn6assert9show_argsIA22_ciEEvPKcS4_S4_iRKT_RKT0_
                0x08002408       0x54 bn_bg_blocks_manager.o
                0x08002408                void _bn::assert::show_args<char [22], int>(char const*, char const*, char const*, int, char const (&) [22], int const&)
 .text._ZN3_bn6assert9show_argsIA19_cEEvPKcS4_S4_iRKT_
                0x0800245c       0x48 bn_bg_blocks_manager.o
                0x0800245c                void _bn::assert::show_args<char [19]>(char const*, char const*, char const*, int, char const (&) [19])
 .text._ZN2bn17bg_blocks_manager12_GLOBAL__N_1L16_find_tiles_implEPKtNS_16compression_typeEib
                0x080024a4       0xf4 bn_bg_blocks_manager.o
 .text._ZN2bn17bg_blocks_manager12_GLOBAL__N_1L17_fix_blocks_countERKNS1_9item_typeEi
                0x08002598       0x78 bn_bg_blocks_manager.o
 .text._ZN3_bn6assert9show_argsIJA32_cA15_cPKtA16_ciA17_ciA34_cN2bn11string_viewEEEEvPKcSC_SC_iDpRKT_
                0x08002610       0x90 bn_bg_blocks_manager.o
                0x08002610                void _bn::assert::show_args<char [32], char [15], unsigned short const*, char [16], int, char [17], int, char [34], bn::string_view>(char const*, char const*, char const*, int, char const (&) [32], char const (&) [15], unsigned short const* const&, char const (&) [16], int const&, char const (&) [17], int const&, char const (&) [34], bn::string_view const&)
 .text._ZN3_bn6assert9show_argsIJA30_cA13_cPKtA14_ciA15_ciA17_ciA34_cN2bn11string_viewEEEEvPKcSD_SD_iDpRKT_
                0x080026a0       0xa0 bn_bg_blocks_manager.o
                0x080026a0                void _bn::assert::show_args<char [30], char [13], unsigned short const*, char [14], int, char [15], int, char [17], int, char [34], bn::string_view>(char const*, char const*, char const*, int, char const (&) [30], char const (&) [13], unsigned short const* const&, char const (&) [14], int const&, char const (&) [15], int const&, char const (&) [17], int const&, char const (&) [34], bn::string_view const&)
 .text._ZN3_bn6assert9show_argsIA31_cEEvPKcS4_S4_iRKT_
                0x08002740       0x48 bn_bg_blocks_manager.o
                0x08002740                void _bn::assert::show_args<char [31]>(char const*, char const*, char const*, int, char const (&) [31])
 .text._ZN3_bn6assert9show_argsIJA37_ciA4_ciEEEvPKcS5_S5_iDpRKT_
                0x08002788       0x58 bn_bg_blocks_manager.o
                0x08002788                void _bn::assert::show_args<char [37], int, char [4], int>(char const*, char const*, char const*, int, char const (&) [37], int const&, char const (&) [4], int const&)
 .text._ZNK2bn18regular_bg_map_ptr5tilesEv
                0x080027e0       0x48 bn_bg_blocks_manager.o
                0x080027e0                bn::regular_bg_map_ptr::tiles() const
 .text._ZNK2bn17affine_bg_map_ptr5tilesEv
                0x08002828       0x48 bn_bg_blocks_manager.o
                0x08002828                bn::affine_bg_map_ptr::tiles() const
 .text._ZNK2bn18regular_bg_map_ptr3bppEv
                0x08002870       0x4c bn_bg_blocks_manager.o
                0x08002870                bn::regular_bg_map_ptr::bpp() const
 .text._ZN2bn17bg_blocks_manager21update_affine_map_rowEiii
                0x080028bc      0x15c bn_bg_blocks_manager.o
                0x080028bc                bn::bg_blocks_manager::update_affine_map_row(int, int, int)
 .text._ZN2bn17bg_blocks_manager28update_affine_map_bottom_rowEiii
                0x08002a18       0x30 bn_bg_blocks_manager.o
                0x08002a18                bn::bg_blocks_manager::update_affine_map_bottom_row(int, int, int)
 .text._ZN2bn17bg_blocks_manager23set_affine_map_positionEiii
                0x08002a48      0x1f0 bn_bg_blocks_manager.o
                0x08002a48                bn::bg_blocks_manager::set_affine_map_position(int, int, int)
 .text._ZN2bn17bg_blocks_manager21update_affine_map_colEiii
                0x08002c38      0x318 bn_bg_blocks_manager.o
                0x08002c38                bn::bg_blocks_manager::update_affine_map_col(int, int, int)
 .text._ZN2bn17bg_blocks_manager27update_affine_map_right_colEiii
                0x08002f50       0x30 bn_bg_blocks_manager.o
                0x08002f50                bn::bg_blocks_manager::update_affine_map_right_col(int, int, int)
 .text._ZN2bn17bg_blocks_manager22update_regular_map_rowEiii
                0x08002f80      0x19c bn_bg_blocks_manager.o
                0x08002f80                bn::bg_blocks_manager::update_regular_map_row(int, int, int)
 .text._ZN2bn17bg_blocks_manager22update_regular_map_colEiii
                0x0800311c      0x1f0 bn_bg_blocks_manager.o
                0x0800311c                bn::bg_blocks_manager::update_regular_map_col(int, int, int)
 .text._ZN2bn17bg_blocks_manager24set_regular_map_positionEiii
                0x0800330c      0x210 bn_bg_blocks_manager.o
                0x0800330c                bn::bg_blocks_manager::set_regular_map_position(int, int, int)
 .text._ZN2bn17bg_blocks_manager33set_regular_map_tiles_and_paletteEiONS_20regular_bg_tiles_ptrEONS_14bg_palette_ptrE
                0x0800351c      0x2b4 bn_bg_blocks_manager.o
                0x0800351c                bn::bg_blocks_manager::set_regular_map_tiles_and_palette(int, bn::regular_bg_tiles_ptr&&, bn::bg_palette_ptr&&)
 .text._ZN2bn17bg_blocks_manager21set_regular_map_tilesEiONS_20regular_bg_tiles_ptrE
                0x080037d0      0x248 bn_bg_blocks_manager.o
                0x080037d0                bn::bg_blocks_manager::set_regular_map_tiles(int, bn::regular_bg_tiles_ptr&&)
 .text._ZN2bn17bg_blocks_manager23set_regular_map_paletteEiONS_14bg_palette_ptrE
                0x08003a18      0x210 bn_bg_blocks_manager.o
                0x08003a18                bn::bg_blocks_manager::set_regular_map_palette(int, bn::bg_palette_ptr&&)
 .text._ZN2bn17bg_blocks_manager12_GLOBAL__N_1L22_find_regular_map_implERKNS_19regular_bg_map_itemEPKtRKNS_20regular_bg_tiles_ptrERKNS_14bg_palette_ptrE
                0x08003c28      0x2d0 bn_bg_blocks_manager.o
 .text._ZN2bn17bg_blocks_manager12_GLOBAL__N_1L12_commit_itemERKNS1_9item_typeEb
                0x08003ef8      0x1d8 bn_bg_blocks_manager.o
 .text._ZN2bn17bg_blocks_manager19commit_uncompressedEb
                0x080040d0       0x54 bn_bg_blocks_manager.o
                0x080040d0                bn::bg_blocks_manager::commit_uncompressed(bool)
 .text._ZN2bn17bg_blocks_manager17commit_compressedEv
                0x08004124       0x48 bn_bg_blocks_manager.o
                0x08004124                bn::bg_blocks_manager::commit_compressed()
 .text._ZN2bn17bg_blocks_manager12_GLOBAL__N_1L12_create_itemEiibONS1_11create_dataE
                0x0800416c      0x4f8 bn_bg_blocks_manager.o
 .text._ZN2bn17bg_blocks_manager12_GLOBAL__N_1L12_create_implEONS1_11create_dataE
                0x08004664      0x214 bn_bg_blocks_manager.o
 .text._ZN2bn17bg_blocks_manager20create_regular_tilesERKNS_21regular_bg_tiles_itemEb
                0x08004878      0x13c bn_bg_blocks_manager.o
                0x08004878                bn::bg_blocks_manager::create_regular_tiles(bn::regular_bg_tiles_item const&, bool)
 .text._ZN2bn17bg_blocks_manager18create_regular_mapERKNS_19regular_bg_map_itemEPKtONS_20regular_bg_tiles_ptrEONS_14bg_palette_ptrEb
                0x080049b4      0x26c bn_bg_blocks_manager.o
                0x080049b4                bn::bg_blocks_manager::create_regular_map(bn::regular_bg_map_item const&, unsigned short const*, bn::regular_bg_tiles_ptr&&, bn::bg_palette_ptr&&, bool)
 .text._ZN2bn18regular_bg_map_ptr6createERKNS_15regular_bg_itemEi
                0x08004c20       0xd8 bn_bg_blocks_manager.o
                0x08004c20                bn::regular_bg_map_ptr::create(bn::regular_bg_item const&, int)
 .text._ZN3_bn6assert9show_argsIA39_ciEEvPKcS4_S4_iRKT_RKT0_
                0x08004cf8       0x54 bn_bg_blocks_manager.o
                0x08004cf8                void _bn::assert::show_args<char [39], int>(char const*, char const*, char const*, int, char const (&) [39], int const&)
 .text.startup._GLOBAL__sub_I__ZN2bn7bg_maps16used_cells_countEv
                0x08004d4c       0x88 bn_bg_blocks_manager.o
 .text._ZN2bn11bgs_manager12_GLOBAL__N_1L29_check_unique_regular_big_mapERNS1_9item_typeE
                0x08004dd4       0x6c bn_bgs_manager.o
 .text._ZN2bn11bgs_manager12_GLOBAL__N_111static_dataD2Ev
                0x08004e40       0x10 bn_bgs_manager.o
 .text._ZN2bn11bgs_manager12_GLOBAL__N_1L33_update_item_hw_affine_attributesERKNS1_9item_typeE
                0x08004e50       0x48 bn_bgs_manager.o
 .text._ZN2bn11bgs_manager4initEv
                0x08004e98       0x8c bn_bgs_manager.o
                0x08004e98                bn::bgs_manager::init()
 .text._ZN2bn11bgs_manager5hw_idEPv
                0x08004f24        0x8 bn_bgs_manager.o
                0x08004f24                bn::bgs_manager::hw_id(void*)
 .text._ZN2bn11bgs_manager11hw_positionEPv
                0x08004f2c        0x4 bn_bgs_manager.o
                0x08004f2c                bn::bgs_manager::hw_position(void*)
 .text._ZN2bn11bgs_manager14mat_attributesEPv
                0x08004f30        0x4 bn_bgs_manager.o
                0x08004f30                bn::bgs_manager::mat_attributes(void*)
 .text._ZN2bn11bgs_manager20update_windows_flagsEPj
                0x08004f34       0x7c bn_bgs_manager.o
                0x08004f34                bn::bgs_manager::update_windows_flags(unsigned int*)
 .text._ZN2bn11bgs_manager14update_camerasEv
                0x08004fb0      0x134 bn_bgs_manager.o
                0x08004fb0                bn::bgs_manager::update_cameras()
 .text._ZN2bn11bgs_manager28update_regular_map_tiles_cbbEii
                0x080050e4       0x94 bn_bgs_manager.o
                0x080050e4                bn::bgs_manager::update_regular_map_tiles_cbb(int, int)
 .text._ZN2bn11bgs_manager30update_regular_map_palette_bppEiNS_8bpp_modeE
                0x08005178       0x98 bn_bgs_manager.o
                0x08005178                bn::bgs_manager::update_regular_map_palette_bpp(int, bn::bpp_mode)
 .text._ZN2bn11bgs_manager36fill_hblank_effect_regular_positionsEiPKNS_7fixed_tILi12EEEPt
                0x08005210       0x38 bn_bgs_manager.o
                0x08005210                bn::bgs_manager::fill_hblank_effect_regular_positions(int, bn::fixed_t<12> const*, unsigned short*)
 .text._ZN2bn11bgs_manager45fill_hblank_effect_pivot_horizontal_positionsEPvPKNS_7fixed_tILi12EEEPj
                0x08005248       0x28 bn_bgs_manager.o
                0x08005248                bn::bgs_manager::fill_hblank_effect_pivot_horizontal_positions(void*, bn::fixed_t<12> const*, unsigned int*)
 .text._ZN2bn11bgs_manager43fill_hblank_effect_pivot_vertical_positionsEPvPKNS_7fixed_tILi12EEEPj
                0x08005270       0x28 bn_bgs_manager.o
                0x08005270                bn::bgs_manager::fill_hblank_effect_pivot_vertical_positions(void*, bn::fixed_t<12> const*, unsigned int*)
 .text._ZN2bn11bgs_manager6commitEb
                0x08005298       0x58 bn_bgs_manager.o
                0x08005298                bn::bgs_manager::commit(bool)
 .text._ZN2bn11bgs_manager4stopEv
                0x080052f0       0x28 bn_bgs_manager.o
                0x080052f0                bn::bgs_manager::stop()
 .text._ZN3_bn6assert9show_argsIA17_ciEEvPKcS4_S4_iRKT_RKT0_
                0x08005318       0x54 bn_bgs_manager.o
                0x08005318                void _bn::assert::show_args<char [17], int>(char const*, char const*, char const*, int, char const (&) [17], int const&)
 .text._ZN3_bn6assert9show_argsIA30_cEEvPKcS4_S4_iRKT_
                0x0800536c       0x48 bn_bgs_manager.o
                0x0800536c                void _bn::assert::show_args<char [30]>(char const*, char const*, char const*, int, char const (&) [30])
 .text._ZN2bn18regular_bg_builder11release_mapEv
                0x080053b4       0x6c bn_bgs_manager.o
                0x080053b4                bn::regular_bg_builder::release_map()
 .text._ZN2bn11bgs_manager15commit_big_mapsEv
                0x08005420      0x208 bn_bgs_manager.o
                0x08005420                bn::bgs_manager::commit_big_maps()
 .text._ZN2bn11bgs_manager12_GLOBAL__N_19item_type18update_regular_mapEv
                0x08005628      0x1b4 bn_bgs_manager.o
 .text._ZN2bn11bgs_manager10affine_mapEPv
                0x080057dc       0x34 bn_bgs_manager.o
                0x080057dc                bn::bgs_manager::affine_map(void*)
 .text._ZN2bn11bgs_manager11regular_mapEPv
                0x08005810       0x34 bn_bgs_manager.o
                0x08005810                bn::bgs_manager::regular_map(void*)
 .text._ZN3_bn6assert9show_argsIA27_cEEvPKcS4_S4_iRKT_
                0x08005844       0x48 bn_bgs_manager.o
                0x08005844                void _bn::assert::show_args<char [27]>(char const*, char const*, char const*, int, char const (&) [27])
 .text._ZN3_bn6assert9show_argsIA46_cEEvPKcS4_S4_iRKT_
                0x0800588c       0x48 bn_bgs_manager.o
                0x0800588c                void _bn::assert::show_args<char [46]>(char const*, char const*, char const*, int, char const (&) [46])
 .text._ZN2bn11bgs_manager37fill_hblank_effect_regular_attributesEPvPKNS_21regular_bg_attributesEPt
                0x080058d4      0x118 bn_bgs_manager.o
                0x080058d4                bn::bgs_manager::fill_hblank_effect_regular_attributes(void*, bn::regular_bg_attributes const*, unsigned short*)
 .text._ZN2bn11bgs_manager36fill_hblank_effect_affine_attributesEPvPKNS_20affine_bg_attributesEPt
                0x080059ec      0x10c bn_bgs_manager.o
                0x080059ec                bn::bgs_manager::fill_hblank_effect_affine_attributes(void*, bn::affine_bg_attributes const*, unsigned short*)
 .text._ZN2bn11bgs_manager15rebuild_handlesEv.part.0
                0x08005af8      0x1a4 bn_bgs_manager.o
 .text._ZN2bn11bgs_manager6updateEv
                0x08005c9c      0x158 bn_bgs_manager.o
                0x08005c9c                bn::bgs_manager::update()
 .text._ZN2bn11bgs_manager12_GLOBAL__N_1L12_insert_itemERNS1_9item_typeE
                0x08005df4      0x104 bn_bgs_manager.o
 .text._ZN3_bn6assert9show_argsIA13_cEEvPKcS4_S4_iRKT_
                0x08005ef8       0x48 bn_bgs_manager.o
                0x08005ef8                void _bn::assert::show_args<char [13]>(char const*, char const*, char const*, int, char const (&) [13])
 .text._ZN2bn11bgs_manager6createEONS_18regular_bg_builderE
                0x08005f40      0x1ec bn_bgs_manager.o
                0x08005f40                bn::bgs_manager::create(bn::regular_bg_builder&&)
 .text._ZNK2bn15regular_bg_item9create_bgENS_7fixed_tILi12EEES2_
                0x0800612c       0x78 bn_bgs_manager.o
                0x0800612c                bn::regular_bg_item::create_bg(bn::fixed_t<12>, bn::fixed_t<12>) const
 .text._ZN2bn5eraseIPNS_11bgs_manager12_GLOBAL__N_19item_typeEEENS_7ivectorIT_E9size_typeERS7_RKS6_.constprop.0.isra.0
                0x080061a4      0x144 bn_bgs_manager.o
 .text._ZN2bn11bgs_manager15decrease_usagesEPv
                0x080062e8       0xa8 bn_bgs_manager.o
                0x080062e8                bn::bgs_manager::decrease_usages(void*)
 .text._ZN2bn14regular_bg_ptrD2Ev
                0x08006390       0x18 bn_bgs_manager.o
                0x08006390                bn::regular_bg_ptr::~regular_bg_ptr()
                0x08006390                bn::regular_bg_ptr::~regular_bg_ptr()
 .text.startup._GLOBAL__sub_I__ZN2bn3bgs16used_items_countEv
                0x080063a8       0x90 bn_bgs_manager.o
 .text._ZN2bn10camera_ptrD2Ev
                0x08006438       0x38 bn_cameras_manager.o
                0x08006438                bn::camera_ptr::~camera_ptr()
                0x08006438                bn::camera_ptr::~camera_ptr()
 .text._ZNK2bn10camera_ptr8positionEv
                0x08006470       0x14 bn_cameras_manager.o
                0x08006470                bn::camera_ptr::position() const
 .text._ZN2bn15cameras_manager4initEv
                0x08006484       0x24 bn_cameras_manager.o
                0x08006484                bn::cameras_manager::init()
 .text._ZN2bn15cameras_manager6updateEv
                0x080064a8       0x28 bn_cameras_manager.o
                0x080064a8                bn::cameras_manager::update()
 .text.startup._GLOBAL__sub_I__ZN2bn7cameras16used_items_countEv
                0x080064d0       0x24 bn_cameras_manager.o
 .text._ZN2bn4core12_GLOBAL__N_1L12_vblank_intrEv
                0x080064f4       0x3c bn_core.o
 .text._ZN2bn4core12_GLOBAL__N_1L4stopEb
                0x08006530       0x60 bn_core.o
 .text._ZN2bn4core12_GLOBAL__N_1L11update_implEv
                0x08006590      0x110 bn_core.o
 .text._ZN2bn4core6updateEv
                0x080066a0       0x78 bn_core.o
                0x080066a0                bn::core::update()
 .text._ZN2bn4core4initERKNS_8optionalINS_5colorEEERKNS_11string_viewE
                0x08006718      0x138 bn_core.o
                0x08006718                bn::core::init(bn::optional<bn::color> const&, bn::string_view const&)
 .text._ZN2bn4core4initEv
                0x08006850       0x20 bn_core.o
                0x08006850                bn::core::init()
 .text._ZN2bn11string_viewC2EPKc
                0x08006870       0x40 bn_core.o
                0x08006870                bn::string_view::string_view(char const*)
                0x08006870                bn::string_view::string_view(char const*)
 .text._ZN3_bn6assert12_GLOBAL__N_1L10_show_implEPKcS3_S3_iRKN2bn11string_viewE
                0x080068b0       0x80 bn_core.o
 .text._ZN3_bn6assert4showEPKcS2_S2_iRKN2bn12istring_baseE
                0x08006930       0x18 bn_core.o
                0x08006930                _bn::assert::show(char const*, char const*, char const*, int, bn::istring_base const&)
 .text._ZN3_bn6assert9show_argsIA18_cEEvPKcS4_S4_iRKT_
                0x08006948       0x48 bn_core.o
                0x08006948                void _bn::assert::show_args<char [18]>(char const*, char const*, char const*, int, char const (&) [18])
 .text.startup._GLOBAL__sub_I__ZN2bn4core4initEv
                0x08006990       0x4c bn_core.o
 .text._ZN2bn15display_manager12_GLOBAL__N_111static_dataD2Ev
                0x080069dc       0x34 bn_display_manager.o
 .text._ZN2bn15display_manager12_GLOBAL__N_1L34_update_rect_windows_hw_boundariesEi
                0x08006a10       0x7c bn_display_manager.o
 .text._ZN2bn15display_manager4initEv
                0x08006a8c       0x98 bn_display_manager.o
                0x08006a8c                bn::display_manager::init()
 .text._ZN2bn15display_manager8set_modeEi
                0x08006b24       0x1c bn_display_manager.o
                0x08006b24                bn::display_manager::set_mode(int)
 .text._ZN2bn15display_manager14set_bg_enabledEib
                0x08006b40       0x18 bn_display_manager.o
                0x08006b40                bn::display_manager::set_bg_enabled(int, bool)
 .text._ZN2bn15display_manager15disable_all_bgsEv
                0x08006b58       0x14 bn_display_manager.o
                0x08006b58                bn::display_manager::disable_all_bgs()
 .text._ZN2bn15display_manager36fill_mosaic_hblank_effect_attributesEPKNS_17mosaic_attributesEPt
                0x08006b6c       0x98 bn_display_manager.o
                0x08006b6c                bn::display_manager::fill_mosaic_hblank_effect_attributes(bn::mosaic_attributes const*, unsigned short*)
 .text._ZN2bn15display_manager27set_blending_top_bg_enabledEib
                0x08006c04       0x20 bn_display_manager.o
                0x08006c04                bn::display_manager::set_blending_top_bg_enabled(int, bool)
 .text._ZN2bn15display_manager30set_blending_bottom_bg_enabledEib
                0x08006c24       0x20 bn_display_manager.o
                0x08006c24                bn::display_manager::set_blending_bottom_bg_enabled(int, bool)
 .text._ZN2bn15display_manager32blending_transparency_top_weightEv
                0x08006c44       0x18 bn_display_manager.o
                0x08006c44                bn::display_manager::blending_transparency_top_weight()
 .text._ZN2bn15display_manager35blending_transparency_bottom_weightEv
                0x08006c5c       0x28 bn_display_manager.o
                0x08006c5c                bn::display_manager::blending_transparency_bottom_weight()
 .text._ZN2bn15display_manager51fill_blending_transparency_hblank_effect_attributesEPKNS_32blending_transparency_attributesEPt
                0x08006c84       0x30 bn_display_manager.o
                0x08006c84                bn::display_manager::fill_blending_transparency_hblank_effect_attributes(bn::blending_transparency_attributes const*, unsigned short*)
 .text._ZN2bn15display_manager21blending_fade_enabledEv
                0x08006cb4        0xc bn_display_manager.o
                0x08006cb4                bn::display_manager::blending_fade_enabled()
 .text._ZN2bn15display_manager39fill_blending_fade_hblank_effect_alphasEPKNS_19blending_fade_alphaEPt
                0x08006cc0       0x24 bn_display_manager.o
                0x08006cc0                bn::display_manager::fill_blending_fade_hblank_effect_alphas(bn::blending_fade_alpha const*, unsigned short*)
 .text._ZN2bn15display_manager26update_windows_visible_bgsEv
                0x08006ce4       0x14 bn_display_manager.o
                0x08006ce4                bn::display_manager::update_windows_visible_bgs()
 .text._ZN2bn15display_manager36rect_window_hw_horizontal_boundariesEi
                0x08006cf8       0x18 bn_display_manager.o
                0x08006cf8                bn::display_manager::rect_window_hw_horizontal_boundaries(int)
 .text._ZN2bn15display_manager34rect_window_hw_vertical_boundariesEi
                0x08006d10       0x18 bn_display_manager.o
                0x08006d10                bn::display_manager::rect_window_hw_vertical_boundaries(int)
 .text._ZN2bn15display_manager52fill_rect_window_hblank_effect_horizontal_boundariesERKSt4pairIiiEPKS1_INS_7fixed_tILi12EEES6_EPt
                0x08006d28      0x134 bn_display_manager.o
                0x08006d28                bn::display_manager::fill_rect_window_hblank_effect_horizontal_boundaries(std::pair<int, int> const&, std::pair<bn::fixed_t<12>, bn::fixed_t<12> > const*, unsigned short*)
 .text._ZN2bn15display_manager50fill_rect_window_hblank_effect_vertical_boundariesERKSt4pairIiiEPKS1_INS_7fixed_tILi12EEES6_EPt
                0x08006e5c      0x134 bn_display_manager.o
                0x08006e5c                bn::display_manager::fill_rect_window_hblank_effect_vertical_boundaries(std::pair<int, int> const&, std::pair<bn::fixed_t<12>, bn::fixed_t<12> > const*, unsigned short*)
 .text._ZN2bn15display_manager36fill_green_swap_hblank_effect_statesEPKbPt
                0x08006f90       0x38 bn_display_manager.o
                0x08006f90                bn::display_manager::fill_green_swap_hblank_effect_states(bool const*, unsigned short*)
 .text._ZN2bn15display_manager14update_camerasEv
                0x08006fc8       0x40 bn_display_manager.o
                0x08006fc8                bn::display_manager::update_cameras()
 .text._ZN2bn15display_manager6updateEv
                0x08007008      0x244 bn_display_manager.o
                0x08007008                bn::display_manager::update()
 .text._ZN2bn15display_manager6commitEv
                0x0800724c      0x130 bn_display_manager.o
                0x0800724c                bn::display_manager::commit()
 .text._ZN2bn15display_manager4stopEv
                0x0800737c       0x30 bn_display_manager.o
                0x0800737c                bn::display_manager::stop()
 .text._ZN3_bn6assert9show_argsIA66_cEEvPKcS4_S4_iRKT_
                0x080073ac       0x48 bn_display_manager.o
                0x080073ac                void _bn::assert::show_args<char [66]>(char const*, char const*, char const*, int, char const (&) [66])
 .text.startup._GLOBAL__sub_I__ZNK2bn6window7show_bgERKNS_14regular_bg_ptrE
                0x080073f4       0xa4 bn_display_manager.o
 .text._ZN2bn12gpio_manager5sleepEv
                0x08007498       0x28 bn_gpio_manager.o
                0x08007498                bn::gpio_manager::sleep()
 .text._ZN2bn22hblank_effects_manager12_GLOBAL__N_19item_type18_output_values_ptrEv
                0x080074c0       0x40 bn_hblank_effects_manager.o
 .text._ZN2bn22hblank_effects_manager7disableEv
                0x08007500       0x24 bn_hblank_effects_manager.o
                0x08007500                bn::hblank_effects_manager::disable()
 .text._ZN2bn22hblank_effects_manager4stopEv
                0x08007524       0x38 bn_hblank_effects_manager.o
                0x08007524                bn::hblank_effects_manager::stop()
 .text._ZN2bn22hblank_effects_manager6commitEv
                0x0800755c       0x8c bn_hblank_effects_manager.o
                0x0800755c                bn::hblank_effects_manager::commit()
 .text._ZN2bn22hblank_effects_manager12_GLOBAL__N_1L10_is_uint32ENS0_12handler_typeE
                0x080075e8       0x64 bn_hblank_effects_manager.o
 .text._ZN2bn22hblank_effects_manager12_GLOBAL__N_19item_type12check_updateEv
                0x0800764c     0x1548 bn_hblank_effects_manager.o
 .text._ZN2bn22hblank_effects_manager6updateEv
                0x08008b94      0x1ec bn_hblank_effects_manager.o
                0x08008b94                bn::hblank_effects_manager::update()
 .text._ZN2bn22hblank_effects_manager4initEv
                0x08008d80      0x180 bn_hblank_effects_manager.o
                0x08008d80                bn::hblank_effects_manager::init()
 .text.startup._GLOBAL__sub_I__ZN2bn4hbes10used_countEv
                0x08008f00       0xe8 bn_hblank_effects_manager.o
 .text._ZN2bn12hdma_manager4initEv
                0x08008fe8       0x40 bn_hdma_manager.o
                0x08008fe8                bn::hdma_manager::init()
 .text._ZN2bn12hdma_manager10force_stopEv
                0x08009028       0x5c bn_hdma_manager.o
                0x08009028                bn::hdma_manager::force_stop()
 .text._ZN2bn12hdma_manager7disableEv
                0x08009084       0x48 bn_hdma_manager.o
                0x08009084                bn::hdma_manager::disable()
 .text._ZN2bn12hdma_manager6updateEv
                0x080090cc       0x6c bn_hdma_manager.o
                0x080090cc                bn::hdma_manager::update()
 .text._ZN2bn12hdma_manager24commit_interrupt_handlerEv
                0x08009138       0x20 bn_hdma_manager.o
                0x08009138                bn::hdma_manager::commit_interrupt_handler()
 .text._ZN2bn12hdma_manager14commit_entriesEb
                0x08009158      0x168 bn_hdma_manager.o
                0x08009158                bn::hdma_manager::commit_entries(bool)
 .text.startup._GLOBAL__sub_I__ZN2bn4hdma7runningEv
                0x080092c0       0x3c bn_hdma_manager.o
 .text._ZN2bn6keypad9b_pressedEv
                0x080092fc       0x10 bn_keypad_manager.o
                0x080092fc                bn::keypad::b_pressed()
 .text._ZN2bn6keypad10right_heldEv
                0x0800930c       0x10 bn_keypad_manager.o
                0x0800930c                bn::keypad::right_held()
 .text._ZN2bn6keypad9left_heldEv
                0x0800931c       0x10 bn_keypad_manager.o
                0x0800931c                bn::keypad::left_held()
 .text._ZN2bn14keypad_manager4stopEv
                0x0800932c        0x4 bn_keypad_manager.o
                0x0800932c                bn::keypad_manager::stop()
 .text._ZN2bn14keypad_manager6updateEv
                0x08009330       0xb8 bn_keypad_manager.o
                0x08009330                bn::keypad_manager::update()
 .text._ZN2bn14keypad_manager4initERKNS_11string_viewE
                0x080093e8       0x64 bn_keypad_manager.o
                0x080093e8                bn::keypad_manager::init(bn::string_view const&)
 .text._ZN2bn12link_manager4initEv
                0x0800944c        0xc bn_link_manager.o
                0x0800944c                bn::link_manager::init()
 .text._ZN2bn12link_manager6activeEv
                0x08009458        0xc bn_link_manager.o
                0x08009458                bn::link_manager::active()
 .text._ZN2bn12link_manager7disableEv
                0x08009464       0x18 bn_link_manager.o
                0x08009464                bn::link_manager::disable()
 .text._ZN2bn12link_manager6commitEv
                0x0800947c       0x18 bn_link_manager.o
                0x0800947c                bn::link_manager::commit()
 .text._ZN2bn14memory_manager12_GLOBAL__N_111static_dataD2Ev
                0x08009494       0x10 bn_memory_manager.o
 .text._ZN3_bn6memory18unsafe_clear_wordsEiPv
                0x080094a4       0x14 bn_memory_manager.o
                0x080094a4                _bn::memory::unsafe_clear_words(int, void*)
 .text._ZN2bn4freeEPv
                0x080094b8       0x14 bn_memory_manager.o
                0x080094b8                bn::free(void*)
 .text._ZN2bn14memory_manager4initEv
                0x080094cc       0x2c bn_memory_manager.o
                0x080094cc                bn::memory_manager::init()
 .text.startup._GLOBAL__sub_I__Znwj
                0x080094f8       0x20 bn_memory_manager.o
 .text._ZN2bn2hw8palettes9grayscaleEPKNS_5colorEiiPS2_.part.0
                0x08009518       0x40 bn_palettes_manager.o
 .text._ZN2bn14bg_palette_ptrC2ERKS0_
                0x08009558       0x2c bn_palettes_manager.o
                0x08009558                bn::bg_palette_ptr::bg_palette_ptr(bn::bg_palette_ptr const&)
                0x08009558                bn::bg_palette_ptr::bg_palette_ptr(bn::bg_palette_ptr const&)
 .text._ZNK2bn14bg_palette_ptr3bppEv
                0x08009584       0x20 bn_palettes_manager.o
                0x08009584                bn::bg_palette_ptr::bpp() const
 .text._ZNK2bn18sprite_palette_ptr3bppEv
                0x080095a4       0x1c bn_palettes_manager.o
                0x080095a4                bn::sprite_palette_ptr::bpp() const
 .text._ZNK2bn13palettes_bank10log_statusEv
                0x080095c0      0x178 bn_palettes_manager.o
                0x080095c0                bn::palettes_bank::log_status() const
 .text._ZN2bn13palettes_bank10find_bpp_4ERKNS_4spanIKNS_5colorEEEt
                0x08009738      0x118 bn_palettes_manager.o
                0x08009738                bn::palettes_bank::find_bpp_4(bn::span<bn::color const> const&, unsigned short)
 .text._ZNK2bn13palettes_bank20retrieve_commit_dataEv
                0x08009850       0x4c bn_palettes_manager.o
                0x08009850                bn::palettes_bank::retrieve_commit_data() const
 .text._ZNK2bn13palettes_bank21_apply_global_effectsEiPNS_5colorE
                0x0800989c      0x128 bn_palettes_manager.o
                0x0800989c                bn::palettes_bank::_apply_global_effects(int, bn::color*) const
 .text._ZNK2bn13palettes_bank25fill_hblank_effect_colorsEPKNS_5colorEPt
                0x080099c4       0x30 bn_palettes_manager.o
                0x080099c4                bn::palettes_bank::fill_hblank_effect_colors(bn::color const*, unsigned short*) const
 .text._ZNK2bn13palettes_bank7palette13apply_effectsEiPNS_5colorE
                0x080099f4       0xb0 bn_palettes_manager.o
                0x080099f4                bn::palettes_bank::palette::apply_effects(int, bn::color*) const
 .text._ZNK2bn13palettes_bank25fill_hblank_effect_colorsEiPKNS_5colorEPt
                0x08009aa4       0x44 bn_palettes_manager.o
                0x08009aa4                bn::palettes_bank::fill_hblank_effect_colors(int, bn::color const*, unsigned short*) const
 .text._ZN2bn13palettes_bank15_update_paletteEi
                0x08009ae8       0x70 bn_palettes_manager.o
                0x08009ae8                bn::palettes_bank::_update_palette(int)
 .text._ZN2bn13palettes_bank6updateEv
                0x08009b58      0x134 bn_palettes_manager.o
                0x08009b58                bn::palettes_bank::update()
 .text._ZN2bn13palettes_bankC2Ev
                0x08009c8c       0xd4 bn_palettes_manager.o
                0x08009c8c                bn::palettes_bank::palettes_bank()
                0x08009c8c                bn::palettes_bank::palettes_bank()
 .text._ZN2bn16palettes_manager4initERKNS_8optionalINS_5colorEEE
                0x08009d60      0x184 bn_palettes_manager.o
                0x08009d60                bn::palettes_manager::init(bn::optional<bn::color> const&)
 .text._ZN2bn16palettes_manager20sprite_palettes_bankEv
                0x08009ee4        0x8 bn_palettes_manager.o
                0x08009ee4                bn::palettes_manager::sprite_palettes_bank()
 .text._ZN2bn16palettes_manager16bg_palettes_bankEv
                0x08009eec        0x8 bn_palettes_manager.o
                0x08009eec                bn::palettes_manager::bg_palettes_bank()
 .text._ZN2bn16palettes_manager6updateEv
                0x08009ef4       0x20 bn_palettes_manager.o
                0x08009ef4                bn::palettes_manager::update()
 .text._ZN2bn16palettes_manager6commitEb
                0x08009f14       0xf8 bn_palettes_manager.o
                0x08009f14                bn::palettes_manager::commit(bool)
 .text._ZN2bn16palettes_manager4stopEv
                0x0800a00c       0x20 bn_palettes_manager.o
                0x0800a00c                bn::palettes_manager::stop()
 .text._ZN3_bn6assert9show_argsIA35_cEEvPKcS4_S4_iRKT_
                0x0800a02c       0x48 bn_palettes_manager.o
                0x0800a02c                void _bn::assert::show_args<char [35]>(char const*, char const*, char const*, int, char const (&) [35])
 .text._ZN2bn13palettes_bank11colors_hashERKNS_4spanIKNS_5colorEEE
                0x0800a074       0x48 bn_palettes_manager.o
                0x0800a074                bn::palettes_bank::colors_hash(bn::span<bn::color const> const&)
 .text._ZN3_bn6assert9show_argsIJA43_ciA38_cA42_cEEEvPKcS6_S6_iDpRKT_
                0x0800a0bc       0x64 bn_palettes_manager.o
                0x0800a0bc                void _bn::assert::show_args<char [43], int, char [38], char [42]>(char const*, char const*, char const*, int, char const (&) [43], int const&, char const (&) [38], char const (&) [42])
 .text._ZN2bn13palettes_bank12create_bpp_8ERKNS_4spanIKNS_5colorEEENS_16compression_typeEb
                0x0800a120      0x230 bn_palettes_manager.o
                0x0800a120                bn::palettes_bank::create_bpp_8(bn::span<bn::color const> const&, bn::compression_type, bool)
 .text._ZNK2bn19sprite_palette_item10decompressENS_4spanINS_5colorEEE
                0x0800a350      0x168 bn_palettes_manager.o
                0x0800a350                bn::sprite_palette_item::decompress(bn::span<bn::color>) const
 .text._ZNK2bn15bg_palette_item10decompressENS_4spanINS_5colorEEE
                0x0800a4b8      0x168 bn_palettes_manager.o
                0x0800a4b8                bn::bg_palette_item::decompress(bn::span<bn::color>) const
 .text._ZN2bn14iunordered_mapItsNS_15identity_hasherENS_8equal_toItEEE21insert_or_assign_hashEjOSt4pairIKtsE.isra.0
                0x0800a620      0x108 bn_palettes_manager.o
 .text._ZN2bn13palettes_bank12create_bpp_4ERKNS_4spanIKNS_5colorEEEtb
                0x0800a728      0x168 bn_palettes_manager.o
                0x0800a728                bn::palettes_bank::create_bpp_4(bn::span<bn::color const> const&, unsigned short, bool)
 .text._ZN2bn12_GLOBAL__N_1L12_create_implERKNS_15bg_palette_itemEb
                0x0800a890       0xa0 bn_palettes_manager.o
 .text._ZN2bn14bg_palette_ptr6createERKNS_15bg_palette_itemE
                0x0800a930       0x54 bn_palettes_manager.o
                0x0800a930                bn::bg_palette_ptr::create(bn::bg_palette_item const&)
 .text._ZN2bn12_GLOBAL__N_1L12_create_implERKNS_19sprite_palette_itemEb
                0x0800a984       0x88 bn_palettes_manager.o
 .text._ZN2bn18sprite_palette_ptr6createERKNS_19sprite_palette_itemE
                0x0800aa0c       0x48 bn_palettes_manager.o
                0x0800aa0c                bn::sprite_palette_ptr::create(bn::sprite_palette_item const&)
 .text._ZN2bn13palettes_bank30_erase_bpp_4_indexes_map_indexEt
                0x0800aa54      0x1c4 bn_palettes_manager.o
                0x0800aa54                bn::palettes_bank::_erase_bpp_4_indexes_map_index(unsigned short)
 .text._ZN2bn13palettes_bank15decrease_usagesEi
                0x0800ac18       0x80 bn_palettes_manager.o
                0x0800ac18                bn::palettes_bank::decrease_usages(int)
 .text._ZN2bn14bg_palette_ptraSERKS0_
                0x0800ac98       0x4c bn_palettes_manager.o
                0x0800ac98                bn::bg_palette_ptr::operator=(bn::bg_palette_ptr const&)
 .text._ZN2bn14bg_palette_ptrD2Ev
                0x0800ace4       0x20 bn_palettes_manager.o
                0x0800ace4                bn::bg_palette_ptr::~bg_palette_ptr()
                0x0800ace4                bn::bg_palette_ptr::~bg_palette_ptr()
 .text._ZN2bn18sprite_palette_ptrD2Ev
                0x0800ad04       0x20 bn_palettes_manager.o
                0x0800ad04                bn::sprite_palette_ptr::~sprite_palette_ptr()
                0x0800ad04                bn::sprite_palette_ptr::~sprite_palette_ptr()
 .text.startup._GLOBAL__sub_I__ZN2bn11bg_palettes17used_colors_countEv
                0x0800ad24       0x20 bn_palettes_manager.o
 .text._ZN2bn26sprite_affine_mats_manager12_GLOBAL__N_1L19_sprite_double_sizeILi32ELi16EEEbiiiii
                0x0800ad44       0x80 bn_sprite_affine_mats_manager.o
 .text._ZN2bn26sprite_affine_mats_manager12_GLOBAL__N_1L19_sprite_double_sizeILi16ELi32EEEbiiiii
                0x0800adc4       0x80 bn_sprite_affine_mats_manager.o
 .text._ZN2bn26sprite_affine_mats_manager12_GLOBAL__N_111static_dataD2Ev
                0x0800ae44       0x38 bn_sprite_affine_mats_manager.o
 .text._ZNK2bn26sprite_affine_mats_manager12_GLOBAL__N_19item_type18sprite_double_sizeEiRKNS_17sprite_shape_sizeE.isra.0
                0x0800ae7c      0x1b4 bn_sprite_affine_mats_manager.o
 .text._ZNK2bn21sprite_affine_mat_ptr15horizontal_flipEv
                0x0800b030       0x18 bn_sprite_affine_mats_manager.o
                0x0800b030                bn::sprite_affine_mat_ptr::horizontal_flip() const
 .text._ZNK2bn21sprite_affine_mat_ptr13vertical_flipEv
                0x0800b048       0x18 bn_sprite_affine_mats_manager.o
                0x0800b048                bn::sprite_affine_mat_ptr::vertical_flip() const
 .text._ZN2bn26sprite_affine_mats_manager20retrieve_commit_dataEv
                0x0800b060       0x3c bn_sprite_affine_mats_manager.o
                0x0800b060                bn::sprite_affine_mats_manager::retrieve_commit_data()
 .text._ZN3_bn6assert9show_argsIA37_cEEvPKcS4_S4_iRKT_
                0x0800b09c       0x48 bn_sprite_affine_mats_manager.o
                0x0800b09c                void _bn::assert::show_args<char [37]>(char const*, char const*, char const*, int, char const (&) [37])
 .text._ZN3_bn6assert9show_argsIA16_cEEvPKcS4_S4_iRKT_
                0x0800b0e4       0x48 bn_sprite_affine_mats_manager.o
                0x0800b0e4                void _bn::assert::show_args<char [16]>(char const*, char const*, char const*, int, char const (&) [16])
 .text._ZN2bn26sprite_affine_mats_manager15decrease_usagesEi.part.0
                0x0800b12c       0x70 bn_sprite_affine_mats_manager.o
 .text._ZN2bn21sprite_affine_mat_ptrD2Ev
                0x0800b19c       0x34 bn_sprite_affine_mats_manager.o
                0x0800b19c                bn::sprite_affine_mat_ptr::~sprite_affine_mat_ptr()
                0x0800b19c                bn::sprite_affine_mat_ptr::~sprite_affine_mat_ptr()
 .text._ZN2bn26sprite_affine_mats_manager6updateEv
                0x0800b1d0      0x2a4 bn_sprite_affine_mats_manager.o
                0x0800b1d0                bn::sprite_affine_mats_manager::update()
 .text._ZN2bn26sprite_affine_mats_manager4initEPv
                0x0800b474      0x100 bn_sprite_affine_mats_manager.o
                0x0800b474                bn::sprite_affine_mats_manager::init(void*)
 .text._ZN2bn26sprite_affine_mats_manager14dettach_spriteEiRNS_24intrusive_list_node_typeE
                0x0800b574       0x4c bn_sprite_affine_mats_manager.o
                0x0800b574                bn::sprite_affine_mats_manager::dettach_sprite(int, bn::intrusive_list_node_type&)
 .text.startup._GLOBAL__sub_I__ZN2bn18sprite_affine_mats10used_countEv
                0x0800b5c0       0xb8 bn_sprite_affine_mats_manager.o
 .text._ZN2bn15sprites_manager12_GLOBAL__N_1L32_always_update_indexes_to_commitERKNS_20sprites_manager_itemE
                0x0800b678       0x4c bn_sprites_manager.o
 .text._ZN2bn15sprites_manager12_GLOBAL__N_111static_dataD2Ev
                0x0800b6c4       0x44 bn_sprites_manager.o
 .text._ZN2bn13ostringstream11append_argsIiJA4_ciEEEvRKT_DpRKT0_.isra.0
                0x0800b708       0x24 bn_sprites_manager.o
 .text._ZN2bn15sprites_manager12_GLOBAL__N_1L23_update_item_dimensionsERNS_20sprites_manager_itemE
                0x0800b72c       0xc0 bn_sprites_manager.o
 .text._ZN2bn15sprites_manager4initEv
                0x0800b7ec       0xcc bn_sprites_manager.o
                0x0800b7ec                bn::sprites_manager::init()
 .text._ZN2bn15sprites_manager5hw_idEPv
                0x0800b8b8        0x8 bn_sprites_manager.o
                0x0800b8b8                bn::sprites_manager::hw_id(void*)
 .text._ZN2bn15sprites_manager5shapeEPv
                0x0800b8c0        0x8 bn_sprites_manager.o
                0x0800b8c0                bn::sprites_manager::shape(void*)
 .text._ZN2bn15sprites_manager4sizeEPv
                0x0800b8c8        0x8 bn_sprites_manager.o
                0x0800b8c8                bn::sprites_manager::size(void*)
 .text._ZN2bn15sprites_manager10shape_sizeEPv
                0x0800b8d0       0x14 bn_sprites_manager.o
                0x0800b8d0                bn::sprites_manager::shape_size(void*)
 .text._ZN2bn15sprites_manager11hw_positionEPv
                0x0800b8e4        0x4 bn_sprites_manager.o
                0x0800b8e4                bn::sprites_manager::hw_position(void*)
 .text._ZN2bn15sprites_manager9view_modeEPv
                0x0800b8e8        0xc bn_sprites_manager.o
                0x0800b8e8                bn::sprites_manager::view_mode(void*)
 .text._ZN2bn15sprites_manager10affine_matEPv
                0x0800b8f4        0x4 bn_sprites_manager.o
                0x0800b8f4                bn::sprites_manager::affine_mat(void*)
 .text._ZN2bn15sprites_manager39fill_hblank_effect_horizontal_positionsEPviPKNS_7fixed_tILi12EEEPt
                0x0800b8f8       0x4c bn_sprites_manager.o
                0x0800b8f8                bn::sprites_manager::fill_hblank_effect_horizontal_positions(void*, int, bn::fixed_t<12> const*, unsigned short*)
 .text._ZN2bn15sprites_manager37fill_hblank_effect_vertical_positionsEPviPKNS_7fixed_tILi12EEEPt
                0x0800b944       0x4c bn_sprites_manager.o
                0x0800b944                bn::sprites_manager::fill_hblank_effect_vertical_positions(void*, int, bn::fixed_t<12> const*, unsigned short*)
 .text._ZN2bn15sprites_manager35fill_hblank_effect_first_attributesEiNS_12sprite_shapeENS_8bpp_modeEiPKNS_23sprite_first_attributesEPt
                0x0800b990       0xd4 bn_sprites_manager.o
                0x0800b990                bn::sprites_manager::fill_hblank_effect_first_attributes(int, bn::sprite_shape, bn::bpp_mode, int, bn::sprite_first_attributes const*, unsigned short*)
 .text._ZN2bn15sprites_manager44fill_hblank_effect_regular_second_attributesEPviNS_11sprite_sizeEPKNS_32sprite_regular_second_attributesEPt
                0x0800ba64       0x60 bn_sprites_manager.o
                0x0800ba64                bn::sprites_manager::fill_hblank_effect_regular_second_attributes(void*, int, bn::sprite_size, bn::sprite_regular_second_attributes const*, unsigned short*)
 .text._ZN2bn15sprites_manager43fill_hblank_effect_affine_second_attributesEPviNS_11sprite_sizeEPKNS_31sprite_affine_second_attributesEPt
                0x0800bac4       0x58 bn_sprites_manager.o
                0x0800bac4                bn::sprites_manager::fill_hblank_effect_affine_second_attributes(void*, int, bn::sprite_size, bn::sprite_affine_second_attributes const*, unsigned short*)
 .text._ZN2bn15sprites_manager14update_camerasEv
                0x0800bb1c       0x20 bn_sprites_manager.o
                0x0800bb1c                bn::sprites_manager::update_cameras()
 .text._ZN2bn15sprites_manager23update_auto_double_sizeEPv
                0x0800bb3c       0x2c bn_sprites_manager.o
                0x0800bb3c                bn::sprites_manager::update_auto_double_size(void*)
 .text._ZN2bn15sprites_manager6commitEb
                0x0800bb68       0xa4 bn_sprites_manager.o
                0x0800bb68                bn::sprites_manager::commit(bool)
 .text._ZN3_bn6assert9show_argsIA54_cEEvPKcS4_S4_iRKT_
                0x0800bc0c       0x48 bn_sprites_manager.o
                0x0800bc0c                void _bn::assert::show_args<char [54]>(char const*, char const*, char const*, int, char const (&) [54])
 .text._ZNK2bn17sprite_shape_size6heightEv.isra.0
                0x0800bc54       0xd0 bn_sprites_manager.o
 .text._ZNK2bn17sprite_shape_size5widthEv.isra.0
                0x0800bd24       0xcc bn_sprites_manager.o
 .text._ZN2bn15sprites_manager12_GLOBAL__N_1L18_remove_affine_matERNS_20sprites_manager_itemE
                0x0800bdf0       0xe4 bn_sprites_manager.o
 .text._ZN2bn15sprites_manager42remove_identity_affine_mat_when_not_neededEPv
                0x0800bed4        0xc bn_sprites_manager.o
                0x0800bed4                bn::sprites_manager::remove_identity_affine_mat_when_not_needed(void*)
 .text._ZN2bn15sprites_manager7paletteEPv
                0x0800bee0       0x34 bn_sprites_manager.o
                0x0800bee0                bn::sprites_manager::palette(void*)
 .text._ZN2bn15sprites_manager9set_tilesEPvONS_16sprite_tiles_ptrE
                0x0800bf14      0x24c bn_sprites_manager.o
                0x0800bf14                bn::sprites_manager::set_tiles(void*, bn::sprite_tiles_ptr&&)
 .text._ZN2bn10sprite_ptr9set_tilesEONS_16sprite_tiles_ptrE
                0x0800c160       0x10 bn_sprites_manager.o
                0x0800c160                bn::sprite_ptr::set_tiles(bn::sprite_tiles_ptr&&)
 .text._ZN2bn15sprites_manager6updateEv
                0x0800c170      0x140 bn_sprites_manager.o
                0x0800c170                bn::sprites_manager::update()
 .text._ZN3_bn6assert9show_argsIJA27_ciA4_ciEEEvPKcS5_S5_iDpRKT_
                0x0800c2b0       0x58 bn_sprites_manager.o
                0x0800c2b0                void _bn::assert::show_args<char [27], int, char [4], int>(char const*, char const*, char const*, int, char const (&) [27], int const&, char const (&) [4], int const&)
 .text._ZN2bn15sprites_manager35fill_hblank_effect_third_attributesENS_17sprite_shape_sizeEPKNS_23sprite_third_attributesEPt
                0x0800c308      0x2f0 bn_sprites_manager.o
                0x0800c308                bn::sprites_manager::fill_hblank_effect_third_attributes(bn::sprite_shape_size, bn::sprite_third_attributes const*, unsigned short*)
 .text._ZN2bn14sorted_sprites6sorter6insertERNS_20sprites_manager_itemE
                0x0800c5f8      0x170 bn_sprites_manager.o
                0x0800c5f8                bn::sorted_sprites::sorter::insert(bn::sprites_manager_item&)
 .text._ZN2bn15sprites_manager6createERKNS_13fixed_point_tILi12EEERKNS_17sprite_shape_sizeEONS_16sprite_tiles_ptrEONS_18sprite_palette_ptrE
                0x0800c768      0x1d0 bn_sprites_manager.o
                0x0800c768                bn::sprites_manager::create(bn::fixed_point_t<12> const&, bn::sprite_shape_size const&, bn::sprite_tiles_ptr&&, bn::sprite_palette_ptr&&)
 .text._ZNK2bn11sprite_item13create_spriteENS_7fixed_tILi12EEES2_
                0x0800c938       0x44 bn_sprites_manager.o
                0x0800c938                bn::sprite_item::create_sprite(bn::fixed_t<12>, bn::fixed_t<12>) const
 .text._ZN2bn15sprites_manager15decrease_usagesEPv
                0x0800c97c      0x17c bn_sprites_manager.o
                0x0800c97c                bn::sprites_manager::decrease_usages(void*)
 .text._ZN2bn10sprite_ptrD2Ev
                0x0800caf8       0x18 bn_sprites_manager.o
                0x0800caf8                bn::sprite_ptr::~sprite_ptr()
                0x0800caf8                bn::sprite_ptr::~sprite_ptr()
 .text.startup._GLOBAL__sub_I__ZN2bn7sprites16used_items_countEv
                0x0800cb10       0xac bn_sprites_manager.o
 .text._ZN3_bn6assert9show_argsIJA25_ciA4_ctEEEvPKcS5_S5_iDpRKT_
                0x0800cbbc       0x64 bn_sprite_text_generator.o
                0x0800cbbc                void _bn::assert::show_args<char [25], int, char [4], unsigned short>(char const*, char const*, char const*, int, char const (&) [25], int const&, char const (&) [4], unsigned short const&)
 .text._ZNK2bn16sprite_tiles_ptr2idEv
                0x0800cc20       0x18 bn_sprite_tiles_manager.o
                0x0800cc20                bn::sprite_tiles_ptr::id() const
 .text._ZNK2bn16sprite_tiles_ptr11tiles_countEv
                0x0800cc38       0x18 bn_sprite_tiles_manager.o
                0x0800cc38                bn::sprite_tiles_ptr::tiles_count() const
 .text._ZN2bn20sprite_tiles_manager10log_statusEv
                0x0800cc50      0x1ec bn_sprite_tiles_manager.o
                0x0800cc50                bn::sprite_tiles_manager::log_status()
 .text._ZN2bn20sprite_tiles_manager19commit_uncompressedEb
                0x0800ce3c       0xc4 bn_sprite_tiles_manager.o
                0x0800ce3c                bn::sprite_tiles_manager::commit_uncompressed(bool)
 .text._ZN3_bn6assert9show_argsIJA44_cPKN2bn4tileEA4_cS6_EEEvPKcS9_S9_iDpRKT_
                0x0800cf00       0x64 bn_sprite_tiles_manager.o
                0x0800cf00                void _bn::assert::show_args<char [44], bn::tile const*, char [4], bn::tile const*>(char const*, char const*, char const*, int, char const (&) [44], bn::tile const* const&, char const (&) [4], bn::tile const* const&)
 .text._ZN3_bn6assert9show_argsIJA46_ciA4_cjEEEvPKcS5_S5_iDpRKT_
                0x0800cf64       0x64 bn_sprite_tiles_manager.o
                0x0800cf64                void _bn::assert::show_args<char [46], int, char [4], unsigned int>(char const*, char const*, char const*, int, char const (&) [46], int const&, char const (&) [4], unsigned int const&)
 .text._ZN2bn20sprite_tiles_manager12_GLOBAL__N_1L10_hw_commitEPKNS_4tileENS_16compression_typeEii
                0x0800cfc8       0x8c bn_sprite_tiles_manager.o
 .text._ZN2bn20sprite_tiles_manager17commit_compressedEv
                0x0800d054       0x5c bn_sprite_tiles_manager.o
                0x0800d054                bn::sprite_tiles_manager::commit_compressed()
 .text._ZN3_bn6assert9show_argsIJA28_cA15_cPKN2bn4tileEA16_ciA34_cNS4_11string_viewEEEEvPKcSC_SC_iDpRKT_
                0x0800d0b0       0x7c bn_sprite_tiles_manager.o
                0x0800d0b0                void _bn::assert::show_args<char [28], char [15], bn::tile const*, char [16], int, char [34], bn::string_view>(char const*, char const*, char const*, int, char const (&) [28], char const (&) [15], bn::tile const* const&, char const (&) [16], int const&, char const (&) [34], bn::string_view const&)
 .text._ZN2bn20sprite_tiles_manager4initEv
                0x0800d12c      0x188 bn_sprite_tiles_manager.o
                0x0800d12c                bn::sprite_tiles_manager::init()
 .text._ZN2bn20sprite_tiles_manager12_GLOBAL__N_1L22_insert_to_commit_itemEiRNS1_9item_typeE.part.0
                0x0800d2b4       0x64 bn_sprite_tiles_manager.o
 .text._ZN2bn20sprite_tiles_manager12_GLOBAL__N_1L17_insert_free_itemEiPt
                0x0800d318       0xcc bn_sprite_tiles_manager.o
 .text._ZN2bn20sprite_tiles_manager12_GLOBAL__N_1L16_erase_free_itemEi
                0x0800d3e4       0xe8 bn_sprite_tiles_manager.o
 .text._ZN2bn20sprite_tiles_manager12_GLOBAL__N_1L21_erase_to_commit_itemEiRNS1_9item_typeE.part.0
                0x0800d4cc       0xac bn_sprite_tiles_manager.o
 .text._ZN2bn20sprite_tiles_manager15decrease_usagesEi
                0x0800d578      0x138 bn_sprite_tiles_manager.o
                0x0800d578                bn::sprite_tiles_manager::decrease_usages(int)
 .text._ZN2bn16sprite_tiles_ptrD2Ev
                0x0800d6b0       0x18 bn_sprite_tiles_manager.o
                0x0800d6b0                bn::sprite_tiles_ptr::~sprite_tiles_ptr()
                0x0800d6b0                bn::sprite_tiles_ptr::~sprite_tiles_ptr()
 .text._ZN2bn20sprite_tiles_manager12_GLOBAL__N_1L10_find_implEPKNS_4tileENS_16compression_typeEi
                0x0800d6c8      0x288 bn_sprite_tiles_manager.o
 .text._ZN2bn20sprite_tiles_manager12_GLOBAL__N_1L21_erase_items_map_itemEPKNS_4tileE
                0x0800d950      0x1fc bn_sprite_tiles_manager.o
 .text._ZN2bn20sprite_tiles_manager12_GLOBAL__N_1L12_create_itemEiPKNS_4tileENS_16compression_typeEib
                0x0800db4c      0x1cc bn_sprite_tiles_manager.o
 .text._ZN2bn20sprite_tiles_manager6updateEv
                0x0800dd18      0x1a8 bn_sprite_tiles_manager.o
                0x0800dd18                bn::sprite_tiles_manager::update()
 .text._ZN2bn20sprite_tiles_manager12_GLOBAL__N_1L12_create_implEPKNS_4tileENS_16compression_typeEi
                0x0800dec0      0x208 bn_sprite_tiles_manager.o
 .text._ZN2bn20sprite_tiles_manager12_GLOBAL__N_1L22_insert_items_map_itemEPKNS_4tileEi
                0x0800e0c8       0xc0 bn_sprite_tiles_manager.o
 .text._ZN2bn20sprite_tiles_manager6createERKNS_4spanIKNS_4tileEEENS_16compression_typeE
                0x0800e188       0x94 bn_sprite_tiles_manager.o
                0x0800e188                bn::sprite_tiles_manager::create(bn::span<bn::tile const> const&, bn::compression_type)
 .text._ZN2bn16sprite_tiles_ptr6createERKNS_17sprite_tiles_itemE
                0x0800e21c       0x84 bn_sprite_tiles_manager.o
                0x0800e21c                bn::sprite_tiles_ptr::create(bn::sprite_tiles_item const&)
 .text._ZNK2bn17sprite_tiles_item12create_tilesEi
                0x0800e2a0       0xc0 bn_sprite_tiles_manager.o
                0x0800e2a0                bn::sprite_tiles_item::create_tiles(int) const
 .text.startup._GLOBAL__sub_I__ZN2bn12sprite_tiles16used_tiles_countEv
                0x0800e360      0x124 bn_sprite_tiles_manager.o
 .text._ZN2bn13ostringstreamC2ERNS_12istring_baseE
                0x0800e484        0x8 bn_sstream.o
                0x0800e484                bn::ostringstream::ostringstream(bn::istring_base&)
                0x0800e484                bn::ostringstream::ostringstream(bn::istring_base&)
 .text._ZN2bn13ostringstream6appendEPKc
                0x0800e48c       0xac bn_sstream.o
                0x0800e48c                bn::ostringstream::append(char const*)
 .text._ZN2bn13ostringstream6appendEi
                0x0800e538       0xb0 bn_sstream.o
                0x0800e538                bn::ostringstream::append(int)
 .text._ZN2bn13ostringstream6appendERKNS_11string_viewE
                0x0800e5e8       0xbc bn_sstream.o
                0x0800e5e8                bn::ostringstream::append(bn::string_view const&)
 .text._ZN2bn13ostringstream6appendEj
                0x0800e6a4       0xb0 bn_sstream.o
                0x0800e6a4                bn::ostringstream::append(unsigned int)
 .text._ZN2bn13ostringstream6appendEPKv
                0x0800e754       0xec bn_sstream.o
                0x0800e754                bn::ostringstream::append(void const*)
 .text._ZN2bn13ostringstream6appendEc
                0x0800e840       0x48 bn_sstream.o
                0x0800e840                bn::ostringstream::append(char)
 .text._ZN2bn18igeneric_pool_baseC2EPci
                0x0800e888       0x10 bn_translation_unit.o
                0x0800e888                bn::igeneric_pool_base::igeneric_pool_base(char*, int)
                0x0800e888                bn::igeneric_pool_base::igeneric_pool_base(char*, int)
 .text._ZN2bn18igeneric_pool_base5_freeEPc
                0x0800e898       0x10 bn_translation_unit.o
                0x0800e898                bn::igeneric_pool_base::_free(char*)
 .text._ZN2bn5timerC2Ev
                0x0800e8a8       0x24 bn_translation_unit.o
                0x0800e8a8                bn::timer::timer()
                0x0800e8a8                bn::timer::timer()
 .text._ZNK2bn5timer13elapsed_ticksEv
                0x0800e8cc       0x2c bn_translation_unit.o
                0x0800e8cc                bn::timer::elapsed_ticks() const
 .text._ZN2bn5timer7restartEv
                0x0800e8f8       0x28 bn_translation_unit.o
                0x0800e8f8                bn::timer::restart()
 .text._ZN2bn3logERKNS_12istring_baseE
                0x0800e920       0x58 bn_translation_unit.o
                0x0800e920                bn::log(bn::istring_base const&)
 .text._ZN2bn18igeneric_pool_baseD2Ev
                0x0800e978       0x30 bn_translation_unit.o
                0x0800e978                bn::igeneric_pool_base::~igeneric_pool_base()
                0x0800e978                bn::igeneric_pool_base::~igeneric_pool_base()
 .text._ZN2bn18igeneric_pool_base9_allocateEv
                0x0800e9a8       0x48 bn_translation_unit.o
                0x0800e9a8                bn::igeneric_pool_base::_allocate()
 .text._ZN2bn2hw5audio12_GLOBAL__N_111static_dataD2Ev
                0x0800e9f0       0x18 bn_hw_audio.o
 .text._ZN2bn2hw5audio12_GLOBAL__N_1L21_maxmod_event_handlerEjj
                0x0800ea08       0x38 bn_hw_audio.o
 .text._ZN2bn2hw5audio4initEv
                0x0800ea40       0x80 bn_hw_audio.o
                0x0800ea40                bn::hw::audio::init()
 .text._ZN2bn2hw5audio7disableEv
                0x0800eac0       0x18 bn_hw_audio.o
                0x0800eac0                bn::hw::audio::disable()
 .text._ZN2bn2hw5audio13update_eventsEb
                0x0800ead8       0x6c bn_hw_audio.o
                0x0800ead8                bn::hw::audio::update_events(bool)
 .text._ZN2bn2hw5audio13music_playingEv
                0x0800eb44       0x20 bn_hw_audio.o
                0x0800eb44                bn::hw::audio::music_playing()
 .text._ZN2bn2hw5audio10play_musicEib
                0x0800eb64       0x1c bn_hw_audio.o
                0x0800eb64                bn::hw::audio::play_music(int, bool)
 .text._ZN2bn2hw5audio10stop_musicEv
                0x0800eb80       0x18 bn_hw_audio.o
                0x0800eb80                bn::hw::audio::stop_music()
 .text._ZN2bn2hw5audio11pause_musicEv
                0x0800eb98       0x18 bn_hw_audio.o
                0x0800eb98                bn::hw::audio::pause_music()
 .text._ZN2bn2hw5audio12resume_musicEv
                0x0800ebb0       0x18 bn_hw_audio.o
                0x0800ebb0                bn::hw::audio::resume_music()
 .text._ZN2bn2hw5audio14jingle_playingEv
                0x0800ebc8       0x20 bn_hw_audio.o
                0x0800ebc8                bn::hw::audio::jingle_playing()
 .text._ZN2bn2hw5audio11play_jingleEi
                0x0800ebe8       0x1c bn_hw_audio.o
                0x0800ebe8                bn::hw::audio::play_jingle(int)
 .text._ZN2bn2hw5audio11stop_jingleEv
                0x0800ec04       0x18 bn_hw_audio.o
                0x0800ec04                bn::hw::audio::stop_jingle()
 .text._ZN2bn2hw5audio12pause_jingleEv
                0x0800ec1c       0x18 bn_hw_audio.o
                0x0800ec1c                bn::hw::audio::pause_jingle()
 .text._ZN2bn2hw5audio13resume_jingleEv
                0x0800ec34       0x18 bn_hw_audio.o
                0x0800ec34                bn::hw::audio::resume_jingle()
 .text._ZN3_bn6assert9show_argsIA43_cEEvPKcS4_S4_iRKT_
                0x0800ec4c       0x48 bn_hw_audio.o
                0x0800ec4c                void _bn::assert::show_args<char [43]>(char const*, char const*, char const*, int, char const (&) [43])
 .text._ZN2bn2hw5audio15set_mixing_rateENS_17audio_mixing_rateE
                0x0800ec94       0xc0 bn_hw_audio.o
                0x0800ec94                bn::hw::audio::set_mixing_rate(bn::audio_mixing_rate)
 .text._ZN2bn2hw5audio15set_sound_speedEtNS_7fixed_tILi12EEES3_
                0x0800ed54       0x74 bn_hw_audio.o
                0x0800ed54                bn::hw::audio::set_sound_speed(unsigned short, bn::fixed_t<12>, bn::fixed_t<12>)
 .text._ZN2bn2hw5audio12_GLOBAL__N_1L19_add_sound_to_queueEit
                0x0800edc8       0x98 bn_hw_audio.o
 .text._ZN2bn2hw5audio12_GLOBAL__N_1L19_check_sounds_queueEi
                0x0800ee60       0xb0 bn_hw_audio.o
 .text._ZN2bn2hw5audio10play_soundEii
                0x0800ef10       0x44 bn_hw_audio.o
                0x0800ef10                bn::hw::audio::play_sound(int, int)
 .text._ZN2bn2hw5audio10play_soundEiiNS_7fixed_tILi12EEES3_S3_
                0x0800ef54       0xb8 bn_hw_audio.o
                0x0800ef54                bn::hw::audio::play_sound(int, int, bn::fixed_t<12>, bn::fixed_t<12>, bn::fixed_t<12>)
 .text._ZN2bn2hw5audio15stop_all_soundsEv
                0x0800f00c       0x60 bn_hw_audio.o
                0x0800f00c                bn::hw::audio::stop_all_sounds()
 .text._ZN2bn2hw5audio19update_sounds_queueEv
                0x0800f06c       0x94 bn_hw_audio.o
                0x0800f06c                bn::hw::audio::update_sounds_queue()
 .text._ZN2bn2hw5audio12_GLOBAL__N_1L23_erase_sound_from_queueEt
                0x0800f100       0x98 bn_hw_audio.o
 .text._ZN2bn2hw5audio10stop_soundEt
                0x0800f198       0x20 bn_hw_audio.o
                0x0800f198                bn::hw::audio::stop_sound(unsigned short)
 .text._ZN2bn2hw5audio13release_soundEt
                0x0800f1b8       0x20 bn_hw_audio.o
                0x0800f1b8                bn::hw::audio::release_sound(unsigned short)
 .text.startup._GLOBAL__sub_I__ZN2bn2hw5audio4initEv
                0x0800f1d8       0x40 bn_hw_audio.o
 .text.__libc_init_array
                0x0800f218       0x50 bn_hw_common.bn_noflto.o
                0x0800f218                __libc_init_array
 .text.__aeabi_atexit
                0x0800f268        0x4 bn_hw_common.bn_noflto.o
                0x0800f268                __aeabi_atexit
 .text._ZN3_bn6assert9show_argsIA40_cEEvPKcS4_S4_iRKT_
                0x0800f26c       0x48 bn_hw_common.bn_noflto.o
                0x0800f26c                void _bn::assert::show_args<char [40]>(char const*, char const*, char const*, int, char const (&) [40])
 .text.__aeabi_idiv0
                0x0800f2b4       0x24 bn_hw_common.bn_noflto.o
                0x0800f2b4                __aeabi_idiv0
 .text.free     0x0800f2d8        0xc bn_hw_cstdlib.o
                0x0800f2d8                free
 .text._ZN2bn2hw9dmg_audio4initEv
                0x0800f2e4       0x18 bn_hw_dmg_audio.o
                0x0800f2e4                bn::hw::dmg_audio::init()
 .text._ZN2bn2hw9dmg_audio7disableEv
                0x0800f2fc       0x18 bn_hw_dmg_audio.o
                0x0800f2fc                bn::hw::dmg_audio::disable()
 .text._ZN2bn2hw9dmg_audio13music_playingEv
                0x0800f314       0x28 bn_hw_dmg_audio.o
                0x0800f314                bn::hw::dmg_audio::music_playing()
 .text._ZN2bn2hw9dmg_audio10stop_musicEv
                0x0800f33c       0x24 bn_hw_dmg_audio.o
                0x0800f33c                bn::hw::dmg_audio::stop_music()
 .text._ZN2bn2hw9dmg_audio11pause_musicEv
                0x0800f360       0x24 bn_hw_dmg_audio.o
                0x0800f360                bn::hw::dmg_audio::pause_music()
 .text._ZN2bn2hw9dmg_audio12resume_musicEv
                0x0800f384       0x24 bn_hw_dmg_audio.o
                0x0800f384                bn::hw::dmg_audio::resume_music()
 .text._ZN2bn2hw9dmg_audio14music_positionERiS2_
                0x0800f3a8       0x2c bn_hw_dmg_audio.o
                0x0800f3a8                bn::hw::dmg_audio::music_position(int&, int&)
 .text._ZN2bn2hw9dmg_audio6commitEv
                0x0800f3d4       0x34 bn_hw_dmg_audio.o
                0x0800f3d4                bn::hw::dmg_audio::commit()
 .text._ZN3_bn6assert9show_argsIA47_ciEEvPKcS4_S4_iRKT_RKT0_
                0x0800f408       0x54 bn_hw_dmg_audio.o
                0x0800f408                void _bn::assert::show_args<char [47], int>(char const*, char const*, char const*, int, char const (&) [47], int const&)
 .text._ZN2bn2hw9dmg_audio10play_musicEPKvNS_14dmg_music_typeEib
                0x0800f45c       0x84 bn_hw_dmg_audio.o
                0x0800f45c                bn::hw::dmg_audio::play_music(void const*, bn::dmg_music_type, int, bool)
 .text._ZN2bn2hw9dmg_audio18set_music_positionEii
                0x0800f4e0       0x4c bn_hw_dmg_audio.o
                0x0800f4e0                bn::hw::dmg_audio::set_music_position(int, int)
 .text._ZN2bn2hw9dmg_audio16set_music_volumeENS_7fixed_tILi12EEES3_
                0x0800f52c       0x50 bn_hw_dmg_audio.o
                0x0800f52c                bn::hw::dmg_audio::set_music_volume(bn::fixed_t<12>, bn::fixed_t<12>)
 .text._ZN3_bn6assert9show_argsIA20_cjEEvPKcS4_S4_iRKT_RKT0_
                0x0800f57c       0x54 bn_hw_dmg_audio.o
                0x0800f57c                void _bn::assert::show_args<char [20], unsigned int>(char const*, char const*, char const*, int, char const (&) [20], unsigned int const&)
 .text._ZN2bn2hw9dmg_audio19check_commit_resultEv
                0x0800f5d0       0x38 bn_hw_dmg_audio.o
                0x0800f5d0                bn::hw::dmg_audio::check_commit_result()
 .text._ZN2bn2hw4gpio4initEv
                0x0800f608        0x8 bn_hw_gpio.bn_noflto.o
                0x0800f608                bn::hw::gpio::init()
 .text._ZN2bn2hw4link12_GLOBAL__N_1L19_resetStateCallbackEv
                0x0800f610       0x4c bn_hw_link.o
 .text._ZN2bn2hw4link4initEv
                0x0800f65c      0x100 bn_hw_link.o
                0x0800f65c                bn::hw::link::init()
 .text._ZN2bn2hw4link6activeEv
                0x0800f75c       0x10 bn_hw_link.o
                0x0800f75c                bn::hw::link::active()
 .text._ZN2bn2hw4link7disableEv
                0x0800f76c       0x6c bn_hw_link.o
                0x0800f76c                bn::hw::link::disable()
 .text._ZN2bn2hw4link6commitEv
                0x0800f7d8       0x28 bn_hw_link.o
                0x0800f7d8                bn::hw::link::commit()
 .text._ZN2bn2hw4link11_timer_intrEv
                0x0800f800       0xf8 bn_hw_link.o
                0x0800f800                bn::hw::link::_timer_intr()
 .text._ZN2bn2hw4link12_serial_intrEv
                0x0800f8f8      0x1d4 bn_hw_link.o
                0x0800f8f8                bn::hw::link::_serial_intr()
 .text._ZN2bn2hw4link12_GLOBAL__N_1L17_sendDataCallbackEv
                0x0800facc       0xd8 bn_hw_link.o
 .text._ZN2bn2hw4link12_GLOBAL__N_1L24_receiveResponseCallbackERKNS_2lc12LinkResponseE
                0x0800fba4      0x148 bn_hw_link.o
 .text.startup._GLOBAL__sub_I__ZN2bn2hw4link4initEv
                0x0800fcec       0x6c bn_hw_link.o
 .text._ZN2bn2hw8palettes8contrastEPKNS_5colorEiiPS2_
                0x0800fd58       0x18 bn_hw_palettes.o
                0x0800fd58                bn::hw::palettes::contrast(bn::color const*, int, int, bn::color*)
 .text._ZN2bn2hw8palettes9intensityEPKNS_5colorEiiPS2_
                0x0800fd70       0x18 bn_hw_palettes.o
                0x0800fd70                bn::hw::palettes::intensity(bn::color const*, int, int, bn::color*)
 .text._ZN2bn2hw8palettes9hue_shiftEPKNS_5colorEiiPS2_
                0x0800fd88      0x14c bn_hw_palettes.o
                0x0800fd88                bn::hw::palettes::hue_shift(bn::color const*, int, int, bn::color*)
 .text._ZN2bn2hw8palettes6rotateEPKNS_5colorEiiPS2_
                0x0800fed4       0x30 bn_hw_palettes.o
                0x0800fed4                bn::hw::palettes::rotate(bn::color const*, int, int, bn::color*)
 .text._ZN2bn7istring6appendEPKci.isra.0
                0x0800ff04       0xb4 bn_hw_show.o
 .text._ZN2bn2hw4show5errorERKNS_11system_fontERKNS_11string_viewES7_S7_iS7_S7_
                0x0800ffb8      0x284 bn_hw_show.o
                0x0800ffb8                bn::hw::show::error(bn::system_font const&, bn::string_view const&, bn::string_view const&, bn::string_view const&, int, bn::string_view const&, bn::string_view const&)
 .text._ZN2bn2hw4sram4initEv
                0x0801023c       0x18 bn_hw_sram.bn_noflto.o
                0x0801023c                bn::hw::sram::init()
 .text._ZN2bn11system_fontC2Ev
                0x08010254       0x18 bn_hw_system_font.o
                0x08010254                bn::system_font::system_font()
                0x08010254                bn::system_font::system_font()
 .text._ZNK2bn11system_font8tte_fontEv
                0x0801026c        0x4 bn_hw_system_font.o
                0x0801026c                bn::system_font::tte_font() const
 .text._ZN2bn2hw4text5parseEjRNS_5arrayIcLi32EEE
                0x08010270       0xa0 bn_hw_text.o
                0x08010270                bn::hw::text::parse(unsigned int, bn::array<char, 32>&)
 .text._ZN2bn2hw4text5parseEPKvRNS_5arrayIcLi32EEE
                0x08010310       0x30 bn_hw_text.o
                0x08010310                bn::hw::text::parse(void const*, bn::array<char, 32>&)
 .text._ZN2bn2hw4text5parseEiRNS_5arrayIcLi32EEE
                0x08010340       0xbc bn_hw_text.o
                0x08010340                bn::hw::text::parse(int, bn::array<char, 32>&)
 .text._Z7VgmStopv
                0x080103fc       0xc0 vgm.o
                0x080103fc                VgmStop()
 .text._Z7VgmPlayPKhb
                0x080104bc       0x28 vgm.o
                0x080104bc                VgmPlay(unsigned char const*, bool)
 .text._Z13VgmIntrVblankv
                0x080104e4       0x84 vgm.o
                0x080104e4                VgmIntrVblank()
 .text._Z9VgmActivev
                0x08010568       0x10 vgm.o
                0x08010568                VgmActive()
 .text._Z16VgmGetOffsetPlayv
                0x08010578        0xc vgm.o
                0x08010578                VgmGetOffsetPlay()
 .text._Z16VgmSetOffsetPlayj
                0x08010584       0x10 vgm.o
                0x08010584                VgmSetOffsetPlay(unsigned int)
 .text._Z8VgmPausev
                0x08010594       0x20 vgm.o
                0x08010594                VgmPause()
 .text._Z9VgmResumev
                0x080105b4       0x18 vgm.o
                0x080105b4                VgmResume()
 .text.clr_grayscale
                0x080105cc       0x7c tonc_color.o
                0x080105cc                clr_grayscale
 .text.sbmp16_rect
                0x08010648       0x6c tonc_sbmp16.o
                0x08010648                sbmp16_rect
 .text.bmp16_drawg_b1cts
                0x080106b4       0xb8 bmp16_drawg_b1cs.o
                0x080106b4                bmp16_drawg_b1cts
 .text.bmp16_erase
                0x0801076c       0x24 tte_init_bmp.o
                0x0801076c                bmp16_erase
 .text.tte_init_bmp
                0x08010790       0x60 tte_init_bmp.o
                0x08010790                tte_init_bmp
 .text.dummy_drawg
                0x080107f0        0x4 tte_main.o
                0x080107f0                dummy_drawg
 .text.dummy_erase
                0x080107f4        0x4 tte_main.o
                0x080107f4                dummy_erase
 .text.tte_init_base
                0x080107f8       0x68 tte_main.o
                0x080107f8                tte_init_base
 .text.utf8_decode_char
                0x08010860       0xb8 tte_main.o
                0x08010860                utf8_decode_char
 .text.tte_write
                0x08010918       0xd4 tte_main.o
                0x08010918                tte_write
 .text.tte_get_text_size
                0x080109ec       0xa0 tte_main.o
                0x080109ec                tte_get_text_size
 .text.tte_set_margins
                0x08010a8c       0x14 tte_main.o
                0x08010a8c                tte_set_margins
 .text.IRQ_Init
                0x08010aa0       0x48 interrupts_gba.o
                0x08010aa0                IRQ_Init
 .text.IRQ_SetHandler
                0x08010ae8        0xc interrupts_gba.o
                0x08010ae8                IRQ_SetHandler
 .text.IRQ_Enable
                0x08010af4       0x64 interrupts_gba.o
                0x08010af4                IRQ_Enable
 .text.IRQ_Disable
                0x08010b58       0x60 interrupts_gba.o
                0x08010b58                IRQ_Disable
 .text.mmResetEffects
                0x08010bb8       0x1c effect.o
                0x08010bb8                mmResetEffects
 .text.mmEffectEx
                0x08010bd4      0x118 effect.o
                0x08010bd4                mmEffectEx
 .text.mmEffect
                0x08010cec       0x24 effect.o
                0x08010cec                mmEffect
 .text.mmSetEffectsVolume
                0x08010d10       0x14 effect.o
                0x08010d10                mmSetEffectsVolume
 .text.mmEffectPanning
                0x08010d24       0x34 effect.o
                0x08010d24                mmEffectPanning
 .text.mmEffectActive
                0x08010d58       0x2c effect.o
                0x08010d58                mmEffectActive
 .text.mmEffectScaleRate
                0x08010d84       0x34 effect.o
                0x08010d84                mmEffectScaleRate
 .text.mmEffectCancel
                0x08010db8       0x68 effect.o
                0x08010db8                mmEffectCancel
 .text.mmEffectRelease
                0x08010e20       0x5c effect.o
                0x08010e20                mmEffectRelease
 .text.mmEffectCancelAll
                0x08010e7c       0x64 effect.o
                0x08010e7c                mmEffectCancelAll
 .text.mmUpdateEffects
                0x08010ee0       0x90 effect.o
                0x08010ee0                mmUpdateEffects
 .text.mmUpdateChannel_TN
                0x08010f70       0xbc mas_arm.o
                0x08010f70                mmUpdateChannel_TN
 .text.mpph_ProcessEnvelope
                0x0801102c       0x90 mas.o
 .text.mpp_resetchannels
                0x080110bc       0x80 mas.o
 .text.mpph_VolumeSlide.isra.0
                0x0801113c       0x90 mas.o
 .text.mpph_PitchSlide_Up.isra.0
                0x080111cc       0x3c mas.o
 .text.mpp_setposition
                0x08011208       0xb4 mas.o
 .text.mppe_DoVibrato
                0x080112bc       0x90 mas.o
 .text.mpph_FastForward
                0x0801134c       0x80 mas.o
 .text.mppe_glis_backdoor
                0x080113cc       0xb4 mas.o
 .text.mmSetEventHandler
                0x08011480        0xc mas.o
                0x08011480                mmSetEventHandler
 .text.mmPause  0x0801148c       0x4c mas.o
                0x0801148c                mmPause
 .text.mmResume
                0x080114d8       0x14 mas.o
                0x080114d8                mmResume
 .text.mmJinglePause
                0x080114ec       0x54 mas.o
                0x080114ec                mmJinglePause
 .text.mmJingleResume
                0x08011540       0x14 mas.o
                0x08011540                mmJingleResume
 .text.mmActive
                0x08011554        0xc mas.o
                0x08011554                mmActive
 .text.mmJingleActive
                0x08011560        0xc mas.o
                0x08011560                mmJingleActive
 .text.mmSetModuleVolume
                0x0801156c       0x14 mas.o
                0x0801156c                mmSetModuleVolume
 .text.mmSetJingleVolume
                0x08011580       0x14 mas.o
                0x08011580                mmSetJingleVolume
 .text.mmStop   0x08011594       0x34 mas.o
                0x08011594                mmStop
 .text.mmJingleStop
                0x080115c8       0x2c mas.o
                0x080115c8                mmJingleStop
 .text.mmGetPosition
                0x080115f4        0xc mas.o
                0x080115f4                mmGetPosition
 .text.mmSetModuleTempo
                0x08011600       0x54 mas.o
                0x08011600                mmSetModuleTempo
 .text.mmPlayModule
                0x08011654       0xfc mas.o
                0x08011654                mmPlayModule
 .text.mmJingleStart
                0x08011750       0x34 mas.o
                0x08011750                mmJingleStart
 .text.mmStart  0x08011784       0x34 mas.o
                0x08011784                mmStart
 .text.mmSetModulePitch
                0x080117b8       0x20 mas.o
                0x080117b8                mmSetModulePitch
 .text.mpp_Process_VolumeCommand
                0x080117d8      0x378 mas.o
                0x080117d8                mpp_Process_VolumeCommand
 .text.mmSetPositionEx
                0x08011b50       0x24 mas.o
                0x08011b50                mmSetPositionEx
 .text.mpp_Process_Effect
                0x08011b74      0x75c mas.o
                0x08011b74                mpp_Process_Effect
 .text.mpp_Update_ACHN_notest
                0x080122d0      0x494 mas.o
                0x080122d0                mpp_Update_ACHN_notest
 .text.mppUpdateSub
                0x08012764       0x64 mas.o
                0x08012764                mppUpdateSub
 .text.mmInit   0x080127c8       0xa8 main_gba.o
                0x080127c8                mmInit
 .text.mmEnd    0x08012870       0x2c main_gba.o
                0x08012870                mmEnd
 .text.mmFrame  0x0801289c       0xa4 main_gba.o
                0x0801289c                mmFrame
 .text.mmGetModuleCount
                0x08012940        0xc main_gba.o
                0x08012940                mmGetModuleCount
 .text.mmGetSampleCount
                0x0801294c        0xc main_gba.o
                0x0801294c                mmGetSampleCount
 .text.mmMixerSetPan
                0x08012958       0x10 mixer.o
                0x08012958                mmMixerSetPan
 .text.mmMixerMulFreq
                0x08012968       0x18 mixer.o
                0x08012968                mmMixerMulFreq
 .text.mmMixerStopChannel
                0x08012980       0x14 mixer.o
                0x08012980                mmMixerStopChannel
 .text.mmMixerInit
                0x08012994      0x130 mixer.o
                0x08012994                mmMixerInit
 .text.mmMixerEnd
                0x08012ac4       0x30 mixer.o
                0x08012ac4                mmMixerEnd
 .text.channel3_refresh_registers
                0x08012af4       0xc8 gbt_player.o
 .text.gbt_refresh_pattern_ptr
                0x08012bbc       0x80 gbt_player.o
 .text.gbt_ch1234_nop